[pid 78445] <... epoll_wait resumed>[{events=EPOLLIN, data={u32=28, u64=28}}, {events=EPOLLIN, data={u32=32, u64=32}}, {events=EPOLLIN, data={u32=24, u64=24}}, {events=EPOLLIN, data={u32=36, u64=36}}], 32, -1) = 4
[pid 78448] sendmsg(35, {msg_name=NULL, msg_namelen=0, msg_iov=[{iov_base="VALUE \20\360\26\20\20\20\20\20XQyadveJqVQxclj-X3"..., iov_len=79}, {iov_base="XQyadveJqVQxclj-X3.j8QHWXsY.duE8"..., iov_len=1026}, {iov_base="END\r\n", iov_len=5}], msg_iovlen=3, msg_controllen=0, msg_flags=0}, 0 <unfinished ...>
[pid 78447] sendmsg(26, {msg_name=NULL, msg_namelen=0, msg_iov=[{iov_base="VALUE \21P\21\20\20\20\20\20JfCcKHQj6NxDU0iSUJ"..., iov_len=79}, {iov_base="JfCcKHQj6NxDU0iSUJa8c-uJgZUf0aCJ"..., iov_len=1026}, {iov_base="END\r\n", iov_len=5}], msg_iovlen=3, msg_controllen=0, msg_flags=0}, 0 <unfinished ...>
[pid 78446] <... read resumed>"get \0200\30\20\20\20\20\20XQyadveJqVQxclj-X3.j"..., 16384) = 70
[pid 78445] read(28,  <unfinished ...>
[pid 78448] <... sendmsg resumed>)      = 1110
[pid 78447] <... sendmsg resumed>)      = 1110
[pid 78446] sendmsg(37, {msg_name=NULL, msg_namelen=0, msg_iov=[{iov_base="VALUE \0200\30\20\20\20\20\20XQyadveJqVQxclj-X3"..., iov_len=79}, {iov_base="XQyadveJqVQxclj-X3.j8QHWXsY.duE8"..., iov_len=1026}, {iov_base="END\r\n", iov_len=5}], msg_iovlen=3, msg_controllen=0, msg_flags=0}, 0 <unfinished ...>
[pid 78448] read(39,  <unfinished ...>
[pid 78447] read(30,  <unfinished ...>
[pid 78446] <... sendmsg resumed>)      = 1110
[pid 78445] <... read resumed>"get \20\220\22\20\20\20\20\20XQyadveJqVQxclj-X3.j"..., 16384) = 70
[pid 78448] <... read resumed>"get \20p\31\20\20\20\20\20XQyadveJqVQxclj-X3.j"..., 16384) = 70
[pid 78447] <... read resumed>"set \21\320\23\20\20\20\20\20JfCcKHQj6NxDU0iSUJa8"..., 16384) = 1105
[pid 78446] epoll_wait(11,  <unfinished ...>
[pid 78448] sendmsg(39, {msg_name=NULL, msg_namelen=0, msg_iov=[{iov_base="VALUE \20p\31\20\20\20\20\20XQyadveJqVQxclj-X3"..., iov_len=79}, {iov_base="XQyadveJqVQxclj-X3.j8QHWXsY.duE8"..., iov_len=1026}, {iov_base="END\r\n", iov_len=5}], msg_iovlen=3, msg_controllen=0, msg_flags=0}, 0 <unfinished ...>
[pid 78446] <... epoll_wait resumed>[{events=EPOLLIN, data={u32=25, u64=25}}, {events=EPOLLIN, data={u32=29, u64=29}}, {events=EPOLLIN, data={u32=33, u64=33}}, {events=EPOLLIN, data={u32=37, u64=37}}], 32, -1) = 4
[pid 78447] sendmsg(30, {msg_name=NULL, msg_namelen=0, msg_iov=[{iov_base="STORED\r\n", iov_len=8}], msg_iovlen=1, msg_controllen=0, msg_flags=0}, 0 <unfinished ...>
[pid 78445] sendmsg(28, {msg_name=NULL, msg_namelen=0, msg_iov=[{iov_base="VALUE \20\220\22\20\20\20\20\20XQyadveJqVQxclj-X3"..., iov_len=79}, {iov_base="XQyadveJqVQxclj-X3.j8QHWXsY.duE8"..., iov_len=1026}, {iov_base="END\r\n", iov_len=5}], msg_iovlen=3, msg_controllen=0, msg_flags=0}, 0 <unfinished ...>
[pid 78448] <... sendmsg resumed>)      = 1110
[pid 78447] <... sendmsg resumed>)      = 8
[pid 78446] read(25,  <unfinished ...>
[pid 78448] epoll_wait(19,  <unfinished ...>
[pid 78447] read(34,  <unfinished ...>
[pid 78446] <... read resumed>"get \20\260\20\20\20\20\20\20XQyadveJqVQxclj-X3.j"..., 16384) = 70
[pid 78445] <... sendmsg resumed>)      = 1110
[pid 78448] <... epoll_wait resumed>[{events=EPOLLIN, data={u32=27, u64=27}}, {events=EPOLLIN, data={u32=31, u64=31}}, {events=EPOLLIN, data={u32=35, u64=35}}, {events=EPOLLIN, data={u32=39, u64=39}}], 32, -1) = 4
[pid 78447] <... read resumed>"get \20P\26\20\20\20\20\20XQyadveJqVQxclj-X3.j"..., 16384) = 70
[pid 78446] sendmsg(25, {msg_name=NULL, msg_namelen=0, msg_iov=[{iov_base="VALUE \20\260\20\20\20\20\20\20XQyadveJqVQxclj-X3"..., iov_len=79}, {iov_base="XQyadveJqVQxclj-X3.j8QHWXsY.duE8"..., iov_len=1026}, {iov_base="END\r\n", iov_len=5}], msg_iovlen=3, msg_controllen=0, msg_flags=0}, 0 <unfinished ...>
[pid 78448] read(27,  <unfinished ...>
[pid 78447] sendmsg(34, {msg_name=NULL, msg_namelen=0, msg_iov=[{iov_base="VALUE \20P\26\20\20\20\20\20XQyadveJqVQxclj-X3"..., iov_len=79}, {iov_base="XQyadveJqVQxclj-X3.j8QHWXsY.duE8"..., iov_len=1026}, {iov_base="END\r\n", iov_len=5}], msg_iovlen=3, msg_controllen=0, msg_flags=0}, 0 <unfinished ...>
[pid 78446] <... sendmsg resumed>)      = 1110
[pid 78445] read(32,  <unfinished ...>
[pid 78448] <... read resumed>"get \21\360\21\20\20\20\20\20JfCcKHQj6NxDU0iSUJa8"..., 16384) = 70
[pid 78447] <... sendmsg resumed>)      = 1110
[pid 78446] read(29,  <unfinished ...>
[pid 78448] sendmsg(27, {msg_name=NULL, msg_namelen=0, msg_iov=[{iov_base="VALUE \21\360\21\20\20\20\20\20JfCcKHQj6NxDU0iSUJ"..., iov_len=79}, {iov_base="JfCcKHQj6NxDU0iSUJa8c-uJgZUf0aCJ"..., iov_len=1026}, {iov_base="END\r\n", iov_len=5}], msg_iovlen=3, msg_controllen=0, msg_flags=0}, 0 <unfinished ...>
[pid 78447] read(38,  <unfinished ...>
[pid 78446] <... read resumed>"get \0200\23\20\20\20\20\20XQyadveJqVQxclj-X3.j"..., 16384) = 70
[pid 78445] <... read resumed>"get \20\20\25\20\20\20\20\20XQyadveJqVQxclj-X3.j"..., 16384) = 70
[pid 78448] <... sendmsg resumed>)      = 1110
[pid 78447] <... read resumed>"get \20\320\30\20\20\20\20\20XQyadveJqVQxclj-X3.j"..., 16384) = 70
[pid 78446] sendmsg(29, {msg_name=NULL, msg_namelen=0, msg_iov=[{iov_base="VALUE \0200\23\20\20\20\20\20XQyadveJqVQxclj-X3"..., iov_len=79}, {iov_base="XQyadveJqVQxclj-X3.j8QHWXsY.duE8"..., iov_len=1026}, {iov_base="END\r\n", iov_len=5}], msg_iovlen=3, msg_controllen=0, msg_flags=0}, 0 <unfinished ...>
[pid 78448] read(31,  <unfinished ...>
[pid 78447] sendmsg(38, {msg_name=NULL, msg_namelen=0, msg_iov=[{iov_base="VALUE \20\320\30\20\20\20\20\20XQyadveJqVQxclj-X3"..., iov_len=79}, {iov_base="XQyadveJqVQxclj-X3.j8QHWXsY.duE8"..., iov_len=1026}, {iov_base="END\r\n", iov_len=5}], msg_iovlen=3, msg_controllen=0, msg_flags=0}, 0 <unfinished ...>
[pid 78446] <... sendmsg resumed>)      = 1110
[pid 78445] sendmsg(32, {msg_name=NULL, msg_namelen=0, msg_iov=[{iov_base="VALUE \20\20\25\20\20\20\20\20XQyadveJqVQxclj-X3"..., iov_len=79}, {iov_base="XQyadveJqVQxclj-X3.j8QHWXsY.duE8"..., iov_len=1026}, {iov_base="END\r\n", iov_len=5}], msg_iovlen=3, msg_controllen=0, msg_flags=0}, 0 <unfinished ...>
[pid 78448] <... read resumed>"get \20p\24\20\20\20\20\20XQyadveJqVQxclj-X3.j"..., 16384) = 70
[pid 78447] <... sendmsg resumed>)      = 1110
[pid 78446] read(33,  <unfinished ...>
[pid 78448] sendmsg(31, {msg_name=NULL, msg_namelen=0, msg_iov=[{iov_base="VALUE \20p\24\20\20\20\20\20XQyadveJqVQxclj-X3"..., iov_len=79}, {iov_base="XQyadveJqVQxclj-X3.j8QHWXsY.duE8"..., iov_len=1026}, {iov_base="END\r\n", iov_len=5}], msg_iovlen=3, msg_controllen=0, msg_flags=0}, 0 <unfinished ...>
[pid 78446] <... read resumed>"get \20\260\25\20\20\20\20\20XQyadveJqVQxclj-X3.j"..., 16384) = 70
[pid 78445] <... sendmsg resumed>)      = 1110
[pid 78448] <... sendmsg resumed>)      = 1110
[pid 78447] epoll_wait(15,  <unfinished ...>
[pid 78446] sendmsg(33, {msg_name=NULL, msg_namelen=0, msg_iov=[{iov_base="VALUE \20\260\25\20\20\20\20\20XQyadveJqVQxclj-X3"..., iov_len=79}, {iov_base="XQyadveJqVQxclj-X3.j8QHWXsY.duE8"..., iov_len=1026}, {iov_base="END\r\n", iov_len=5}], msg_iovlen=3, msg_controllen=0, msg_flags=0}, 0 <unfinished ...>
[pid 78445] read(24,  <unfinished ...>
[pid 78448] read(35,  <unfinished ...>
[pid 78447] <... epoll_wait resumed>[{events=EPOLLIN, data={u32=26, u64=26}}, {events=EPOLLIN, data={u32=30, u64=30}}, {events=EPOLLIN, data={u32=34, u64=34}}, {events=EPOLLIN, data={u32=38, u64=38}}], 32, -1) = 4
[pid 78446] <... sendmsg resumed>)      = 1110
[pid 78448] <... read resumed>"get \20\360\26\20\20\20\20\20XQyadveJqVQxclj-X3.j"..., 16384) = 70
[pid 78447] read(26,  <unfinished ...>
[pid 78446] read(37,  <unfinished ...>
[pid 78445] <... read resumed>"get \20\20\20\20\20\20\20\20XQyadveJqVQxclj-X3.j"..., 16384) = 70
[pid 78448] sendmsg(35, {msg_name=NULL, msg_namelen=0, msg_iov=[{iov_base="VALUE \20\360\26\20\20\20\20\20XQyadveJqVQxclj-X3"..., iov_len=79}, {iov_base="XQyadveJqVQxclj-X3.j8QHWXsY.duE8"..., iov_len=1026}, {iov_base="END\r\n", iov_len=5}], msg_iovlen=3, msg_controllen=0, msg_flags=0}, 0 <unfinished ...>
[pid 78447] <... read resumed>"get \21P\21\20\20\20\20\20JfCcKHQj6NxDU0iSUJa8"..., 16384) = 70
[pid 78446] <... read resumed>"get \0200\30\20\20\20\20\20XQyadveJqVQxclj-X3.j"..., 16384) = 70
[pid 78445] sendmsg(24, {msg_name=NULL, msg_namelen=0, msg_iov=[{iov_base="VALUE \20\20\20\20\20\20\20\20XQyadveJqVQxclj-X3"..., iov_len=79}, {iov_base="XQyadveJqVQxclj-X3.j8QHWXsY.duE8"..., iov_len=1026}, {iov_base="END\r\n", iov_len=5}], msg_iovlen=3, msg_controllen=0, msg_flags=0}, 0 <unfinished ...>
[pid 78448] <... sendmsg resumed>)      = 1110
[pid 78447] sendmsg(26, {msg_name=NULL, msg_namelen=0, msg_iov=[{iov_base="VALUE \21P\21\20\20\20\20\20JfCcKHQj6NxDU0iSUJ"..., iov_len=79}, {iov_base="JfCcKHQj6NxDU0iSUJa8c-uJgZUf0aCJ"..., iov_len=1026}, {iov_base="END\r\n", iov_len=5}], msg_iovlen=3, msg_controllen=0, msg_flags=0}, 0 <unfinished ...>
[pid 78446] sendmsg(37, {msg_name=NULL, msg_namelen=0, msg_iov=[{iov_base="VALUE \0200\30\20\20\20\20\20XQyadveJqVQxclj-X3"..., iov_len=79}, {iov_base="XQyadveJqVQxclj-X3.j8QHWXsY.duE8"..., iov_len=1026}, {iov_base="END\r\n", iov_len=5}], msg_iovlen=3, msg_controllen=0, msg_flags=0}, 0 <unfinished ...>
[pid 78448] read(39,  <unfinished ...>
[pid 78447] <... sendmsg resumed>)      = 1110
[pid 78446] <... sendmsg resumed>)      = 1110
[pid 78445] <... sendmsg resumed>)      = 1110
[pid 78448] <... read resumed>"get \20p\31\20\20\20\20\20XQyadveJqVQxclj-X3.j"..., 16384) = 70
[pid 78447] read(30,  <unfinished ...>
[pid 78446] epoll_wait(11,  <unfinished ...>
[pid 78445] read(36,  <unfinished ...>
[pid 78448] sendmsg(39, {msg_name=NULL, msg_namelen=0, msg_iov=[{iov_base="VALUE \20p\31\20\20\20\20\20XQyadveJqVQxclj-X3"..., iov_len=79}, {iov_base="XQyadveJqVQxclj-X3.j8QHWXsY.duE8"..., iov_len=1026}, {iov_base="END\r\n", iov_len=5}], msg_iovlen=3, msg_controllen=0, msg_flags=0}, 0 <unfinished ...>
[pid 78447] <... read resumed>"get \21\320\23\20\20\20\20\20JfCcKHQj6NxDU0iSUJa8"..., 16384) = 70
[pid 78446] <... epoll_wait resumed>[{events=EPOLLIN, data={u32=25, u64=25}}, {events=EPOLLIN, data={u32=29, u64=29}}, {events=EPOLLIN, data={u32=33, u64=33}}, {events=EPOLLIN, data={u32=37, u64=37}}], 32, -1) = 4
[pid 78445] <... read resumed>"get \20\220\27\20\20\20\20\20XQyadveJqVQxclj-X3.j"..., 16384) = 70
[pid 78448] <... sendmsg resumed>)      = 1110
[pid 78447] sendmsg(30, {msg_name=NULL, msg_namelen=0, msg_iov=[{iov_base="VALUE \21\320\23\20\20\20\20\20JfCcKHQj6NxDU0iSUJ"..., iov_len=79}, {iov_base="JfCcKHQj6NxDU0iSUJa8c-uJgZUf0aCJ"..., iov_len=1026}, {iov_base="END\r\n", iov_len=5}], msg_iovlen=3, msg_controllen=0, msg_flags=0}, 0 <unfinished ...>
[pid 78446] read(25,  <unfinished ...>
[pid 78445] sendmsg(36, {msg_name=NULL, msg_namelen=0, msg_iov=[{iov_base="VALUE \20\220\27\20\20\20\20\20XQyadveJqVQxclj-X3"..., iov_len=79}, {iov_base="XQyadveJqVQxclj-X3.j8QHWXsY.duE8"..., iov_len=1026}, {iov_base="END\r\n", iov_len=5}], msg_iovlen=3, msg_controllen=0, msg_flags=0}, 0 <unfinished ...>
[pid 78448] epoll_wait(19,  <unfinished ...>
[pid 78447] <... sendmsg resumed>)      = 1110
[pid 78446] <... read resumed>"get \20\260\20\20\20\20\20\20XQyadveJqVQxclj-X3.j"..., 16384) = 70
[pid 78445] <... sendmsg resumed>)      = 1110
[pid 78448] <... epoll_wait resumed>[{events=EPOLLIN, data={u32=27, u64=27}}, {events=EPOLLIN, data={u32=31, u64=31}}, {events=EPOLLIN, data={u32=35, u64=35}}, {events=EPOLLIN, data={u32=39, u64=39}}], 32, -1) = 4
[pid 78447] read(34,  <unfinished ...>
[pid 78446] sendmsg(25, {msg_name=NULL, msg_namelen=0, msg_iov=[{iov_base="VALUE \20\260\20\20\20\20\20\20XQyadveJqVQxclj-X3"..., iov_len=79}, {iov_base="XQyadveJqVQxclj-X3.j8QHWXsY.duE8"..., iov_len=1026}, {iov_base="END\r\n", iov_len=5}], msg_iovlen=3, msg_controllen=0, msg_flags=0}, 0 <unfinished ...>
[pid 78445] epoll_wait(7,  <unfinished ...>
[pid 78448] read(27,  <unfinished ...>
[pid 78447] <... read resumed>"get \20P\26\20\20\20\20\20XQyadveJqVQxclj-X3.j"..., 16384) = 70
[pid 78446] <... sendmsg resumed>)      = 1110
[pid 78445] <... epoll_wait resumed>[{events=EPOLLIN, data={u32=28, u64=28}}, {events=EPOLLIN, data={u32=32, u64=32}}, {events=EPOLLIN, data={u32=24, u64=24}}, {events=EPOLLIN, data={u32=36, u64=36}}], 32, -1) = 4
[pid 78448] <... read resumed>"get \21\360\21\20\20\20\20\20JfCcKHQj6NxDU0iSUJa8"..., 16384) = 70
[pid 78447] sendmsg(34, {msg_name=NULL, msg_namelen=0, msg_iov=[{iov_base="VALUE \20P\26\20\20\20\20\20XQyadveJqVQxclj-X3"..., iov_len=79}, {iov_base="XQyadveJqVQxclj-X3.j8QHWXsY.duE8"..., iov_len=1026}, {iov_base="END\r\n", iov_len=5}], msg_iovlen=3, msg_controllen=0, msg_flags=0}, 0 <unfinished ...>
[pid 78446] read(29,  <unfinished ...>
[pid 78445] read(28,  <unfinished ...>
[pid 78448] sendmsg(27, {msg_name=NULL, msg_namelen=0, msg_iov=[{iov_base="VALUE \21\360\21\20\20\20\20\20JfCcKHQj6NxDU0iSUJ"..., iov_len=79}, {iov_base="JfCcKHQj6NxDU0iSUJa8c-uJgZUf0aCJ"..., iov_len=1026}, {iov_base="END\r\n", iov_len=5}], msg_iovlen=3, msg_controllen=0, msg_flags=0}, 0 <unfinished ...>
[pid 78447] <... sendmsg resumed>)      = 1110
[pid 78446] <... read resumed>"set \0210\23\20\20\20\20\20JfCcKHQj6NxDU0iSUJa8"..., 16384) = 1105
[pid 78445] <... read resumed>"get \20\220\22\20\20\20\20\20XQyadveJqVQxclj-X3.j"..., 16384) = 70
[pid 78448] <... sendmsg resumed>)      = 1110
[pid 78447] read(38,  <unfinished ...>
[pid 78446] sendmsg(29, {msg_name=NULL, msg_namelen=0, msg_iov=[{iov_base="STORED\r\n", iov_len=8}], msg_iovlen=1, msg_controllen=0, msg_flags=0}, 0 <unfinished ...>
[pid 78445] sendmsg(28, {msg_name=NULL, msg_namelen=0, msg_iov=[{iov_base="VALUE \20\220\22\20\20\20\20\20XQyadveJqVQxclj-X3"..., iov_len=79}, {iov_base="XQyadveJqVQxclj-X3.j8QHWXsY.duE8"..., iov_len=1026}, {iov_base="END\r\n", iov_len=5}], msg_iovlen=3, msg_controllen=0, msg_flags=0}, 0 <unfinished ...>
[pid 78448] read(31,  <unfinished ...>
[pid 78447] <... read resumed>"get \20\320\30\20\20\20\20\20XQyadveJqVQxclj-X3.j"..., 16384) = 70
[pid 78446] <... sendmsg resumed>)      = 8
[pid 78445] <... sendmsg resumed>)      = 1110
[pid 78448] <... read resumed>"get \21p\24\20\20\20\20\20JfCcKHQj6NxDU0iSUJa8"..., 16384) = 70
[pid 78447] sendmsg(38, {msg_name=NULL, msg_namelen=0, msg_iov=[{iov_base="VALUE \20\320\30\20\20\20\20\20XQyadveJqVQxclj-X3"..., iov_len=79}, {iov_base="XQyadveJqVQxclj-X3.j8QHWXsY.duE8"..., iov_len=1026}, {iov_base="END\r\n", iov_len=5}], msg_iovlen=3, msg_controllen=0, msg_flags=0}, 0 <unfinished ...>
[pid 78446] read(33,  <unfinished ...>
[pid 78445] read(32,  <unfinished ...>
[pid 78448] sendmsg(31, {msg_name=NULL, msg_namelen=0, msg_iov=[{iov_base="VALUE \21p\24\20\20\20\20\20JfCcKHQj6NxDU0iSUJ"..., iov_len=79}, {iov_base="JfCcKHQj6NxDU0iSUJa8c-uJgZUf0aCJ"..., iov_len=1026}, {iov_base="END\r\n", iov_len=5}], msg_iovlen=3, msg_controllen=0, msg_flags=0}, 0 <unfinished ...>
[pid 78447] <... sendmsg resumed>)      = 1110
[pid 78446] <... read resumed>"set \21\260\25\20\20\20\20\20JfCcKHQj6NxDU0iSUJa8"..., 16384) = 1105
[pid 78445] <... read resumed>"get \20\20\25\20\20\20\20\20XQyadveJqVQxclj-X3.j"..., 16384) = 70
[pid 78447] epoll_wait(15,  <unfinished ...>
[pid 78445] sendmsg(32, {msg_name=NULL, msg_namelen=0, msg_iov=[{iov_base="VALUE \20\20\25\20\20\20\20\20XQyadveJqVQxclj-X3"..., iov_len=79}, {iov_base="XQyadveJqVQxclj-X3.j8QHWXsY.duE8"..., iov_len=1026}, {iov_base="END\r\n", iov_len=5}], msg_iovlen=3, msg_controllen=0, msg_flags=0}, 0 <unfinished ...>
[pid 78448] <... sendmsg resumed>)      = 1110
[pid 78447] <... epoll_wait resumed>[{events=EPOLLIN, data={u32=26, u64=26}}, {events=EPOLLIN, data={u32=30, u64=30}}, {events=EPOLLIN, data={u32=34, u64=34}}, {events=EPOLLIN, data={u32=38, u64=38}}], 32, -1) = 4
[pid 78446] sendmsg(33, {msg_name=NULL, msg_namelen=0, msg_iov=[{iov_base="STORED\r\n", iov_len=8}], msg_iovlen=1, msg_controllen=0, msg_flags=0}, 0 <unfinished ...>
[pid 78445] <... sendmsg resumed>)      = 1110
[pid 78448] read(35,  <unfinished ...>
[pid 78447] read(26,  <unfinished ...>
[pid 78446] <... sendmsg resumed>)      = 8
[pid 78445] read(24,  <unfinished ...>
[pid 78447] <... read resumed>"get \21P\21\20\20\20\20\20JfCcKHQj6NxDU0iSUJa8"..., 16384) = 70
[pid 78445] <... read resumed>"get \20\20\20\20\20\20\20\20XQyadveJqVQxclj-X3.j"..., 16384) = 70
[pid 78447] sendmsg(26, {msg_name=NULL, msg_namelen=0, msg_iov=[{iov_base="VALUE \21P\21\20\20\20\20\20JfCcKHQj6NxDU0iSUJ"..., iov_len=79}, {iov_base="JfCcKHQj6NxDU0iSUJa8c-uJgZUf0aCJ"..., iov_len=1026}, {iov_base="END\r\n", iov_len=5}], msg_iovlen=3, msg_controllen=0, msg_flags=0}, 0 <unfinished ...>
[pid 78445] sendmsg(24, {msg_name=NULL, msg_namelen=0, msg_iov=[{iov_base="VALUE \20\20\20\20\20\20\20\20XQyadveJqVQxclj-X3"..., iov_len=79}, {iov_base="XQyadveJqVQxclj-X3.j8QHWXsY.duE8"..., iov_len=1026}, {iov_base="END\r\n", iov_len=5}], msg_iovlen=3, msg_controllen=0, msg_flags=0}, 0 <unfinished ...>
[pid 78447] <... sendmsg resumed>)      = 1110
[pid 78445] <... sendmsg resumed>)      = 1110
[pid 78447] read(30,  <unfinished ...>
[pid 78448] <... read resumed>"get \20\360\26\20\20\20\20\20XQyadveJqVQxclj-X3.j"..., 16384) = 70
[pid 78445] read(36,  <unfinished ...>
[pid 78447] <... read resumed>"get \20\320\23\20\20\20\20\20XQyadveJqVQxclj-X3.j"..., 16384) = 70
[pid 78446] read(37,  <unfinished ...>
[pid 78445] <... read resumed>"get \20\220\27\20\20\20\20\20XQyadveJqVQxclj-X3.j"..., 16384) = 70
[pid 78448] sendmsg(35, {msg_name=NULL, msg_namelen=0, msg_iov=[{iov_base="VALUE \20\360\26\20\20\20\20\20XQyadveJqVQxclj-X3"..., iov_len=79}, {iov_base="XQyadveJqVQxclj-X3.j8QHWXsY.duE8"..., iov_len=1026}, {iov_base="END\r\n", iov_len=5}], msg_iovlen=3, msg_controllen=0, msg_flags=0}, 0 <unfinished ...>
[pid 78447] sendmsg(30, {msg_name=NULL, msg_namelen=0, msg_iov=[{iov_base="VALUE \20\320\23\20\20\20\20\20XQyadveJqVQxclj-X3"..., iov_len=79}, {iov_base="XQyadveJqVQxclj-X3.j8QHWXsY.duE8"..., iov_len=1026}, {iov_base="END\r\n", iov_len=5}], msg_iovlen=3, msg_controllen=0, msg_flags=0}, 0 <unfinished ...>
[pid 78446] <... read resumed>"get \0200\30\20\20\20\20\20XQyadveJqVQxclj-X3.j"..., 16384) = 70
[pid 78445] sendmsg(36, {msg_name=NULL, msg_namelen=0, msg_iov=[{iov_base="VALUE \20\220\27\20\20\20\20\20XQyadveJqVQxclj-X3"..., iov_len=79}, {iov_base="XQyadveJqVQxclj-X3.j8QHWXsY.duE8"..., iov_len=1026}, {iov_base="END\r\n", iov_len=5}], msg_iovlen=3, msg_controllen=0, msg_flags=0}, 0 <unfinished ...>
[pid 78448] <... sendmsg resumed>)      = 1110
[pid 78447] <... sendmsg resumed>)      = 1110
[pid 78446] sendmsg(37, {msg_name=NULL, msg_namelen=0, msg_iov=[{iov_base="VALUE \0200\30\20\20\20\20\20XQyadveJqVQxclj-X3"..., iov_len=79}, {iov_base="XQyadveJqVQxclj-X3.j8QHWXsY.duE8"..., iov_len=1026}, {iov_base="END\r\n", iov_len=5}], msg_iovlen=3, msg_controllen=0, msg_flags=0}, 0 <unfinished ...>
[pid 78445] <... sendmsg resumed>)      = 1110
[pid 78447] read(34,  <unfinished ...>
[pid 78445] epoll_wait(7,  <unfinished ...>
[pid 78448] read(39,  <unfinished ...>
[pid 78447] <... read resumed>"set \21P\26\20\20\20\20\20JfCcKHQj6NxDU0iSUJa8"..., 16384) = 1105
[pid 78446] <... sendmsg resumed>)      = 1110
[pid 78445] <... epoll_wait resumed>[{events=EPOLLIN, data={u32=28, u64=28}}, {events=EPOLLIN, data={u32=32, u64=32}}, {events=EPOLLIN, data={u32=24, u64=24}}, {events=EPOLLIN, data={u32=36, u64=36}}], 32, -1) = 4
[pid 78448] <... read resumed>"get \20p\31\20\20\20\20\20XQyadveJqVQxclj-X3.j"..., 16384) = 70
[pid 78447] sendmsg(34, {msg_name=NULL, msg_namelen=0, msg_iov=[{iov_base="STORED\r\n", iov_len=8}], msg_iovlen=1, msg_controllen=0, msg_flags=0}, 0 <unfinished ...>
[pid 78445] read(28,  <unfinished ...>
[pid 78448] sendmsg(39, {msg_name=NULL, msg_namelen=0, msg_iov=[{iov_base="VALUE \20p\31\20\20\20\20\20XQyadveJqVQxclj-X3"..., iov_len=79}, {iov_base="XQyadveJqVQxclj-X3.j8QHWXsY.duE8"..., iov_len=1026}, {iov_base="END\r\n", iov_len=5}], msg_iovlen=3, msg_controllen=0, msg_flags=0}, 0 <unfinished ...>
[pid 78447] <... sendmsg resumed>)      = 8
[pid 78446] epoll_wait(11,  <unfinished ...>
[pid 78445] <... read resumed>"set \21\220\22\20\20\20\20\20JfCcKHQj6NxDU0iSUJa8"..., 16384) = 1105
[pid 78448] <... sendmsg resumed>)      = 1110
[pid 78447] read(38,  <unfinished ...>
[pid 78446] <... epoll_wait resumed>[{events=EPOLLIN, data={u32=25, u64=25}}, {events=EPOLLIN, data={u32=29, u64=29}}, {events=EPOLLIN, data={u32=33, u64=33}}, {events=EPOLLIN, data={u32=37, u64=37}}], 32, -1) = 4
[pid 78445] sendmsg(28, {msg_name=NULL, msg_namelen=0, msg_iov=[{iov_base="STORED\r\n", iov_len=8}], msg_iovlen=1, msg_controllen=0, msg_flags=0}, 0 <unfinished ...>
[pid 78448] epoll_wait(19,  <unfinished ...>
[pid 78447] <... read resumed>"get \20\320\30\20\20\20\20\20XQyadveJqVQxclj-X3.j"..., 16384) = 70
[pid 78446] read(25,  <unfinished ...>
[pid 78445] <... sendmsg resumed>)      = 8
[pid 78448] <... epoll_wait resumed>[{events=EPOLLIN, data={u32=27, u64=27}}, {events=EPOLLIN, data={u32=31, u64=31}}, {events=EPOLLIN, data={u32=35, u64=35}}, {events=EPOLLIN, data={u32=39, u64=39}}], 32, -1) = 4
[pid 78447] sendmsg(38, {msg_name=NULL, msg_namelen=0, msg_iov=[{iov_base="VALUE \20\320\30\20\20\20\20\20XQyadveJqVQxclj-X3"..., iov_len=79}, {iov_base="XQyadveJqVQxclj-X3.j8QHWXsY.duE8"..., iov_len=1026}, {iov_base="END\r\n", iov_len=5}], msg_iovlen=3, msg_controllen=0, msg_flags=0}, 0 <unfinished ...>
[pid 78446] <... read resumed>"get \20\260\20\20\20\20\20\20XQyadveJqVQxclj-X3.j"..., 16384) = 70
[pid 78445] read(32,  <unfinished ...>
[pid 78448] read(27,  <unfinished ...>
[pid 78447] <... sendmsg resumed>)      = 1110
[pid 78445] <... read resumed>"set \21\20\25\20\20\20\20\20JfCcKHQj6NxDU0iSUJa8"..., 16384) = 1105
[pid 78448] <... read resumed>"get \20\360\21\20\20\20\20\20XQyadveJqVQxclj-X3.j"..., 16384) = 70
[pid 78447] epoll_wait(15,  <unfinished ...>
[pid 78446] sendmsg(25, {msg_name=NULL, msg_namelen=0, msg_iov=[{iov_base="VALUE \20\260\20\20\20\20\20\20XQyadveJqVQxclj-X3"..., iov_len=79}, {iov_base="XQyadveJqVQxclj-X3.j8QHWXsY.duE8"..., iov_len=1026}, {iov_base="END\r\n", iov_len=5}], msg_iovlen=3, msg_controllen=0, msg_flags=0}, 0 <unfinished ...>
[pid 78445] sendmsg(32, {msg_name=NULL, msg_namelen=0, msg_iov=[{iov_base="STORED\r\n", iov_len=8}], msg_iovlen=1, msg_controllen=0, msg_flags=0}, 0 <unfinished ...>
[pid 78448] sendmsg(27, {msg_name=NULL, msg_namelen=0, msg_iov=[{iov_base="VALUE \20\360\21\20\20\20\20\20XQyadveJqVQxclj-X3"..., iov_len=79}, {iov_base="XQyadveJqVQxclj-X3.j8QHWXsY.duE8"..., iov_len=1026}, {iov_base="END\r\n", iov_len=5}], msg_iovlen=3, msg_controllen=0, msg_flags=0}, 0 <unfinished ...>
[pid 78447] <... epoll_wait resumed>[{events=EPOLLIN, data={u32=26, u64=26}}, {events=EPOLLIN, data={u32=30, u64=30}}, {events=EPOLLIN, data={u32=34, u64=34}}, {events=EPOLLIN, data={u32=38, u64=38}}], 32, -1) = 4
[pid 78446] <... sendmsg resumed>)      = 1110
[pid 78445] <... sendmsg resumed>)      = 8
[pid 78448] <... sendmsg resumed>)      = 1110
[pid 78447] read(26,  <unfinished ...>
[pid 78445] read(24,  <unfinished ...>
[pid 78447] <... read resumed>"get \21P\21\20\20\20\20\20JfCcKHQj6NxDU0iSUJa8"..., 16384) = 70
[pid 78445] <... read resumed>"set \21\20\20\20\20\20\20\20JfCcKHQj6NxDU0iSUJa8"..., 16384) = 1105
[pid 78447] sendmsg(26, {msg_name=NULL, msg_namelen=0, msg_iov=[{iov_base="VALUE \21P\21\20\20\20\20\20JfCcKHQj6NxDU0iSUJ"..., iov_len=79}, {iov_base="JfCcKHQj6NxDU0iSUJa8c-uJgZUf0aCJ"..., iov_len=1026}, {iov_base="END\r\n", iov_len=5}], msg_iovlen=3, msg_controllen=0, msg_flags=0}, 0 <unfinished ...>
[pid 78445] sendmsg(24, {msg_name=NULL, msg_namelen=0, msg_iov=[{iov_base="STORED\r\n", iov_len=8}], msg_iovlen=1, msg_controllen=0, msg_flags=0}, 0 <unfinished ...>
[pid 78448] read(31,  <unfinished ...>
[pid 78447] <... sendmsg resumed>)      = 1110
[pid 78446] read(29,  <unfinished ...>
[pid 78445] <... sendmsg resumed>)      = 8
[pid 78447] read(30,  <unfinished ...>
[pid 78445] read(36,  <unfinished ...>
[pid 78448] <... read resumed>"get \21p\24\20\20\20\20\20JfCcKHQj6NxDU0iSUJa8"..., 16384) = 70
[pid 78447] <... read resumed>"get \21\320\23\20\20\20\20\20JfCcKHQj6NxDU0iSUJa8"..., 16384) = 70
[pid 78446] <... read resumed>"get \0200\23\20\20\20\20\20XQyadveJqVQxclj-X3.j"..., 16384) = 70
[pid 78445] <... read resumed>"get \20\220\27\20\20\20\20\20XQyadveJqVQxclj-X3.j"..., 16384) = 70
[pid 78448] sendmsg(31, {msg_name=NULL, msg_namelen=0, msg_iov=[{iov_base="VALUE \21p\24\20\20\20\20\20JfCcKHQj6NxDU0iSUJ"..., iov_len=79}, {iov_base="JfCcKHQj6NxDU0iSUJa8c-uJgZUf0aCJ"..., iov_len=1026}, {iov_base="END\r\n", iov_len=5}], msg_iovlen=3, msg_controllen=0, msg_flags=0}, 0 <unfinished ...>
[pid 78447] sendmsg(30, {msg_name=NULL, msg_namelen=0, msg_iov=[{iov_base="VALUE \21\320\23\20\20\20\20\20JfCcKHQj6NxDU0iSUJ"..., iov_len=79}, {iov_base="JfCcKHQj6NxDU0iSUJa8c-uJgZUf0aCJ"..., iov_len=1026}, {iov_base="END\r\n", iov_len=5}], msg_iovlen=3, msg_controllen=0, msg_flags=0}, 0 <unfinished ...>
[pid 78446] sendmsg(29, {msg_name=NULL, msg_namelen=0, msg_iov=[{iov_base="VALUE \0200\23\20\20\20\20\20XQyadveJqVQxclj-X3"..., iov_len=79}, {iov_base="XQyadveJqVQxclj-X3.j8QHWXsY.duE8"..., iov_len=1026}, {iov_base="END\r\n", iov_len=5}], msg_iovlen=3, msg_controllen=0, msg_flags=0}, 0 <unfinished ...>
[pid 78445] sendmsg(36, {msg_name=NULL, msg_namelen=0, msg_iov=[{iov_base="VALUE \20\220\27\20\20\20\20\20XQyadveJqVQxclj-X3"..., iov_len=79}, {iov_base="XQyadveJqVQxclj-X3.j8QHWXsY.duE8"..., iov_len=1026}, {iov_base="END\r\n", iov_len=5}], msg_iovlen=3, msg_controllen=0, msg_flags=0}, 0 <unfinished ...>
[pid 78448] <... sendmsg resumed>)      = 1110
[pid 78447] <... sendmsg resumed>)      = 1110
[pid 78446] <... sendmsg resumed>)      = 1110
[pid 78445] <... sendmsg resumed>)      = 1110
[pid 78448] read(35,  <unfinished ...>
[pid 78447] read(34,  <unfinished ...>
[pid 78446] read(33,  <unfinished ...>
[pid 78445] epoll_wait(7,  <unfinished ...>
[pid 78448] <... read resumed>"set \21\360\26\20\20\20\20\20JfCcKHQj6NxDU0iSUJa8"..., 16384) = 1105
[pid 78447] <... read resumed>"get \20P\26\20\20\20\20\20XQyadveJqVQxclj-X3.j"..., 16384) = 70
[pid 78445] <... epoll_wait resumed>[{events=EPOLLIN, data={u32=28, u64=28}}, {events=EPOLLIN, data={u32=32, u64=32}}, {events=EPOLLIN, data={u32=24, u64=24}}, {events=EPOLLIN, data={u32=36, u64=36}}], 32, -1) = 4
[pid 78448] sendmsg(35, {msg_name=NULL, msg_namelen=0, msg_iov=[{iov_base="STORED\r\n", iov_len=8}], msg_iovlen=1, msg_controllen=0, msg_flags=0}, 0 <unfinished ...>
[pid 78447] sendmsg(34, {msg_name=NULL, msg_namelen=0, msg_iov=[{iov_base="VALUE \20P\26\20\20\20\20\20XQyadveJqVQxclj-X3"..., iov_len=79}, {iov_base="XQyadveJqVQxclj-X3.j8QHWXsY.duE8"..., iov_len=1026}, {iov_base="END\r\n", iov_len=5}], msg_iovlen=3, msg_controllen=0, msg_flags=0}, 0 <unfinished ...>
[pid 78446] <... read resumed>"get \21\260\25\20\20\20\20\20JfCcKHQj6NxDU0iSUJa8"..., 16384) = 70
[pid 78445] read(28,  <unfinished ...>
[pid 78448] <... sendmsg resumed>)      = 8
[pid 78447] <... sendmsg resumed>)      = 1110
[pid 78446] sendmsg(33, {msg_name=NULL, msg_namelen=0, msg_iov=[{iov_base="VALUE \21\260\25\20\20\20\20\20JfCcKHQj6NxDU0iSUJ"..., iov_len=79}, {iov_base="JfCcKHQj6NxDU0iSUJa8c-uJgZUf0aCJ"..., iov_len=1026}, {iov_base="END\r\n", iov_len=5}], msg_iovlen=3, msg_controllen=0, msg_flags=0}, 0 <unfinished ...>
[pid 78445] <... read resumed>"get \21\220\22\20\20\20\20\20JfCcKHQj6NxDU0iSUJa8"..., 16384) = 70
[pid 78448] read(39,  <unfinished ...>
[pid 78447] read(38,  <unfinished ...>
[pid 78446] <... sendmsg resumed>)      = 1110
[pid 78445] sendmsg(28, {msg_name=NULL, msg_namelen=0, msg_iov=[{iov_base="VALUE \21\220\22\20\20\20\20\20JfCcKHQj6NxDU0iSUJ"..., iov_len=79}, {iov_base="JfCcKHQj6NxDU0iSUJa8c-uJgZUf0aCJ"..., iov_len=1026}, {iov_base="END\r\n", iov_len=5}], msg_iovlen=3, msg_controllen=0, msg_flags=0}, 0 <unfinished ...>
[pid 78448] <... read resumed>"get \20p\31\20\20\20\20\20XQyadveJqVQxclj-X3.j"..., 16384) = 70
[pid 78447] <... read resumed>"get \20\320\30\20\20\20\20\20XQyadveJqVQxclj-X3.j"..., 16384) = 70
[pid 78445] <... sendmsg resumed>)      = 1110
[pid 78447] sendmsg(38, {msg_name=NULL, msg_namelen=0, msg_iov=[{iov_base="VALUE \20\320\30\20\20\20\20\20XQyadveJqVQxclj-X3"..., iov_len=79}, {iov_base="XQyadveJqVQxclj-X3.j8QHWXsY.duE8"..., iov_len=1026}, {iov_base="END\r\n", iov_len=5}], msg_iovlen=3, msg_controllen=0, msg_flags=0}, 0 <unfinished ...>
[pid 78445] read(32,  <unfinished ...>
[pid 78447] <... sendmsg resumed>)      = 1110
[pid 78445] <... read resumed>"get \21\20\25\20\20\20\20\20JfCcKHQj6NxDU0iSUJa8"..., 16384) = 70
[pid 78447] epoll_wait(15,  <unfinished ...>
[pid 78445] sendmsg(32, {msg_name=NULL, msg_namelen=0, msg_iov=[{iov_base="VALUE \21\20\25\20\20\20\20\20JfCcKHQj6NxDU0iSUJ"..., iov_len=79}, {iov_base="JfCcKHQj6NxDU0iSUJa8c-uJgZUf0aCJ"..., iov_len=1026}, {iov_base="END\r\n", iov_len=5}], msg_iovlen=3, msg_controllen=0, msg_flags=0}, 0 <unfinished ...>
[pid 78447] <... epoll_wait resumed>[{events=EPOLLIN, data={u32=26, u64=26}}, {events=EPOLLIN, data={u32=30, u64=30}}, {events=EPOLLIN, data={u32=34, u64=34}}, {events=EPOLLIN, data={u32=38, u64=38}}], 32, -1) = 4
[pid 78445] <... sendmsg resumed>)      = 1110
[pid 78447] read(26,  <unfinished ...>
[pid 78445] read(24,  <unfinished ...>
[pid 78448] sendmsg(39, {msg_name=NULL, msg_namelen=0, msg_iov=[{iov_base="VALUE \20p\31\20\20\20\20\20XQyadveJqVQxclj-X3"..., iov_len=79}, {iov_base="XQyadveJqVQxclj-X3.j8QHWXsY.duE8"..., iov_len=1026}, {iov_base="END\r\n", iov_len=5}], msg_iovlen=3, msg_controllen=0, msg_flags=0}, 0 <unfinished ...>
[pid 78447] <... read resumed>"get \21P\21\20\20\20\20\20JfCcKHQj6NxDU0iSUJa8"..., 16384) = 70
[pid 78446] read(37,  <unfinished ...>
[pid 78445] <... read resumed>"get \20\20\20\20\20\20\20\20XQyadveJqVQxclj-X3.j"..., 16384) = 70
[pid 78448] <... sendmsg resumed>)      = 1110
[pid 78447] sendmsg(26, {msg_name=NULL, msg_namelen=0, msg_iov=[{iov_base="VALUE \21P\21\20\20\20\20\20JfCcKHQj6NxDU0iSUJ"..., iov_len=79}, {iov_base="JfCcKHQj6NxDU0iSUJa8c-uJgZUf0aCJ"..., iov_len=1026}, {iov_base="END\r\n", iov_len=5}], msg_iovlen=3, msg_controllen=0, msg_flags=0}, 0 <unfinished ...>
[pid 78446] <... read resumed>"get \0200\30\20\20\20\20\20XQyadveJqVQxclj-X3.j"..., 16384) = 70
[pid 78445] sendmsg(24, {msg_name=NULL, msg_namelen=0, msg_iov=[{iov_base="VALUE \20\20\20\20\20\20\20\20XQyadveJqVQxclj-X3"..., iov_len=79}, {iov_base="XQyadveJqVQxclj-X3.j8QHWXsY.duE8"..., iov_len=1026}, {iov_base="END\r\n", iov_len=5}], msg_iovlen=3, msg_controllen=0, msg_flags=0}, 0 <unfinished ...>
[pid 78448] epoll_wait(19,  <unfinished ...>
[pid 78447] <... sendmsg resumed>)      = 1110
[pid 78446] sendmsg(37, {msg_name=NULL, msg_namelen=0, msg_iov=[{iov_base="VALUE \0200\30\20\20\20\20\20XQyadveJqVQxclj-X3"..., iov_len=79}, {iov_base="XQyadveJqVQxclj-X3.j8QHWXsY.duE8"..., iov_len=1026}, {iov_base="END\r\n", iov_len=5}], msg_iovlen=3, msg_controllen=0, msg_flags=0}, 0 <unfinished ...>
[pid 78445] <... sendmsg resumed>)      = 1110
[pid 78448] <... epoll_wait resumed>[{events=EPOLLIN, data={u32=27, u64=27}}, {events=EPOLLIN, data={u32=31, u64=31}}, {events=EPOLLIN, data={u32=35, u64=35}}, {events=EPOLLIN, data={u32=39, u64=39}}], 32, -1) = 4
[pid 78447] read(30,  <unfinished ...>
[pid 78446] <... sendmsg resumed>)      = 1110
[pid 78445] read(36,  <unfinished ...>
[pid 78448] read(27,  <unfinished ...>
[pid 78447] <... read resumed>"get \20\320\23\20\20\20\20\20XQyadveJqVQxclj-X3.j"..., 16384) = 70
[pid 78446] epoll_wait(11,  <unfinished ...>
[pid 78445] <... read resumed>"get \20\220\27\20\20\20\20\20XQyadveJqVQxclj-X3.j"..., 16384) = 70
[pid 78448] <... read resumed>"get \20\360\21\20\20\20\20\20XQyadveJqVQxclj-X3.j"..., 16384) = 70
[pid 78447] sendmsg(30, {msg_name=NULL, msg_namelen=0, msg_iov=[{iov_base="VALUE \20\320\23\20\20\20\20\20XQyadveJqVQxclj-X3"..., iov_len=79}, {iov_base="XQyadveJqVQxclj-X3.j8QHWXsY.duE8"..., iov_len=1026}, {iov_base="END\r\n", iov_len=5}], msg_iovlen=3, msg_controllen=0, msg_flags=0}, 0 <unfinished ...>
[pid 78446] <... epoll_wait resumed>[{events=EPOLLIN, data={u32=25, u64=25}}, {events=EPOLLIN, data={u32=29, u64=29}}, {events=EPOLLIN, data={u32=33, u64=33}}, {events=EPOLLIN, data={u32=37, u64=37}}], 32, -1) = 4
[pid 78445] sendmsg(36, {msg_name=NULL, msg_namelen=0, msg_iov=[{iov_base="VALUE \20\220\27\20\20\20\20\20XQyadveJqVQxclj-X3"..., iov_len=79}, {iov_base="XQyadveJqVQxclj-X3.j8QHWXsY.duE8"..., iov_len=1026}, {iov_base="END\r\n", iov_len=5}], msg_iovlen=3, msg_controllen=0, msg_flags=0}, 0 <unfinished ...>
[pid 78448] sendmsg(27, {msg_name=NULL, msg_namelen=0, msg_iov=[{iov_base="VALUE \20\360\21\20\20\20\20\20XQyadveJqVQxclj-X3"..., iov_len=79}, {iov_base="XQyadveJqVQxclj-X3.j8QHWXsY.duE8"..., iov_len=1026}, {iov_base="END\r\n", iov_len=5}], msg_iovlen=3, msg_controllen=0, msg_flags=0}, 0 <unfinished ...>
[pid 78447] <... sendmsg resumed>)      = 1110
[pid 78446] read(25,  <unfinished ...>
[pid 78445] <... sendmsg resumed>)      = 1110
[pid 78448] <... sendmsg resumed>)      = 1110
[pid 78447] read(34,  <unfinished ...>
[pid 78445] epoll_wait(7,  <unfinished ...>
[pid 78447] <... read resumed>"get \20P\26\20\20\20\20\20XQyadveJqVQxclj-X3.j"..., 16384) = 70
[pid 78446] <... read resumed>"get \20\260\20\20\20\20\20\20XQyadveJqVQxclj-X3.j"..., 16384) = 70
[pid 78445] <... epoll_wait resumed>[{events=EPOLLIN, data={u32=28, u64=28}}, {events=EPOLLIN, data={u32=32, u64=32}}, {events=EPOLLIN, data={u32=24, u64=24}}, {events=EPOLLIN, data={u32=36, u64=36}}], 32, -1) = 4
[pid 78448] read(31,  <unfinished ...>
[pid 78447] sendmsg(34, {msg_name=NULL, msg_namelen=0, msg_iov=[{iov_base="VALUE \20P\26\20\20\20\20\20XQyadveJqVQxclj-X3"..., iov_len=79}, {iov_base="XQyadveJqVQxclj-X3.j8QHWXsY.duE8"..., iov_len=1026}, {iov_base="END\r\n", iov_len=5}], msg_iovlen=3, msg_controllen=0, msg_flags=0}, 0 <unfinished ...>
[pid 78446] sendmsg(25, {msg_name=NULL, msg_namelen=0, msg_iov=[{iov_base="VALUE \20\260\20\20\20\20\20\20XQyadveJqVQxclj-X3"..., iov_len=79}, {iov_base="XQyadveJqVQxclj-X3.j8QHWXsY.duE8"..., iov_len=1026}, {iov_base="END\r\n", iov_len=5}], msg_iovlen=3, msg_controllen=0, msg_flags=0}, 0 <unfinished ...>
[pid 78445] read(28,  <unfinished ...>
[pid 78448] <... read resumed>"get \20p\24\20\20\20\20\20XQyadveJqVQxclj-X3.j"..., 16384) = 70
[pid 78447] <... sendmsg resumed>)      = 1110
[pid 78446] <... sendmsg resumed>)      = 1110
[pid 78445] <... read resumed>"get \20\220\22\20\20\20\20\20XQyadveJqVQxclj-X3.j"..., 16384) = 70
[pid 78448] sendmsg(31, {msg_name=NULL, msg_namelen=0, msg_iov=[{iov_base="VALUE \20p\24\20\20\20\20\20XQyadveJqVQxclj-X3"..., iov_len=79}, {iov_base="XQyadveJqVQxclj-X3.j8QHWXsY.duE8"..., iov_len=1026}, {iov_base="END\r\n", iov_len=5}], msg_iovlen=3, msg_controllen=0, msg_flags=0}, 0 <unfinished ...>
[pid 78447] read(38,  <unfinished ...>
[pid 78446] read(29,  <unfinished ...>
[pid 78445] sendmsg(28, {msg_name=NULL, msg_namelen=0, msg_iov=[{iov_base="VALUE \20\220\22\20\20\20\20\20XQyadveJqVQxclj-X3"..., iov_len=79}, {iov_base="XQyadveJqVQxclj-X3.j8QHWXsY.duE8"..., iov_len=1026}, {iov_base="END\r\n", iov_len=5}], msg_iovlen=3, msg_controllen=0, msg_flags=0}, 0 <unfinished ...>
[pid 78447] <... read resumed>"set \21\320\30\20\20\20\20\20JfCcKHQj6NxDU0iSUJa8"..., 16384) = 1105
[pid 78445] <... sendmsg resumed>)      = 1110
[pid 78447] sendmsg(38, {msg_name=NULL, msg_namelen=0, msg_iov=[{iov_base="STORED\r\n", iov_len=8}], msg_iovlen=1, msg_controllen=0, msg_flags=0}, 0 <unfinished ...>
[pid 78445] read(32,  <unfinished ...>
[pid 78448] <... sendmsg resumed>)      = 1110
[pid 78447] <... sendmsg resumed>)      = 8
[pid 78446] <... read resumed>"get \0200\23\20\20\20\20\20XQyadveJqVQxclj-X3.j"..., 16384) = 70
[pid 78445] <... read resumed>"get \21\20\25\20\20\20\20\20JfCcKHQj6NxDU0iSUJa8"..., 16384) = 70
[pid 78448] read(35,  <unfinished ...>
[pid 78447] epoll_wait(15,  <unfinished ...>
[pid 78446] sendmsg(29, {msg_name=NULL, msg_namelen=0, msg_iov=[{iov_base="VALUE \0200\23\20\20\20\20\20XQyadveJqVQxclj-X3"..., iov_len=79}, {iov_base="XQyadveJqVQxclj-X3.j8QHWXsY.duE8"..., iov_len=1026}, {iov_base="END\r\n", iov_len=5}], msg_iovlen=3, msg_controllen=0, msg_flags=0}, 0 <unfinished ...>
[pid 78445] sendmsg(32, {msg_name=NULL, msg_namelen=0, msg_iov=[{iov_base="VALUE \21\20\25\20\20\20\20\20JfCcKHQj6NxDU0iSUJ"..., iov_len=79}, {iov_base="JfCcKHQj6NxDU0iSUJa8c-uJgZUf0aCJ"..., iov_len=1026}, {iov_base="END\r\n", iov_len=5}], msg_iovlen=3, msg_controllen=0, msg_flags=0}, 0 <unfinished ...>
[pid 78448] <... read resumed>"get \21\360\26\20\20\20\20\20JfCcKHQj6NxDU0iSUJa8"..., 16384) = 70
[pid 78447] <... epoll_wait resumed>[{events=EPOLLIN, data={u32=26, u64=26}}, {events=EPOLLIN, data={u32=30, u64=30}}, {events=EPOLLIN, data={u32=34, u64=34}}, {events=EPOLLIN, data={u32=38, u64=38}}], 32, -1) = 4
[pid 78446] <... sendmsg resumed>)      = 1110
[pid 78445] <... sendmsg resumed>)      = 1110
[pid 78448] sendmsg(35, {msg_name=NULL, msg_namelen=0, msg_iov=[{iov_base="VALUE \21\360\26\20\20\20\20\20JfCcKHQj6NxDU0iSUJ"..., iov_len=79}, {iov_base="JfCcKHQj6NxDU0iSUJa8c-uJgZUf0aCJ"..., iov_len=1026}, {iov_base="END\r\n", iov_len=5}], msg_iovlen=3, msg_controllen=0, msg_flags=0}, 0 <unfinished ...>
[pid 78447] read(26,  <unfinished ...>
[pid 78446] read(33,  <unfinished ...>
[pid 78445] read(24,  <unfinished ...>
[pid 78448] <... sendmsg resumed>)      = 1110
[pid 78447] <... read resumed>"get \21P\21\20\20\20\20\20JfCcKHQj6NxDU0iSUJa8"..., 16384) = 70
[pid 78446] <... read resumed>"get \21\260\25\20\20\20\20\20JfCcKHQj6NxDU0iSUJa8"..., 16384) = 70
[pid 78445] <... read resumed>"get \21\20\20\20\20\20\20\20JfCcKHQj6NxDU0iSUJa8"..., 16384) = 70
[pid 78448] read(39,  <unfinished ...>
[pid 78447] sendmsg(26, {msg_name=NULL, msg_namelen=0, msg_iov=[{iov_base="VALUE \21P\21\20\20\20\20\20JfCcKHQj6NxDU0iSUJ"..., iov_len=79}, {iov_base="JfCcKHQj6NxDU0iSUJa8c-uJgZUf0aCJ"..., iov_len=1026}, {iov_base="END\r\n", iov_len=5}], msg_iovlen=3, msg_controllen=0, msg_flags=0}, 0 <unfinished ...>
[pid 78446] sendmsg(33, {msg_name=NULL, msg_namelen=0, msg_iov=[{iov_base="VALUE \21\260\25\20\20\20\20\20JfCcKHQj6NxDU0iSUJ"..., iov_len=79}, {iov_base="JfCcKHQj6NxDU0iSUJa8c-uJgZUf0aCJ"..., iov_len=1026}, {iov_base="END\r\n", iov_len=5}], msg_iovlen=3, msg_controllen=0, msg_flags=0}, 0 <unfinished ...>
[pid 78445] sendmsg(24, {msg_name=NULL, msg_namelen=0, msg_iov=[{iov_base="VALUE \21\20\20\20\20\20\20\20JfCcKHQj6NxDU0iSUJ"..., iov_len=79}, {iov_base="JfCcKHQj6NxDU0iSUJa8c-uJgZUf0aCJ"..., iov_len=1026}, {iov_base="END\r\n", iov_len=5}], msg_iovlen=3, msg_controllen=0, msg_flags=0}, 0 <unfinished ...>
[pid 78448] <... read resumed>"get \20p\31\20\20\20\20\20XQyadveJqVQxclj-X3.j"..., 16384) = 70
[pid 78447] <... sendmsg resumed>)      = 1110
[pid 78446] <... sendmsg resumed>)      = 1110
[pid 78445] <... sendmsg resumed>)      = 1110
[pid 78447] read(30,  <unfinished ...>
[pid 78445] read(36,  <unfinished ...>
[pid 78447] <... read resumed>"get \20\320\23\20\20\20\20\20XQyadveJqVQxclj-X3.j"..., 16384) = 70
[pid 78445] <... read resumed>"get \20\220\27\20\20\20\20\20XQyadveJqVQxclj-X3.j"..., 16384) = 70
[pid 78447] sendmsg(30, {msg_name=NULL, msg_namelen=0, msg_iov=[{iov_base="VALUE \20\320\23\20\20\20\20\20XQyadveJqVQxclj-X3"..., iov_len=79}, {iov_base="XQyadveJqVQxclj-X3.j8QHWXsY.duE8"..., iov_len=1026}, {iov_base="END\r\n", iov_len=5}], msg_iovlen=3, msg_controllen=0, msg_flags=0}, 0 <unfinished ...>
[pid 78445] sendmsg(36, {msg_name=NULL, msg_namelen=0, msg_iov=[{iov_base="VALUE \20\220\27\20\20\20\20\20XQyadveJqVQxclj-X3"..., iov_len=79}, {iov_base="XQyadveJqVQxclj-X3.j8QHWXsY.duE8"..., iov_len=1026}, {iov_base="END\r\n", iov_len=5}], msg_iovlen=3, msg_controllen=0, msg_flags=0}, 0 <unfinished ...>
[pid 78447] <... sendmsg resumed>)      = 1110
[pid 78445] <... sendmsg resumed>)      = 1110
[pid 78448] sendmsg(39, {msg_name=NULL, msg_namelen=0, msg_iov=[{iov_base="VALUE \20p\31\20\20\20\20\20XQyadveJqVQxclj-X3"..., iov_len=79}, {iov_base="XQyadveJqVQxclj-X3.j8QHWXsY.duE8"..., iov_len=1026}, {iov_base="END\r\n", iov_len=5}], msg_iovlen=3, msg_controllen=0, msg_flags=0}, 0 <unfinished ...>
[pid 78447] read(34,  <unfinished ...>
[pid 78446] read(37,  <unfinished ...>
[pid 78445] epoll_wait(7,  <unfinished ...>
[pid 78448] <... sendmsg resumed>)      = 1110
[pid 78447] <... read resumed>"get \21P\26\20\20\20\20\20JfCcKHQj6NxDU0iSUJa8"..., 16384) = 70
[pid 78445] <... epoll_wait resumed>[{events=EPOLLIN, data={u32=28, u64=28}}, {events=EPOLLIN, data={u32=32, u64=32}}, {events=EPOLLIN, data={u32=24, u64=24}}, {events=EPOLLIN, data={u32=36, u64=36}}], 32, -1) = 4
[pid 78448] epoll_wait(19,  <unfinished ...>
[pid 78447] sendmsg(34, {msg_name=NULL, msg_namelen=0, msg_iov=[{iov_base="VALUE \21P\26\20\20\20\20\20JfCcKHQj6NxDU0iSUJ"..., iov_len=79}, {iov_base="JfCcKHQj6NxDU0iSUJa8c-uJgZUf0aCJ"..., iov_len=1026}, {iov_base="END\r\n", iov_len=5}], msg_iovlen=3, msg_controllen=0, msg_flags=0}, 0 <unfinished ...>
[pid 78446] <... read resumed>"get \0200\30\20\20\20\20\20XQyadveJqVQxclj-X3.j"..., 16384) = 70
[pid 78445] read(28,  <unfinished ...>
[pid 78448] <... epoll_wait resumed>[{events=EPOLLIN, data={u32=27, u64=27}}, {events=EPOLLIN, data={u32=31, u64=31}}, {events=EPOLLIN, data={u32=35, u64=35}}, {events=EPOLLIN, data={u32=39, u64=39}}], 32, -1) = 4
[pid 78447] <... sendmsg resumed>)      = 1110
[pid 78445] <... read resumed>"get \21\220\22\20\20\20\20\20JfCcKHQj6NxDU0iSUJa8"..., 16384) = 70
[pid 78448] read(27,  <unfinished ...>
[pid 78447] read(38,  <unfinished ...>
[pid 78446] sendmsg(37, {msg_name=NULL, msg_namelen=0, msg_iov=[{iov_base="VALUE \0200\30\20\20\20\20\20XQyadveJqVQxclj-X3"..., iov_len=79}, {iov_base="XQyadveJqVQxclj-X3.j8QHWXsY.duE8"..., iov_len=1026}, {iov_base="END\r\n", iov_len=5}], msg_iovlen=3, msg_controllen=0, msg_flags=0}, 0 <unfinished ...>
[pid 78445] sendmsg(28, {msg_name=NULL, msg_namelen=0, msg_iov=[{iov_base="VALUE \21\220\22\20\20\20\20\20JfCcKHQj6NxDU0iSUJ"..., iov_len=79}, {iov_base="JfCcKHQj6NxDU0iSUJa8c-uJgZUf0aCJ"..., iov_len=1026}, {iov_base="END\r\n", iov_len=5}], msg_iovlen=3, msg_controllen=0, msg_flags=0}, 0 <unfinished ...>
[pid 78448] <... read resumed>"get \21\360\21\20\20\20\20\20JfCcKHQj6NxDU0iSUJa8"..., 16384) = 70
[pid 78447] <... read resumed>"get \20\320\30\20\20\20\20\20XQyadveJqVQxclj-X3.j"..., 16384) = 70
[pid 78446] <... sendmsg resumed>)      = 1110
[pid 78445] <... sendmsg resumed>)      = 1110
[pid 78448] sendmsg(27, {msg_name=NULL, msg_namelen=0, msg_iov=[{iov_base="VALUE \21\360\21\20\20\20\20\20JfCcKHQj6NxDU0iSUJ"..., iov_len=79}, {iov_base="JfCcKHQj6NxDU0iSUJa8c-uJgZUf0aCJ"..., iov_len=1026}, {iov_base="END\r\n", iov_len=5}], msg_iovlen=3, msg_controllen=0, msg_flags=0}, 0 <unfinished ...>
[pid 78447] sendmsg(38, {msg_name=NULL, msg_namelen=0, msg_iov=[{iov_base="VALUE \20\320\30\20\20\20\20\20XQyadveJqVQxclj-X3"..., iov_len=79}, {iov_base="XQyadveJqVQxclj-X3.j8QHWXsY.duE8"..., iov_len=1026}, {iov_base="END\r\n", iov_len=5}], msg_iovlen=3, msg_controllen=0, msg_flags=0}, 0 <unfinished ...>
[pid 78446] epoll_wait(11,  <unfinished ...>
[pid 78445] read(32,  <unfinished ...>
[pid 78448] <... sendmsg resumed>)      = 1110
[pid 78447] <... sendmsg resumed>)      = 1110
[pid 78445] <... read resumed>"get \20\20\25\20\20\20\20\20XQyadveJqVQxclj-X3.j"..., 16384) = 70
[pid 78448] read(31,  <unfinished ...>
[pid 78447] epoll_wait(15,  <unfinished ...>
[pid 78446] <... epoll_wait resumed>[{events=EPOLLIN, data={u32=25, u64=25}}, {events=EPOLLIN, data={u32=29, u64=29}}, {events=EPOLLIN, data={u32=33, u64=33}}, {events=EPOLLIN, data={u32=37, u64=37}}], 32, -1) = 4
[pid 78445] sendmsg(32, {msg_name=NULL, msg_namelen=0, msg_iov=[{iov_base="VALUE \20\20\25\20\20\20\20\20XQyadveJqVQxclj-X3"..., iov_len=79}, {iov_base="XQyadveJqVQxclj-X3.j8QHWXsY.duE8"..., iov_len=1026}, {iov_base="END\r\n", iov_len=5}], msg_iovlen=3, msg_controllen=0, msg_flags=0}, 0 <unfinished ...>
[pid 78448] <... read resumed>"get \21p\24\20\20\20\20\20JfCcKHQj6NxDU0iSUJa8"..., 16384) = 70
[pid 78447] <... epoll_wait resumed>[{events=EPOLLIN, data={u32=26, u64=26}}, {events=EPOLLIN, data={u32=30, u64=30}}, {events=EPOLLIN, data={u32=34, u64=34}}, {events=EPOLLIN, data={u32=38, u64=38}}], 32, -1) = 4
[pid 78446] read(25,  <unfinished ...>
[pid 78445] <... sendmsg resumed>)      = 1110
[pid 78448] sendmsg(31, {msg_name=NULL, msg_namelen=0, msg_iov=[{iov_base="VALUE \21p\24\20\20\20\20\20JfCcKHQj6NxDU0iSUJ"..., iov_len=79}, {iov_base="JfCcKHQj6NxDU0iSUJa8c-uJgZUf0aCJ"..., iov_len=1026}, {iov_base="END\r\n", iov_len=5}], msg_iovlen=3, msg_controllen=0, msg_flags=0}, 0 <unfinished ...>
[pid 78447] read(26,  <unfinished ...>
[pid 78446] <... read resumed>"get \20\260\20\20\20\20\20\20XQyadveJqVQxclj-X3.j"..., 16384) = 70
[pid 78445] read(24,  <unfinished ...>
[pid 78447] <... read resumed>"get \21P\21\20\20\20\20\20JfCcKHQj6NxDU0iSUJa8"..., 16384) = 70
[pid 78445] <... read resumed>"get \20\20\20\20\20\20\20\20XQyadveJqVQxclj-X3.j"..., 16384) = 70
[pid 78447] sendmsg(26, {msg_name=NULL, msg_namelen=0, msg_iov=[{iov_base="VALUE \21P\21\20\20\20\20\20JfCcKHQj6NxDU0iSUJ"..., iov_len=79}, {iov_base="JfCcKHQj6NxDU0iSUJa8c-uJgZUf0aCJ"..., iov_len=1026}, {iov_base="END\r\n", iov_len=5}], msg_iovlen=3, msg_controllen=0, msg_flags=0}, 0 <unfinished ...>
[pid 78445] sendmsg(24, {msg_name=NULL, msg_namelen=0, msg_iov=[{iov_base="VALUE \20\20\20\20\20\20\20\20XQyadveJqVQxclj-X3"..., iov_len=79}, {iov_base="XQyadveJqVQxclj-X3.j8QHWXsY.duE8"..., iov_len=1026}, {iov_base="END\r\n", iov_len=5}], msg_iovlen=3, msg_controllen=0, msg_flags=0}, 0 <unfinished ...>
[pid 78448] <... sendmsg resumed>)      = 1110
[pid 78447] <... sendmsg resumed>)      = 1110
[pid 78446] sendmsg(25, {msg_name=NULL, msg_namelen=0, msg_iov=[{iov_base="VALUE \20\260\20\20\20\20\20\20XQyadveJqVQxclj-X3"..., iov_len=79}, {iov_base="XQyadveJqVQxclj-X3.j8QHWXsY.duE8"..., iov_len=1026}, {iov_base="END\r\n", iov_len=5}], msg_iovlen=3, msg_controllen=0, msg_flags=0}, 0 <unfinished ...>
[pid 78445] <... sendmsg resumed>)      = 1110
[pid 78448] read(35,  <unfinished ...>
[pid 78447] read(30,  <unfinished ...>
[pid 78445] read(36,  <unfinished ...>
[pid 78448] <... read resumed>"get \20\360\26\20\20\20\20\20XQyadveJqVQxclj-X3.j"..., 16384) = 70
[pid 78447] <... read resumed>"get \20\320\23\20\20\20\20\20XQyadveJqVQxclj-X3.j"..., 16384) = 70
[pid 78446] <... sendmsg resumed>)      = 1110
[pid 78445] <... read resumed>"get \20\220\27\20\20\20\20\20XQyadveJqVQxclj-X3.j"..., 16384) = 70
[pid 78448] sendmsg(35, {msg_name=NULL, msg_namelen=0, msg_iov=[{iov_base="VALUE \20\360\26\20\20\20\20\20XQyadveJqVQxclj-X3"..., iov_len=79}, {iov_base="XQyadveJqVQxclj-X3.j8QHWXsY.duE8"..., iov_len=1026}, {iov_base="END\r\n", iov_len=5}], msg_iovlen=3, msg_controllen=0, msg_flags=0}, 0 <unfinished ...>
[pid 78447] sendmsg(30, {msg_name=NULL, msg_namelen=0, msg_iov=[{iov_base="VALUE \20\320\23\20\20\20\20\20XQyadveJqVQxclj-X3"..., iov_len=79}, {iov_base="XQyadveJqVQxclj-X3.j8QHWXsY.duE8"..., iov_len=1026}, {iov_base="END\r\n", iov_len=5}], msg_iovlen=3, msg_controllen=0, msg_flags=0}, 0 <unfinished ...>
[pid 78446] read(29,  <unfinished ...>
[pid 78445] sendmsg(36, {msg_name=NULL, msg_namelen=0, msg_iov=[{iov_base="VALUE \20\220\27\20\20\20\20\20XQyadveJqVQxclj-X3"..., iov_len=79}, {iov_base="XQyadveJqVQxclj-X3.j8QHWXsY.duE8"..., iov_len=1026}, {iov_base="END\r\n", iov_len=5}], msg_iovlen=3, msg_controllen=0, msg_flags=0}, 0 <unfinished ...>
[pid 78448] <... sendmsg resumed>)      = 1110
[pid 78447] <... sendmsg resumed>)      = 1110
[pid 78446] <... read resumed>"get \0200\23\20\20\20\20\20XQyadveJqVQxclj-X3.j"..., 16384) = 70
[pid 78445] <... sendmsg resumed>)      = 1110
[pid 78448] read(39,  <unfinished ...>
[pid 78447] read(34,  <unfinished ...>
[pid 78446] sendmsg(29, {msg_name=NULL, msg_namelen=0, msg_iov=[{iov_base="VALUE \0200\23\20\20\20\20\20XQyadveJqVQxclj-X3"..., iov_len=79}, {iov_base="XQyadveJqVQxclj-X3.j8QHWXsY.duE8"..., iov_len=1026}, {iov_base="END\r\n", iov_len=5}], msg_iovlen=3, msg_controllen=0, msg_flags=0}, 0 <unfinished ...>
[pid 78445] epoll_wait(7,  <unfinished ...>
[pid 78448] <... read resumed>"set \21p\31\20\20\20\20\20JfCcKHQj6NxDU0iSUJa8"..., 16384) = 1105
[pid 78447] <... read resumed>"get \21P\26\20\20\20\20\20JfCcKHQj6NxDU0iSUJa8"..., 16384) = 70
[pid 78446] <... sendmsg resumed>)      = 1110
[pid 78445] <... epoll_wait resumed>[{events=EPOLLIN, data={u32=28, u64=28}}, {events=EPOLLIN, data={u32=32, u64=32}}, {events=EPOLLIN, data={u32=24, u64=24}}, {events=EPOLLIN, data={u32=36, u64=36}}], 32, -1) = 4
[pid 78448] sendmsg(39, {msg_name=NULL, msg_namelen=0, msg_iov=[{iov_base="STORED\r\n", iov_len=8}], msg_iovlen=1, msg_controllen=0, msg_flags=0}, 0 <unfinished ...>
[pid 78447] sendmsg(34, {msg_name=NULL, msg_namelen=0, msg_iov=[{iov_base="VALUE \21P\26\20\20\20\20\20JfCcKHQj6NxDU0iSUJ"..., iov_len=79}, {iov_base="JfCcKHQj6NxDU0iSUJa8c-uJgZUf0aCJ"..., iov_len=1026}, {iov_base="END\r\n", iov_len=5}], msg_iovlen=3, msg_controllen=0, msg_flags=0}, 0 <unfinished ...>
[pid 78446] read(33,  <unfinished ...>
[pid 78445] read(28,  <unfinished ...>
[pid 78448] <... sendmsg resumed>)      = 8
[pid 78447] <... sendmsg resumed>)      = 1110
[pid 78446] <... read resumed>"get \21\260\25\20\20\20\20\20JfCcKHQj6NxDU0iSUJa8"..., 16384) = 70
[pid 78445] <... read resumed>"get \20\220\22\20\20\20\20\20XQyadveJqVQxclj-X3.j"..., 16384) = 70
[pid 78448] epoll_wait(19,  <unfinished ...>
[pid 78447] read(38,  <unfinished ...>
[pid 78446] sendmsg(33, {msg_name=NULL, msg_namelen=0, msg_iov=[{iov_base="VALUE \21\260\25\20\20\20\20\20JfCcKHQj6NxDU0iSUJ"..., iov_len=79}, {iov_base="JfCcKHQj6NxDU0iSUJa8c-uJgZUf0aCJ"..., iov_len=1026}, {iov_base="END\r\n", iov_len=5}], msg_iovlen=3, msg_controllen=0, msg_flags=0}, 0 <unfinished ...>
