rollrat@rollrat-virtual-machine:~/Downloads/libmemcached-1.0.18$ strace -f memcached 2>&1 | egrep -i "sockek|accept|connect|recv|send|read|write|poll|select|sockopt"
sh: 0: getcwd() failed: No such file or directory
mmap(NULL, 8192, PROT_READ|PROT_WRITE, MAP_PRIVATE|MAP_ANONYMOUS, -1, 0) = 0x7f1ff7e49000
mmap(NULL, 58653, PROT_READ, MAP_PRIVATE, 3, 0) = 0x7f1ff7e3a000
read(3, "\177ELF\2\1\1\0\0\0\0\0\0\0\0\0\3\0>\0\1\0\0\0\0\0\0\0\0\0\0\0"..., 832) = 832
mmap(NULL, 669680, PROT_READ, MAP_PRIVATE|MAP_DENYWRITE, 3, 0) = 0x7f1ff7d96000
mmap(0x7f1ff7db4000, 372736, PROT_READ|PROT_EXEC, MAP_PRIVATE|MAP_FIXED|MAP_DENYWRITE, 3, 0x1e000) = 0x7f1ff7db4000
mmap(0x7f1ff7e0f000, 118784, PROT_READ, MAP_PRIVATE|MAP_FIXED|MAP_DENYWRITE, 3, 0x79000) = 0x7f1ff7e0f000
mmap(0x7f1ff7e2c000, 57344, PROT_READ|PROT_WRITE, MAP_PRIVATE|MAP_FIXED|MAP_DENYWRITE, 3, 0x95000) = 0x7f1ff7e2c000
read(3, "\177ELF\2\1\1\0\0\0\0\0\0\0\0\0\3\0>\0\1\0\0\0\0\0\0\0\0\0\0\0"..., 832) = 832
mmap(NULL, 4461760, PROT_READ, MAP_PRIVATE|MAP_DENYWRITE, 3, 0) = 0x7f1ff7954000
mmap(0x7f1ff7a06000, 2478080, PROT_READ|PROT_EXEC, MAP_PRIVATE|MAP_FIXED|MAP_DENYWRITE, 3, 0xb2000) = 0x7f1ff7a06000
mmap(0x7f1ff7c63000, 860160, PROT_READ, MAP_PRIVATE|MAP_FIXED|MAP_DENYWRITE, 3, 0x30f000) = 0x7f1ff7c63000
mmap(0x7f1ff7d35000, 385024, PROT_READ|PROT_WRITE, MAP_PRIVATE|MAP_FIXED|MAP_DENYWRITE, 3, 0x3e0000) = 0x7f1ff7d35000
mmap(0x7f1ff7d93000, 9408, PROT_READ|PROT_WRITE, MAP_PRIVATE|MAP_FIXED|MAP_ANONYMOUS, -1, 0) = 0x7f1ff7d93000
read(3, "\177ELF\2\1\1\0\0\0\0\0\0\0\0\0\3\0>\0\1\0\0\0\0\0\0\0\0\0\0\0"..., 832) = 832
mmap(NULL, 342344, PROT_READ, MAP_PRIVATE|MAP_DENYWRITE, 3, 0) = 0x7f1ff7900000
mmap(0x7f1ff790c000, 204800, PROT_READ|PROT_EXEC, MAP_PRIVATE|MAP_FIXED|MAP_DENYWRITE, 3, 0xc000) = 0x7f1ff790c000
mmap(0x7f1ff793e000, 77824, PROT_READ, MAP_PRIVATE|MAP_FIXED|MAP_DENYWRITE, 3, 0x3e000) = 0x7f1ff793e000
mmap(0x7f1ff7952000, 8192, PROT_READ|PROT_WRITE, MAP_PRIVATE|MAP_FIXED|MAP_DENYWRITE, 3, 0x51000) = 0x7f1ff7952000
read(3, "\177ELF\2\1\1\0\0\0\0\0\0\0\0\0\3\0>\0\1\0\0\0\0\0\0\0\0\0\0\0"..., 832) = 832
mmap(NULL, 107504, PROT_READ, MAP_PRIVATE|MAP_DENYWRITE, 3, 0) = 0x7f1ff78e5000
mmap(0x7f1ff78e8000, 69632, PROT_READ|PROT_EXEC, MAP_PRIVATE|MAP_FIXED|MAP_DENYWRITE, 3, 0x3000) = 0x7f1ff78e8000
mmap(0x7f1ff78f9000, 20480, PROT_READ, MAP_PRIVATE|MAP_FIXED|MAP_DENYWRITE, 3, 0x14000) = 0x7f1ff78f9000
mmap(0x7f1ff78fe000, 8192, PROT_READ|PROT_WRITE, MAP_PRIVATE|MAP_FIXED|MAP_DENYWRITE, 3, 0x18000) = 0x7f1ff78fe000
read(3, "\177ELF\2\1\1\3\0\0\0\0\0\0\0\0\3\0>\0\1\0\0\0P\237\2\0\0\0\0\0"..., 832) = 832
pread64(3, "\6\0\0\0\4\0\0\0@\0\0\0\0\0\0\0@\0\0\0\0\0\0\0@\0\0\0\0\0\0\0"..., 784, 64) = 784
pread64(3, "\4\0\0\0 \0\0\0\5\0\0\0GNU\0\2\0\0\300\4\0\0\0\3\0\0\0\0\0\0\0"..., 48, 848) = 48
pread64(3, "\4\0\0\0\24\0\0\0\3\0\0\0GNU\0\211\303\313\205\371\345PFwdq\376\320^\304A"..., 68, 896) = 68
pread64(3, "\6\0\0\0\4\0\0\0@\0\0\0\0\0\0\0@\0\0\0\0\0\0\0@\0\0\0\0\0\0\0"..., 784, 64) = 784
mmap(NULL, 2260560, PROT_READ, MAP_PRIVATE|MAP_DENYWRITE, 3, 0) = 0x7f1ff76bd000
mmap(0x7f1ff76e5000, 1658880, PROT_READ|PROT_EXEC, MAP_PRIVATE|MAP_FIXED|MAP_DENYWRITE, 3, 0x28000) = 0x7f1ff76e5000
mmap(0x7f1ff787a000, 360448, PROT_READ, MAP_PRIVATE|MAP_FIXED|MAP_DENYWRITE, 3, 0x1bd000) = 0x7f1ff787a000
mmap(0x7f1ff78d2000, 24576, PROT_READ|PROT_WRITE, MAP_PRIVATE|MAP_FIXED|MAP_DENYWRITE, 3, 0x214000) = 0x7f1ff78d2000
mmap(0x7f1ff78d8000, 52816, PROT_READ|PROT_WRITE, MAP_PRIVATE|MAP_FIXED|MAP_ANONYMOUS, -1, 0) = 0x7f1ff78d8000
mmap(NULL, 8192, PROT_READ|PROT_WRITE, MAP_PRIVATE|MAP_ANONYMOUS, -1, 0) = 0x7f1ff76bb000
mprotect(0x7f1ff78d2000, 16384, PROT_READ) = 0
mprotect(0x7f1ff78fe000, 4096, PROT_READ) = 0
mprotect(0x7f1ff7952000, 4096, PROT_READ) = 0
mprotect(0x7f1ff7d35000, 372736, PROT_READ) = 0
mprotect(0x7f1ff7e2c000, 40960, PROT_READ) = 0
mprotect(0x55601370b000, 4096, PROT_READ) = 0
mmap(NULL, 8192, PROT_READ|PROT_WRITE, MAP_PRIVATE|MAP_ANONYMOUS, -1, 0) = 0x7f1ff76b9000
mprotect(0x7f1ff7e83000, 8192, PROT_READ) = 0
epoll_create1(EPOLL_CLOEXEC)            = 3
mprotect(0x7f1ff6eb9000, 8388608, PROT_READ|PROT_WRITE) = 0
clone3({flags=CLONE_VM|CLONE_FS|CLONE_FILES|CLONE_SIGHAND|CLONE_THREAD|CLONE_SYSVSEM|CLONE_SETTLS|CLONE_PARENT_SETTID|CLONE_CHILD_CLEARTID, child_tid=0x7f1ff76b8910, parent_tid=0x7f1ff76b8910, exit_signal=0, stack=0x7f1ff6eb8000, stack_size=0x7fff00, tls=0x7f1ff76b8640}strace: Process 78427 attached
[pid 78426] mmap(NULL, 528384, PROT_READ|PROT_WRITE, MAP_PRIVATE|MAP_ANONYMOUS, -1, 0) = 0x7f1ff6e37000
[pid 78426] mmap(NULL, 167936, PROT_READ|PROT_WRITE, MAP_PRIVATE|MAP_ANONYMOUS, -1, 0) = 0x7f1ff6e0e000
[pid 78426] epoll_create1(EPOLL_CLOEXEC) = 7
[pid 78426] epoll_ctl(7, EPOLL_CTL_ADD, 6, {events=EPOLLIN, data={u32=6, u64=6}}) = 0
[pid 78426] epoll_create1(EPOLL_CLOEXEC) = 11
[pid 78426] epoll_ctl(11, EPOLL_CTL_ADD, 10, {events=EPOLLIN, data={u32=10, u64=10}}) = 0
[pid 78426] epoll_create1(EPOLL_CLOEXEC) = 15
[pid 78426] epoll_ctl(15, EPOLL_CTL_ADD, 14, {events=EPOLLIN, data={u32=14, u64=14}}) = 0
[pid 78426] epoll_create1(EPOLL_CLOEXEC) = 19
[pid 78426] epoll_ctl(19, EPOLL_CTL_ADD, 18, {events=EPOLLIN, data={u32=18, u64=18}}) = 0
[pid 78426] mprotect(0x7f1ff660e000, 8388608, PROT_READ|PROT_WRITE) = 0
[pid 78426] clone3({flags=CLONE_VM|CLONE_FS|CLONE_FILES|CLONE_SIGHAND|CLONE_THREAD|CLONE_SYSVSEM|CLONE_SETTLS|CLONE_PARENT_SETTID|CLONE_CHILD_CLEARTID, child_tid=0x7f1ff6e0d910, parent_tid=0x7f1ff6e0d910, exit_signal=0, stack=0x7f1ff660d000, stack_size=0x7fff00, tls=0x7f1ff6e0d640}strace: Process 78428 attached
[pid 78426] mprotect(0x7f1ff5e0d000, 8388608, PROT_READ|PROT_WRITE) = 0
[pid 78426] clone3({flags=CLONE_VM|CLONE_FS|CLONE_FILES|CLONE_SIGHAND|CLONE_THREAD|CLONE_SYSVSEM|CLONE_SETTLS|CLONE_PARENT_SETTID|CLONE_CHILD_CLEARTID, child_tid=0x7f1ff660c910, parent_tid=0x7f1ff660c910, exit_signal=0, stack=0x7f1ff5e0c000, stack_size=0x7fff00, tls=0x7f1ff660c640}strace: Process 78429 attached
[pid 78426] mprotect(0x7f1ff560c000, 8388608, PROT_READ|PROT_WRITE) = 0
[pid 78426] clone3({flags=CLONE_VM|CLONE_FS|CLONE_FILES|CLONE_SIGHAND|CLONE_THREAD|CLONE_SYSVSEM|CLONE_SETTLS|CLONE_PARENT_SETTID|CLONE_CHILD_CLEARTID, child_tid=0x7f1ff5e0b910, parent_tid=0x7f1ff5e0b910, exit_signal=0, stack=0x7f1ff560b000, stack_size=0x7fff00, tls=0x7f1ff5e0b640} <unfinished ...>
[pid 78426] mprotect(0x7f1fe4e0b000, 8388608, PROT_READ|PROT_WRITE) = 0
[pid 78426] clone3({flags=CLONE_VM|CLONE_FS|CLONE_FILES|CLONE_SIGHAND|CLONE_THREAD|CLONE_SYSVSEM|CLONE_SETTLS|CLONE_PARENT_SETTID|CLONE_CHILD_CLEARTID, child_tid=0x7f1fe560a910, parent_tid=0x7f1fe560a910, exit_signal=0, stack=0x7f1fe4e0a000, stack_size=0x7fff00, tls=0x7f1fe560a640} => {parent_tid=[78431]}, 88) = 78431
[pid 78428] mprotect(0x7f1ff0000000, 135168, PROT_READ|PROT_WRITE <unfinished ...>
[pid 78429] mprotect(0x7f1fe8000000, 135168, PROT_READ|PROT_WRITE <unfinished ...>
[pid 78431] mprotect(0x7f1fe0000000, 135168, PROT_READ|PROT_WRITE) = 0
[pid 78431] mmap(NULL, 135168, PROT_READ|PROT_WRITE, MAP_PRIVATE|MAP_ANONYMOUS, -1, 0) = 0x7f1ff55ea000
[pid 78428] mmap(NULL, 135168, PROT_READ|PROT_WRITE, MAP_PRIVATE|MAP_ANONYMOUS, -1, 0 <unfinished ...>
[pid 78429] mmap(NULL, 135168, PROT_READ|PROT_WRITE, MAP_PRIVATE|MAP_ANONYMOUS, -1, 0 <unfinished ...>
[pid 78430] mprotect(0x7f1fd8000000, 135168, PROT_READ|PROT_WRITE <unfinished ...>
[pid 78431] epoll_wait(19,  <unfinished ...>
[pid 78430] mmap(NULL, 135168, PROT_READ|PROT_WRITE, MAP_PRIVATE|MAP_ANONYMOUS, -1, 0 <unfinished ...>
[pid 78428] epoll_wait(7,  <unfinished ...>
[pid 78430] epoll_wait(15,  <unfinished ...>
[pid 78429] epoll_wait(11,  <unfinished ...>
[pid 78426] mprotect(0x7f1ff4d87000, 8388608, PROT_READ|PROT_WRITE) = 0
[pid 78426] clone3({flags=CLONE_VM|CLONE_FS|CLONE_FILES|CLONE_SIGHAND|CLONE_THREAD|CLONE_SYSVSEM|CLONE_SETTLS|CLONE_PARENT_SETTID|CLONE_CHILD_CLEARTID, child_tid=0x7f1ff5586910, parent_tid=0x7f1ff5586910, exit_signal=0, stack=0x7f1ff4d86000, stack_size=0x7fff00, tls=0x7f1ff5586640}strace: Process 78432 attached
[pid 78426] mprotect(0x7f1ff4586000, 8388608, PROT_READ|PROT_WRITE <unfinished ...>
[pid 78426] clone3({flags=CLONE_VM|CLONE_FS|CLONE_FILES|CLONE_SIGHAND|CLONE_THREAD|CLONE_SYSVSEM|CLONE_SETTLS|CLONE_PARENT_SETTID|CLONE_CHILD_CLEARTID, child_tid=0x7f1ff4d85910, parent_tid=0x7f1ff4d85910, exit_signal=0, stack=0x7f1ff4585000, stack_size=0x7fff00, tls=0x7f1ff4d85640} <unfinished ...>
[pid 78426] mprotect(0x7f1fef800000, 8388608, PROT_READ|PROT_WRITE) = 0
[pid 78426] clone3({flags=CLONE_VM|CLONE_FS|CLONE_FILES|CLONE_SIGHAND|CLONE_THREAD|CLONE_SYSVSEM|CLONE_SETTLS|CLONE_PARENT_SETTID|CLONE_CHILD_CLEARTID, child_tid=0x7f1feffff910, parent_tid=0x7f1feffff910, exit_signal=0, stack=0x7f1fef7ff000, stack_size=0x7fff00, tls=0x7f1feffff640}strace: Process 78434 attached
[pid 78426] mprotect(0x7f1feefff000, 8388608, PROT_READ|PROT_WRITE) = 0
[pid 78426] clone3({flags=CLONE_VM|CLONE_FS|CLONE_FILES|CLONE_SIGHAND|CLONE_THREAD|CLONE_SYSVSEM|CLONE_SETTLS|CLONE_PARENT_SETTID|CLONE_CHILD_CLEARTID, child_tid=0x7f1fef7fe910, parent_tid=0x7f1fef7fe910, exit_signal=0, stack=0x7f1feeffe000, stack_size=0x7fff00, tls=0x7f1fef7fe640} <unfinished ...>
[pid 78426] read(22,  <unfinished ...>
[pid 78426] <... read resumed>"# Configuration for getaddrinfo("..., 4096) = 2584
[pid 78426] read(22, "", 4096)          = 0
[pid 78426] sendto(22, [{nlmsg_len=20, nlmsg_type=RTM_GETADDR, nlmsg_flags=NLM_F_REQUEST|NLM_F_DUMP, nlmsg_seq=1653027115, nlmsg_pid=0}, {ifa_family=AF_UNSPEC, ...}], 20, 0, {sa_family=AF_NETLINK, nl_pid=0, nl_groups=00000000}, 12) = 20
[pid 78434] mprotect(0x7f1fdc000000, 135168, PROT_READ|PROT_WRITE <unfinished ...>
[pid 78426] recvmsg(22,  <unfinished ...>
[pid 78426] <... recvmsg resumed>{msg_name={sa_family=AF_NETLINK, nl_pid=0, nl_groups=00000000}, msg_namelen=12, msg_iov=[{iov_base=[[{nlmsg_len=76, nlmsg_type=RTM_NEWADDR, nlmsg_flags=NLM_F_MULTI, nlmsg_seq=1653027115, nlmsg_pid=78426}, {ifa_family=AF_INET, ifa_prefixlen=8, ifa_flags=IFA_F_PERMANENT, ifa_scope=RT_SCOPE_HOST, ifa_index=if_nametoindex("lo")}, [[{nla_len=8, nla_type=IFA_ADDRESS}, inet_addr("127.0.0.1")], [{nla_len=8, nla_type=IFA_LOCAL}, inet_addr("127.0.0.1")], [{nla_len=7, nla_type=IFA_LABEL}, "lo"], [{nla_len=8, nla_type=IFA_FLAGS}, IFA_F_PERMANENT], [{nla_len=20, nla_type=IFA_CACHEINFO}, {ifa_prefered=4294967295, ifa_valid=4294967295, cstamp=626, tstamp=626}]]], [{nlmsg_len=88, nlmsg_type=RTM_NEWADDR, nlmsg_flags=NLM_F_MULTI, nlmsg_seq=1653027115, nlmsg_pid=78426}, {ifa_family=AF_INET, ifa_prefixlen=24, ifa_flags=0, ifa_scope=RT_SCOPE_UNIVERSE, ifa_index=if_nametoindex("ens33")}, [[{nla_len=8, nla_type=IFA_ADDRESS}, inet_addr("192.168.111.128")], [{nla_len=8, nla_type=IFA_LOCAL}, inet_addr("192.168.111.128")], [{nla_len=8, nla_type=IFA_BROADCAST}, inet_addr("192.168.111.255")], [{nla_len=10, nla_type=IFA_LABEL}, "ens33"], [{nla_len=8, nla_type=IFA_FLAGS}, IFA_F_NOPREFIXROUTE], [{nla_len=20, nla_type=IFA_CACHEINFO}, {ifa_prefered=1419, ifa_valid=1419, cstamp=1158256, tstamp=1608256}]]]], iov_len=4096}], msg_iovlen=1, msg_controllen=0, msg_flags=0}, 0) = 164
[pid 78426] recvmsg(22, {msg_name={sa_family=AF_NETLINK, nl_pid=0, nl_groups=00000000}, msg_namelen=12, msg_iov=[{iov_base=[[{nlmsg_len=72, nlmsg_type=RTM_NEWADDR, nlmsg_flags=NLM_F_MULTI, nlmsg_seq=1653027115, nlmsg_pid=78426}, {ifa_family=AF_INET6, ifa_prefixlen=128, ifa_flags=IFA_F_PERMANENT, ifa_scope=RT_SCOPE_HOST, ifa_index=if_nametoindex("lo")}, [[{nla_len=20, nla_type=IFA_ADDRESS}, inet_pton(AF_INET6, "::1")], [{nla_len=20, nla_type=IFA_CACHEINFO}, {ifa_prefered=4294967295, ifa_valid=4294967295, cstamp=626, tstamp=626}], [{nla_len=8, nla_type=IFA_FLAGS}, IFA_F_PERMANENT]]], [{nlmsg_len=72, nlmsg_type=RTM_NEWADDR, nlmsg_flags=NLM_F_MULTI, nlmsg_seq=1653027115, nlmsg_pid=78426}, {ifa_family=AF_INET6, ifa_prefixlen=64, ifa_flags=IFA_F_PERMANENT, ifa_scope=RT_SCOPE_LINK, ifa_index=if_nametoindex("ens33")}, [[{nla_len=20, nla_type=IFA_ADDRESS}, inet_pton(AF_INET6, "fe80::a67f:38e3:a88d:a90d")], [{nla_len=20, nla_type=IFA_CACHEINFO}, {ifa_prefered=4294967295, ifa_valid=4294967295, cstamp=1158253, tstamp=1608256}], [{nla_len=8, nla_type=IFA_FLAGS}, IFA_F_PERMANENT|IFA_F_NOPREFIXROUTE]]]], iov_len=4096}], msg_iovlen=1, msg_controllen=0, msg_flags=0}, 0) = 144
[pid 78426] recvmsg(22, {msg_name={sa_family=AF_NETLINK, nl_pid=0, nl_groups=00000000}, msg_namelen=12, msg_iov=[{iov_base=[{nlmsg_len=20, nlmsg_type=NLMSG_DONE, nlmsg_flags=NLM_F_MULTI, nlmsg_seq=1653027115, nlmsg_pid=78426}, 0], iov_len=4096}], msg_iovlen=1, msg_controllen=0, msg_flags=0}, 0) = 20
[pid 78426] connect(23, {sa_family=AF_UNIX, sun_path="/var/run/nscd/socket"}, 110 <unfinished ...>
[pid 78434] mmap(NULL, 139264, PROT_READ|PROT_WRITE, MAP_PRIVATE|MAP_ANONYMOUS, -1, 0 <unfinished ...>
[pid 78426] <... connect resumed>)      = -1 ENOENT (No such file or directory)
[pid 78434] mprotect(0x7f1fdc021000, 4096, PROT_READ|PROT_WRITE <unfinished ...>
[pid 78426] connect(22, {sa_family=AF_INET6, sin6_port=htons(11211), sin6_flowinfo=htonl(0), inet_pton(AF_INET6, "::", &sin6_addr), sin6_scope_id=0}, 28 <unfinished ...>
[pid 78426] <... connect resumed>)      = 0
[pid 78426] connect(22, {sa_family=AF_UNSPEC, sa_data="\0\0\0\0\0\0\0\0\0\0\0\0\0\0"}, 16) = 0
[pid 78426] connect(22, {sa_family=AF_INET, sin_port=htons(11211), sin_addr=inet_addr("0.0.0.0")}, 16) = 0
[pid 78426] setsockopt(22, SOL_SOCKET, SO_REUSEADDR, [1], 4) = 0
[pid 78426] setsockopt(22, SOL_SOCKET, SO_KEEPALIVE, [1], 4 <unfinished ...>
[pid 78426] <... setsockopt resumed>)   = 0
[pid 78426] setsockopt(22, SOL_SOCKET, SO_LINGER, {l_onoff=0, l_linger=0}, 8 <unfinished ...>
[pid 78426] <... setsockopt resumed>)   = 0
[pid 78426] setsockopt(22, SOL_TCP, TCP_NODELAY, [1], 4 <unfinished ...>
[pid 78426] <... setsockopt resumed>)   = 0
[pid 78426] epoll_ctl(3, EPOLL_CTL_ADD, 22, {events=EPOLLIN, data={u32=22, u64=22}} <unfinished ...>
[pid 78426] <... epoll_ctl resumed>)    = 0
[pid 78426] setsockopt(23, SOL_IPV6, IPV6_V6ONLY, [1], 4) = 0
[pid 78426] setsockopt(23, SOL_SOCKET, SO_REUSEADDR, [1], 4) = 0
[pid 78426] setsockopt(23, SOL_SOCKET, SO_KEEPALIVE, [1], 4) = 0
[pid 78426] setsockopt(23, SOL_SOCKET, SO_LINGER, {l_onoff=0, l_linger=0}, 8 <unfinished ...>
[pid 78426] <... setsockopt resumed>)   = 0
[pid 78426] setsockopt(23, SOL_TCP, TCP_NODELAY, [1], 4 <unfinished ...>
[pid 78426] <... setsockopt resumed>)   = 0
[pid 78426] epoll_ctl(3, EPOLL_CTL_ADD, 23, {events=EPOLLIN, data={u32=23, u64=23}}) = 0
[pid 78426] epoll_wait(3,  <unfinished ...>
[pid 78426] <... epoll_wait resumed>[], 32, 976) = 0
[pid 78426] epoll_wait(3, [], 32, 1)    = 0
[pid 78426] epoll_wait(3,  <unfinished ...>
[pid 78426] <... epoll_wait resumed>[], 32, 1000) = 0
[pid 78426] epoll_wait(3,  <unfinished ...>



----------------------------------------------------------------------------------------------------------------
----------------------------------------------------------------------------------------------------------------
----------------------------------------------------------------------------------------------------------------
----------------------------------------------------------------------------------------------------------------
----------------------------------------------------------------------------------------------------------------
./clients/memaslap -s 127.0.0.1:11211 -t 20s
----------------------------------------------------------------------------------------------------------------
----------------------------------------------------------------------------------------------------------------
----------------------------------------------------------------------------------------------------------------
----------------------------------------------------------------------------------------------------------------





[pid 78443] epoll_wait(3,  <unfinished ...>
[pid 78443] <... epoll_wait resumed>[], 32, 1000) = 0
[pid 78443] epoll_wait(3,  <unfinished ...>
[pid 78443] <... epoll_wait resumed>[], 32, 1000) = 0
[pid 78443] epoll_wait(3,  <unfinished ...>
[pid 78443] <... epoll_wait resumed>[{events=EPOLLIN, data={u32=22, u64=22}}], 32, 1000) = 1
[pid 78443] accept4(22, {sa_family=AF_INET, sin_port=htons(56512), sin_addr=inet_addr("127.0.0.1")}, [128 => 16], SOCK_NONBLOCK) = 24
[pid 78443] write(6, "\1\0\0\0\0\0\0\0", 8) = 8
[pid 78445] <... epoll_wait resumed>[{events=EPOLLIN, data={u32=6, u64=6}}], 32, -1) = 1
[pid 78443] epoll_wait(3,  <unfinished ...>
[pid 78445] read(6, "\1\0\0\0\0\0\0\0", 8) = 8
[pid 78445] epoll_ctl(7, EPOLL_CTL_ADD, 24, {events=EPOLLIN, data={u32=24, u64=24}}) = 0
[pid 78445] epoll_wait(7,  <unfinished ...>
[pid 78443] <... epoll_wait resumed>[{events=EPOLLIN, data={u32=22, u64=22}}], 32, 9) = 1
[pid 78443] accept4(22, {sa_family=AF_INET, sin_port=htons(56516), sin_addr=inet_addr("127.0.0.1")}, [128 => 16], SOCK_NONBLOCK) = 25
[pid 78443] write(10, "\1\0\0\0\0\0\0\0", 8) = 8
[pid 78446] <... epoll_wait resumed>[{events=EPOLLIN, data={u32=10, u64=10}}], 32, -1) = 1
[pid 78443] epoll_wait(3,  <unfinished ...>
[pid 78446] read(10, "\1\0\0\0\0\0\0\0", 8) = 8
[pid 78443] <... epoll_wait resumed>[], 32, 1) = 0
[pid 78443] epoll_wait(3,  <unfinished ...>
[pid 78446] epoll_ctl(11, EPOLL_CTL_ADD, 25, {events=EPOLLIN, data={u32=25, u64=25}}) = 0
[pid 78446] epoll_wait(11,  <unfinished ...>
[pid 78443] <... epoll_wait resumed>[{events=EPOLLIN, data={u32=22, u64=22}}], 32, 1000) = 1
[pid 78443] accept4(22, {sa_family=AF_INET, sin_port=htons(56518), sin_addr=inet_addr("127.0.0.1")}, [128 => 16], SOCK_NONBLOCK) = 26
[pid 78443] write(14, "\1\0\0\0\0\0\0\0", 8) = 8
[pid 78447] <... epoll_wait resumed>[{events=EPOLLIN, data={u32=14, u64=14}}], 32, -1) = 1
[pid 78443] epoll_wait(3,  <unfinished ...>
[pid 78447] read(14, "\1\0\0\0\0\0\0\0", 8) = 8
[pid 78443] <... epoll_wait resumed>[{events=EPOLLIN, data={u32=22, u64=22}}], 32, 996) = 1
[pid 78443] accept4(22,  <unfinished ...>
[pid 78443] <... accept4 resumed>{sa_family=AF_INET, sin_port=htons(56520), sin_addr=inet_addr("127.0.0.1")}, [128 => 16], SOCK_NONBLOCK) = 27
[pid 78447] epoll_ctl(15, EPOLL_CTL_ADD, 26, {events=EPOLLIN, data={u32=26, u64=26}} <unfinished ...>
[pid 78443] write(18, "\1\0\0\0\0\0\0\0", 8 <unfinished ...>
[pid 78447] <... epoll_ctl resumed>)    = 0
[pid 78443] <... write resumed>)        = 8
[pid 78448] <... epoll_wait resumed>[{events=EPOLLIN, data={u32=18, u64=18}}], 32, -1) = 1
[pid 78447] epoll_wait(15,  <unfinished ...>
[pid 78443] epoll_wait(3,  <unfinished ...>
[pid 78448] read(18,  <unfinished ...>
[pid 78443] <... epoll_wait resumed>[{events=EPOLLIN, data={u32=22, u64=22}}], 32, 981) = 1
[pid 78448] <... read resumed>"\1\0\0\0\0\0\0\0", 8) = 8
[pid 78443] accept4(22,  <unfinished ...>
[pid 78443] <... accept4 resumed>{sa_family=AF_INET, sin_port=htons(56524), sin_addr=inet_addr("127.0.0.1")}, [128 => 16], SOCK_NONBLOCK) = 28
[pid 78443] write(6, "\1\0\0\0\0\0\0\0", 8 <unfinished ...>
[pid 78448] epoll_ctl(19, EPOLL_CTL_ADD, 27, {events=EPOLLIN, data={u32=27, u64=27}} <unfinished ...>
[pid 78443] <... write resumed>)        = 8
[pid 78448] <... epoll_ctl resumed>)    = 0
[pid 78445] <... epoll_wait resumed>[{events=EPOLLIN, data={u32=6, u64=6}}], 32, -1) = 1
[pid 78443] epoll_wait(3,  <unfinished ...>
[pid 78448] epoll_wait(19,  <unfinished ...>
[pid 78445] read(6,  <unfinished ...>
[pid 78443] <... epoll_wait resumed>[{events=EPOLLIN, data={u32=22, u64=22}}], 32, 973) = 1
[pid 78443] accept4(22,  <unfinished ...>
[pid 78445] <... read resumed>"\1\0\0\0\0\0\0\0", 8) = 8
[pid 78443] <... accept4 resumed>{sa_family=AF_INET, sin_port=htons(56526), sin_addr=inet_addr("127.0.0.1")}, [128 => 16], SOCK_NONBLOCK) = 29
[pid 78443] write(10, "\1\0\0\0\0\0\0\0", 8) = 8
[pid 78446] <... epoll_wait resumed>[{events=EPOLLIN, data={u32=10, u64=10}}], 32, -1) = 1
[pid 78443] epoll_wait(3,  <unfinished ...>
[pid 78446] read(10,  <unfinished ...>
[pid 78443] <... epoll_wait resumed>[{events=EPOLLIN, data={u32=22, u64=22}}], 32, 961) = 1
[pid 78446] <... read resumed>"\1\0\0\0\0\0\0\0", 8) = 8
[pid 78445] epoll_ctl(7, EPOLL_CTL_ADD, 28, {events=EPOLLIN, data={u32=28, u64=28}} <unfinished ...>
[pid 78443] accept4(22,  <unfinished ...>
[pid 78443] <... accept4 resumed>{sa_family=AF_INET, sin_port=htons(56528), sin_addr=inet_addr("127.0.0.1")}, [128 => 16], SOCK_NONBLOCK) = 30
[pid 78445] <... epoll_ctl resumed>)    = 0
[pid 78443] write(14, "\1\0\0\0\0\0\0\0", 8 <unfinished ...>
[pid 78446] epoll_ctl(11, EPOLL_CTL_ADD, 29, {events=EPOLLIN, data={u32=29, u64=29}} <unfinished ...>
[pid 78443] <... write resumed>)        = 8
[pid 78447] <... epoll_wait resumed>[{events=EPOLLIN, data={u32=14, u64=14}}], 32, -1) = 1
[pid 78446] <... epoll_ctl resumed>)    = 0
[pid 78445] epoll_wait(7,  <unfinished ...>
[pid 78443] epoll_wait(3,  <unfinished ...>
[pid 78447] read(14,  <unfinished ...>
[pid 78446] epoll_wait(11,  <unfinished ...>
[pid 78443] <... epoll_wait resumed>[{events=EPOLLIN, data={u32=22, u64=22}}], 32, 949) = 1
[pid 78447] <... read resumed>"\1\0\0\0\0\0\0\0", 8) = 8
[pid 78443] accept4(22,  <unfinished ...>
[pid 78443] <... accept4 resumed>{sa_family=AF_INET, sin_port=htons(56530), sin_addr=inet_addr("127.0.0.1")}, [128 => 16], SOCK_NONBLOCK) = 31
[pid 78443] write(18, "\1\0\0\0\0\0\0\0", 8 <unfinished ...>
[pid 78447] epoll_ctl(15, EPOLL_CTL_ADD, 30, {events=EPOLLIN, data={u32=30, u64=30}} <unfinished ...>
[pid 78443] <... write resumed>)        = 8
[pid 78448] <... epoll_wait resumed>[{events=EPOLLIN, data={u32=18, u64=18}}], 32, -1) = 1
[pid 78447] <... epoll_ctl resumed>)    = 0
[pid 78443] epoll_wait(3,  <unfinished ...>
[pid 78448] read(18,  <unfinished ...>
[pid 78447] epoll_wait(15,  <unfinished ...>
[pid 78443] <... epoll_wait resumed>[{events=EPOLLIN, data={u32=22, u64=22}}], 32, 945) = 1
[pid 78448] <... read resumed>"\1\0\0\0\0\0\0\0", 8) = 8
[pid 78443] accept4(22,  <unfinished ...>
[pid 78443] <... accept4 resumed>{sa_family=AF_INET, sin_port=htons(56532), sin_addr=inet_addr("127.0.0.1")}, [128 => 16], SOCK_NONBLOCK) = 32
[pid 78443] write(6, "\1\0\0\0\0\0\0\0", 8 <unfinished ...>
[pid 78448] epoll_ctl(19, EPOLL_CTL_ADD, 31, {events=EPOLLIN, data={u32=31, u64=31}} <unfinished ...>
[pid 78443] <... write resumed>)        = 8
[pid 78445] <... epoll_wait resumed>[{events=EPOLLIN, data={u32=6, u64=6}}], 32, -1) = 1
[pid 78443] epoll_wait(3,  <unfinished ...>
[pid 78448] <... epoll_ctl resumed>)    = 0
[pid 78445] read(6,  <unfinished ...>
[pid 78443] <... epoll_wait resumed>[{events=EPOLLIN, data={u32=22, u64=22}}], 32, 929) = 1
[pid 78448] epoll_wait(19,  <unfinished ...>
[pid 78445] <... read resumed>"\1\0\0\0\0\0\0\0", 8) = 8
[pid 78443] accept4(22,  <unfinished ...>
[pid 78445] epoll_ctl(7, EPOLL_CTL_ADD, 32, {events=EPOLLIN, data={u32=32, u64=32}} <unfinished ...>
[pid 78443] <... accept4 resumed>{sa_family=AF_INET, sin_port=htons(56534), sin_addr=inet_addr("127.0.0.1")}, [128 => 16], SOCK_NONBLOCK) = 33
[pid 78446] <... epoll_wait resumed>[{events=EPOLLIN, data={u32=25, u64=25}}], 32, -1) = 1
[pid 78445] <... epoll_ctl resumed>)    = 0
[pid 78445] epoll_wait(7,  <unfinished ...>
[pid 78443] write(10, "\1\0\0\0\0\0\0\0", 8 <unfinished ...>
[pid 78446] epoll_wait(11,  <unfinished ...>
[pid 78445] <... epoll_wait resumed>[{events=EPOLLIN, data={u32=24, u64=24}}], 32, -1) = 1
[pid 78443] <... write resumed>)        = 8
[pid 78445] epoll_wait(7,  <unfinished ...>
[pid 78446] <... epoll_wait resumed>[{events=EPOLLIN, data={u32=25, u64=25}}, {events=EPOLLIN, data={u32=10, u64=10}}], 32, -1) = 2
[pid 78445] <... epoll_wait resumed>[{events=EPOLLIN, data={u32=24, u64=24}}], 32, -1) = 1
[pid 78443] epoll_wait(3,  <unfinished ...>
[pid 78445] read(24, "set \20\20\20\20\20\20\20\20XQyadveJqVQxclj-X3.j"..., 16384) = 1105
[pid 78443] <... epoll_wait resumed>[{events=EPOLLIN, data={u32=22, u64=22}}], 32, 925) = 1
[pid 78446] read(25,  <unfinished ...>
[pid 78445] mmap(NULL, 1052672, PROT_READ|PROT_WRITE, MAP_PRIVATE|MAP_ANONYMOUS, -1, 0) = 0x7f4d24130000
[pid 78443] accept4(22,  <unfinished ...>
[pid 78448] <... epoll_wait resumed>[{events=EPOLLIN, data={u32=27, u64=27}}, {events=EPOLLIN, data={u32=31, u64=31}}], 32, -1) = 2
[pid 78447] <... epoll_wait resumed>[{events=EPOLLIN, data={u32=26, u64=26}}], 32, -1) = 1
[pid 78446] <... read resumed>"set \20\260\20\20\20\20\20\20XQyadveJqVQxclj-X3.j"..., 16384) = 1105
[pid 78445] sendmsg(24, {msg_name=NULL, msg_namelen=0, msg_iov=[{iov_base="STORED\r\n", iov_len=8}], msg_iovlen=1, msg_controllen=0, msg_flags=0}, 0 <unfinished ...>
[pid 78443] <... accept4 resumed>{sa_family=AF_INET, sin_port=htons(56536), sin_addr=inet_addr("127.0.0.1")}, [128 => 16], SOCK_NONBLOCK) = 34
[pid 78448] epoll_wait(19,  <unfinished ...>
[pid 78447] epoll_wait(15,  <unfinished ...>
[pid 78445] <... sendmsg resumed>)      = 8
[pid 78445] epoll_wait(7,  <unfinished ...>
[pid 78447] <... epoll_wait resumed>[{events=EPOLLIN, data={u32=26, u64=26}}, {events=EPOLLIN, data={u32=30, u64=30}}], 32, -1) = 2
[pid 78445] <... epoll_wait resumed>[{events=EPOLLIN, data={u32=28, u64=28}}, {events=EPOLLIN, data={u32=32, u64=32}}], 32, -1) = 2
[pid 78443] write(14, "\1\0\0\0\0\0\0\0", 8 <unfinished ...>
[pid 78448] <... epoll_wait resumed>[{events=EPOLLIN, data={u32=27, u64=27}}, {events=EPOLLIN, data={u32=31, u64=31}}], 32, -1) = 2
[pid 78447] read(26,  <unfinished ...>
[pid 78446] sendmsg(25, {msg_name=NULL, msg_namelen=0, msg_iov=[{iov_base="STORED\r\n", iov_len=8}], msg_iovlen=1, msg_controllen=0, msg_flags=0}, 0 <unfinished ...>
[pid 78445] epoll_wait(7,  <unfinished ...>
[pid 78443] <... write resumed>)        = 8
[pid 78448] read(27,  <unfinished ...>
[pid 78447] <... read resumed>"set \20P\21\20\20\20\20\20XQyadveJqVQxclj-X3.j"..., 16384) = 1105
[pid 78445] <... epoll_wait resumed>[{events=EPOLLIN, data={u32=28, u64=28}}, {events=EPOLLIN, data={u32=32, u64=32}}], 32, -1) = 2
[pid 78446] <... sendmsg resumed>)      = 8
[pid 78445] read(28,  <unfinished ...>
[pid 78448] <... read resumed>"set \20\360\21\20\20\20\20\20XQyadveJqVQxclj-X3.j"..., 16384) = 1105
[pid 78447] sendmsg(26, {msg_name=NULL, msg_namelen=0, msg_iov=[{iov_base="STORED\r\n", iov_len=8}], msg_iovlen=1, msg_controllen=0, msg_flags=0}, 0 <unfinished ...>
[pid 78443] epoll_wait(3,  <unfinished ...>
[pid 78446] read(10,  <unfinished ...>
[pid 78445] <... read resumed>"set \20\220\22\20\20\20\20\20XQyadveJqVQxclj-X3.j"..., 16384) = 1105
[pid 78445] sendmsg(28, {msg_name=NULL, msg_namelen=0, msg_iov=[{iov_base="STORED\r\n", iov_len=8}], msg_iovlen=1, msg_controllen=0, msg_flags=0}, 0 <unfinished ...>
[pid 78447] <... sendmsg resumed>)      = 8
[pid 78445] <... sendmsg resumed>)      = 8
[pid 78443] <... epoll_wait resumed>[{events=EPOLLIN, data={u32=22, u64=22}}], 32, 913) = 1
[pid 78448] sendmsg(27, {msg_name=NULL, msg_namelen=0, msg_iov=[{iov_base="STORED\r\n", iov_len=8}], msg_iovlen=1, msg_controllen=0, msg_flags=0}, 0 <unfinished ...>
[pid 78446] <... read resumed>"\1\0\0\0\0\0\0\0", 8) = 8
[pid 78445] read(32, "set \20\20\25\20\20\20\20\20XQyadveJqVQxclj-X3.j"..., 16384) = 1105
[pid 78445] sendmsg(32, {msg_name=NULL, msg_namelen=0, msg_iov=[{iov_base="STORED\r\n", iov_len=8}], msg_iovlen=1, msg_controllen=0, msg_flags=0}, 0 <unfinished ...>
[pid 78443] accept4(22,  <unfinished ...>
[pid 78448] <... sendmsg resumed>)      = 8
[pid 78447] epoll_wait(15,  <unfinished ...>
[pid 78445] <... sendmsg resumed>)      = 8
[pid 78443] <... accept4 resumed>{sa_family=AF_INET, sin_port=htons(56538), sin_addr=inet_addr("127.0.0.1")}, [128 => 16], SOCK_NONBLOCK) = 35
[pid 78448] read(31,  <unfinished ...>
[pid 78447] <... epoll_wait resumed>[{events=EPOLLIN, data={u32=26, u64=26}}, {events=EPOLLIN, data={u32=30, u64=30}}, {events=EPOLLIN, data={u32=14, u64=14}}], 32, -1) = 3
[pid 78445] epoll_wait(7, [{events=EPOLLIN, data={u32=28, u64=28}}, {events=EPOLLIN, data={u32=32, u64=32}}, {events=EPOLLIN, data={u32=24, u64=24}}], 32, -1) = 3
[pid 78445] read(28,  <unfinished ...>
[pid 78447] read(26,  <unfinished ...>
[pid 78446] epoll_ctl(11, EPOLL_CTL_ADD, 33, {events=EPOLLIN, data={u32=33, u64=33}} <unfinished ...>
[pid 78445] <... read resumed>"get \20\220\22\20\20\20\20\20XQyadveJqVQxclj-X3.j"..., 16384) = 70
[pid 78443] write(18, "\1\0\0\0\0\0\0\0", 8 <unfinished ...>
[pid 78448] <... read resumed>"set \20p\24\20\20\20\20\20XQyadveJqVQxclj-X3.j"..., 16384) = 1105
[pid 78447] <... read resumed>"get \20P\21\20\20\20\20\20XQyadveJqVQxclj-X3.j"..., 16384) = 70
[pid 78446] <... epoll_ctl resumed>)    = 0
[pid 78445] sendmsg(28, {msg_name=NULL, msg_namelen=0, msg_iov=[{iov_base="VALUE \20\220\22\20\20\20\20\20XQyadveJqVQxclj-X3"..., iov_len=79}, {iov_base="XQyadveJqVQxclj-X3.j8QHWXsY.duE8"..., iov_len=1026}, {iov_base="END\r\n", iov_len=5}], msg_iovlen=3, msg_controllen=0, msg_flags=0}, 0 <unfinished ...>
[pid 78443] <... write resumed>)        = 8
[pid 78448] sendmsg(31, {msg_name=NULL, msg_namelen=0, msg_iov=[{iov_base="STORED\r\n", iov_len=8}], msg_iovlen=1, msg_controllen=0, msg_flags=0}, 0 <unfinished ...>
[pid 78447] sendmsg(26, {msg_name=NULL, msg_namelen=0, msg_iov=[{iov_base="VALUE \20P\21\20\20\20\20\20XQyadveJqVQxclj-X3"..., iov_len=79}, {iov_base="XQyadveJqVQxclj-X3.j8QHWXsY.duE8"..., iov_len=1026}, {iov_base="END\r\n", iov_len=5}], msg_iovlen=3, msg_controllen=0, msg_flags=0}, 0 <unfinished ...>
[pid 78446] epoll_wait(11,  <unfinished ...>
[pid 78445] <... sendmsg resumed>)      = 1110
[pid 78443] epoll_wait(3,  <unfinished ...>
[pid 78448] <... sendmsg resumed>)      = 8
[pid 78447] <... sendmsg resumed>)      = 1110
[pid 78446] <... epoll_wait resumed>[{events=EPOLLIN, data={u32=25, u64=25}}, {events=EPOLLIN, data={u32=29, u64=29}}, {events=EPOLLIN, data={u32=33, u64=33}}], 32, -1) = 3
[pid 78445] read(32,  <unfinished ...>
[pid 78443] <... epoll_wait resumed>[{events=EPOLLIN, data={u32=22, u64=22}}], 32, 905) = 1
[pid 78448] epoll_wait(19,  <unfinished ...>
[pid 78447] read(30,  <unfinished ...>
[pid 78446] read(25,  <unfinished ...>
[pid 78445] <... read resumed>"get \20\20\25\20\20\20\20\20XQyadveJqVQxclj-X3.j"..., 16384) = 70
[pid 78443] accept4(22,  <unfinished ...>
[pid 78448] <... epoll_wait resumed>[{events=EPOLLIN, data={u32=27, u64=27}}, {events=EPOLLIN, data={u32=31, u64=31}}, {events=EPOLLIN, data={u32=18, u64=18}}], 32, -1) = 3
[pid 78447] <... read resumed>"set \20\320\23\20\20\20\20\20XQyadveJqVQxclj-X3.j"..., 16384) = 1105
[pid 78446] <... read resumed>"get \20\260\20\20\20\20\20\20XQyadveJqVQxclj-X3.j"..., 16384) = 70
[pid 78445] sendmsg(32, {msg_name=NULL, msg_namelen=0, msg_iov=[{iov_base="VALUE \20\20\25\20\20\20\20\20XQyadveJqVQxclj-X3"..., iov_len=79}, {iov_base="XQyadveJqVQxclj-X3.j8QHWXsY.duE8"..., iov_len=1026}, {iov_base="END\r\n", iov_len=5}], msg_iovlen=3, msg_controllen=0, msg_flags=0}, 0 <unfinished ...>
[pid 78443] <... accept4 resumed>{sa_family=AF_INET, sin_port=htons(56540), sin_addr=inet_addr("127.0.0.1")}, [128 => 16], SOCK_NONBLOCK) = 36
[pid 78448] read(27,  <unfinished ...>
[pid 78447] sendmsg(30, {msg_name=NULL, msg_namelen=0, msg_iov=[{iov_base="STORED\r\n", iov_len=8}], msg_iovlen=1, msg_controllen=0, msg_flags=0}, 0 <unfinished ...>
[pid 78446] sendmsg(25, {msg_name=NULL, msg_namelen=0, msg_iov=[{iov_base="VALUE \20\260\20\20\20\20\20\20XQyadveJqVQxclj-X3"..., iov_len=79}, {iov_base="XQyadveJqVQxclj-X3.j8QHWXsY.duE8"..., iov_len=1026}, {iov_base="END\r\n", iov_len=5}], msg_iovlen=3, msg_controllen=0, msg_flags=0}, 0 <unfinished ...>
[pid 78445] <... sendmsg resumed>)      = 1110
[pid 78443] write(6, "\1\0\0\0\0\0\0\0", 8 <unfinished ...>
[pid 78448] <... read resumed>"get \20\360\21\20\20\20\20\20XQyadveJqVQxclj-X3.j"..., 16384) = 70
[pid 78447] <... sendmsg resumed>)      = 8
[pid 78445] read(24,  <unfinished ...>
[pid 78443] <... write resumed>)        = 8
[pid 78448] sendmsg(27, {msg_name=NULL, msg_namelen=0, msg_iov=[{iov_base="VALUE \20\360\21\20\20\20\20\20XQyadveJqVQxclj-X3"..., iov_len=79}, {iov_base="XQyadveJqVQxclj-X3.j8QHWXsY.duE8"..., iov_len=1026}, {iov_base="END\r\n", iov_len=5}], msg_iovlen=3, msg_controllen=0, msg_flags=0}, 0 <unfinished ...>
[pid 78447] read(14,  <unfinished ...>
[pid 78446] <... sendmsg resumed>)      = 1110
[pid 78445] <... read resumed>"get \20\20\20\20\20\20\20\20XQyadveJqVQxclj-X3.j"..., 16384) = 70
[pid 78443] epoll_wait(3,  <unfinished ...>
[pid 78448] <... sendmsg resumed>)      = 1110
[pid 78447] <... read resumed>"\1\0\0\0\0\0\0\0", 8) = 8
[pid 78446] epoll_wait(11,  <unfinished ...>
[pid 78445] sendmsg(24, {msg_name=NULL, msg_namelen=0, msg_iov=[{iov_base="VALUE \20\20\20\20\20\20\20\20XQyadveJqVQxclj-X3"..., iov_len=79}, {iov_base="XQyadveJqVQxclj-X3.j8QHWXsY.duE8"..., iov_len=1026}, {iov_base="END\r\n", iov_len=5}], msg_iovlen=3, msg_controllen=0, msg_flags=0}, 0 <unfinished ...>
[pid 78443] <... epoll_wait resumed>[{events=EPOLLIN, data={u32=22, u64=22}}], 32, 893) = 1
[pid 78448] read(31,  <unfinished ...>
[pid 78446] <... epoll_wait resumed>[{events=EPOLLIN, data={u32=25, u64=25}}, {events=EPOLLIN, data={u32=29, u64=29}}, {events=EPOLLIN, data={u32=33, u64=33}}], 32, -1) = 3
[pid 78443] accept4(22,  <unfinished ...>
[pid 78448] <... read resumed>"get \20p\24\20\20\20\20\20XQyadveJqVQxclj-X3.j"..., 16384) = 70
[pid 78446] read(25,  <unfinished ...>
[pid 78445] <... sendmsg resumed>)      = 1110
[pid 78443] <... accept4 resumed>{sa_family=AF_INET, sin_port=htons(56542), sin_addr=inet_addr("127.0.0.1")}, [128 => 16], SOCK_NONBLOCK) = 37
[pid 78448] sendmsg(31, {msg_name=NULL, msg_namelen=0, msg_iov=[{iov_base="VALUE \20p\24\20\20\20\20\20XQyadveJqVQxclj-X3"..., iov_len=79}, {iov_base="XQyadveJqVQxclj-X3.j8QHWXsY.duE8"..., iov_len=1026}, {iov_base="END\r\n", iov_len=5}], msg_iovlen=3, msg_controllen=0, msg_flags=0}, 0 <unfinished ...>
[pid 78447] epoll_ctl(15, EPOLL_CTL_ADD, 34, {events=EPOLLIN, data={u32=34, u64=34}} <unfinished ...>
[pid 78446] <... read resumed>"get \20\260\20\20\20\20\20\20XQyadveJqVQxclj-X3.j"..., 16384) = 70
[pid 78447] <... epoll_ctl resumed>)    = 0
[pid 78445] epoll_wait(7,  <unfinished ...>
[pid 78443] write(10, "\1\0\0\0\0\0\0\0", 8 <unfinished ...>
[pid 78446] sendmsg(25, {msg_name=NULL, msg_namelen=0, msg_iov=[{iov_base="VALUE \20\260\20\20\20\20\20\20XQyadveJqVQxclj-X3"..., iov_len=79}, {iov_base="XQyadveJqVQxclj-X3.j8QHWXsY.duE8"..., iov_len=1026}, {iov_base="END\r\n", iov_len=5}], msg_iovlen=3, msg_controllen=0, msg_flags=0}, 0 <unfinished ...>
[pid 78443] <... write resumed>)        = 8
[pid 78448] <... sendmsg resumed>)      = 1110
[pid 78447] epoll_wait(15,  <unfinished ...>
[pid 78446] <... sendmsg resumed>)      = 1110
[pid 78445] <... epoll_wait resumed>[{events=EPOLLIN, data={u32=28, u64=28}}, {events=EPOLLIN, data={u32=32, u64=32}}, {events=EPOLLIN, data={u32=24, u64=24}}, {events=EPOLLIN, data={u32=6, u64=6}}], 32, -1) = 4
[pid 78443] epoll_wait(3,  <unfinished ...>
[pid 78448] read(18,  <unfinished ...>
[pid 78447] <... epoll_wait resumed>[{events=EPOLLIN, data={u32=26, u64=26}}, {events=EPOLLIN, data={u32=30, u64=30}}, {events=EPOLLIN, data={u32=34, u64=34}}], 32, -1) = 3
[pid 78446] read(29,  <unfinished ...>
[pid 78443] <... epoll_wait resumed>[{events=EPOLLIN, data={u32=22, u64=22}}], 32, 885) = 1
[pid 78445] read(28,  <unfinished ...>
[pid 78446] <... read resumed>"set \0200\23\20\20\20\20\20XQyadveJqVQxclj-X3.j"..., 16384) = 1105
[pid 78447] read(26,  <unfinished ...>
[pid 78445] <... read resumed>"get \20\220\22\20\20\20\20\20XQyadveJqVQxclj-X3.j"..., 16384) = 70
[pid 78443] accept4(22,  <unfinished ...>
[pid 78447] <... read resumed>"get \20P\21\20\20\20\20\20XQyadveJqVQxclj-X3.j"..., 16384) = 70
[pid 78446] sendmsg(29, {msg_name=NULL, msg_namelen=0, msg_iov=[{iov_base="STORED\r\n", iov_len=8}], msg_iovlen=1, msg_controllen=0, msg_flags=0}, 0 <unfinished ...>
[pid 78448] <... read resumed>"\1\0\0\0\0\0\0\0", 8) = 8
[pid 78443] <... accept4 resumed>{sa_family=AF_INET, sin_port=htons(56544), sin_addr=inet_addr("127.0.0.1")}, [128 => 16], SOCK_NONBLOCK) = 38
[pid 78447] sendmsg(26, {msg_name=NULL, msg_namelen=0, msg_iov=[{iov_base="VALUE \20P\21\20\20\20\20\20XQyadveJqVQxclj-X3"..., iov_len=79}, {iov_base="XQyadveJqVQxclj-X3.j8QHWXsY.duE8"..., iov_len=1026}, {iov_base="END\r\n", iov_len=5}], msg_iovlen=3, msg_controllen=0, msg_flags=0}, 0 <unfinished ...>
[pid 78445] sendmsg(28, {msg_name=NULL, msg_namelen=0, msg_iov=[{iov_base="VALUE \20\220\22\20\20\20\20\20XQyadveJqVQxclj-X3"..., iov_len=79}, {iov_base="XQyadveJqVQxclj-X3.j8QHWXsY.duE8"..., iov_len=1026}, {iov_base="END\r\n", iov_len=5}], msg_iovlen=3, msg_controllen=0, msg_flags=0}, 0 <unfinished ...>
[pid 78446] <... sendmsg resumed>)      = 8
[pid 78443] write(14, "\1\0\0\0\0\0\0\0", 8 <unfinished ...>
[pid 78447] <... sendmsg resumed>)      = 1110
[pid 78446] read(33,  <unfinished ...>
[pid 78445] <... sendmsg resumed>)      = 1110
[pid 78443] <... write resumed>)        = 8
[pid 78448] epoll_ctl(19, EPOLL_CTL_ADD, 35, {events=EPOLLIN, data={u32=35, u64=35}} <unfinished ...>
[pid 78447] read(30,  <unfinished ...>
[pid 78446] <... read resumed>"set \20\260\25\20\20\20\20\20XQyadveJqVQxclj-X3.j"..., 16384) = 1105
[pid 78445] read(32,  <unfinished ...>
[pid 78447] <... read resumed>"get \20\320\23\20\20\20\20\20XQyadveJqVQxclj-X3.j"..., 16384) = 70
[pid 78446] sendmsg(33, {msg_name=NULL, msg_namelen=0, msg_iov=[{iov_base="STORED\r\n", iov_len=8}], msg_iovlen=1, msg_controllen=0, msg_flags=0}, 0 <unfinished ...>
[pid 78443] epoll_wait(3,  <unfinished ...>
[pid 78448] <... epoll_ctl resumed>)    = 0
[pid 78447] sendmsg(30, {msg_name=NULL, msg_namelen=0, msg_iov=[{iov_base="VALUE \20\320\23\20\20\20\20\20XQyadveJqVQxclj-X3"..., iov_len=79}, {iov_base="XQyadveJqVQxclj-X3.j8QHWXsY.duE8"..., iov_len=1026}, {iov_base="END\r\n", iov_len=5}], msg_iovlen=3, msg_controllen=0, msg_flags=0}, 0 <unfinished ...>
[pid 78445] <... read resumed>"get \20\20\25\20\20\20\20\20XQyadveJqVQxclj-X3.j"..., 16384) = 70
[pid 78446] <... sendmsg resumed>)      = 8
[pid 78443] <... epoll_wait resumed>[{events=EPOLLIN, data={u32=22, u64=22}}], 32, 877) = 1
[pid 78448] epoll_wait(19,  <unfinished ...>
[pid 78447] <... sendmsg resumed>)      = 1110
[pid 78446] epoll_wait(11,  <unfinished ...>
[pid 78445] sendmsg(32, {msg_name=NULL, msg_namelen=0, msg_iov=[{iov_base="VALUE \20\20\25\20\20\20\20\20XQyadveJqVQxclj-X3"..., iov_len=79}, {iov_base="XQyadveJqVQxclj-X3.j8QHWXsY.duE8"..., iov_len=1026}, {iov_base="END\r\n", iov_len=5}], msg_iovlen=3, msg_controllen=0, msg_flags=0}, 0 <unfinished ...>
[pid 78443] accept4(22,  <unfinished ...>
[pid 78448] <... epoll_wait resumed>[{events=EPOLLIN, data={u32=27, u64=27}}, {events=EPOLLIN, data={u32=31, u64=31}}, {events=EPOLLIN, data={u32=35, u64=35}}], 32, -1) = 3
[pid 78447] epoll_wait(15,  <unfinished ...>
[pid 78446] <... epoll_wait resumed>[{events=EPOLLIN, data={u32=25, u64=25}}, {events=EPOLLIN, data={u32=29, u64=29}}, {events=EPOLLIN, data={u32=33, u64=33}}, {events=EPOLLIN, data={u32=10, u64=10}}], 32, -1) = 4
[pid 78445] <... sendmsg resumed>)      = 1110
[pid 78447] <... epoll_wait resumed>[{events=EPOLLIN, data={u32=26, u64=26}}, {events=EPOLLIN, data={u32=30, u64=30}}, {events=EPOLLIN, data={u32=34, u64=34}}, {events=EPOLLIN, data={u32=14, u64=14}}], 32, -1) = 4
[pid 78446] read(25,  <unfinished ...>
[pid 78445] read(24,  <unfinished ...>
[pid 78443] <... accept4 resumed>{sa_family=AF_INET, sin_port=htons(56546), sin_addr=inet_addr("127.0.0.1")}, [128 => 16], SOCK_NONBLOCK) = 39
[pid 78447] read(26,  <unfinished ...>
[pid 78446] <... read resumed>"get \20\260\20\20\20\20\20\20XQyadveJqVQxclj-X3.j"..., 16384) = 70
[pid 78443] write(18, "\1\0\0\0\0\0\0\0", 8 <unfinished ...>
[pid 78448] read(27,  <unfinished ...>
[pid 78447] <... read resumed>"get \20P\21\20\20\20\20\20XQyadveJqVQxclj-X3.j"..., 16384) = 70
[pid 78445] <... read resumed>"get \20\20\20\20\20\20\20\20XQyadveJqVQxclj-X3.j"..., 16384) = 70
[pid 78446] sendmsg(25, {msg_name=NULL, msg_namelen=0, msg_iov=[{iov_base="VALUE \20\260\20\20\20\20\20\20XQyadveJqVQxclj-X3"..., iov_len=79}, {iov_base="XQyadveJqVQxclj-X3.j8QHWXsY.duE8"..., iov_len=1026}, {iov_base="END\r\n", iov_len=5}], msg_iovlen=3, msg_controllen=0, msg_flags=0}, 0 <unfinished ...>
[pid 78443] <... write resumed>)        = 8
[pid 78448] <... read resumed>"get \20\360\21\20\20\20\20\20XQyadveJqVQxclj-X3.j"..., 16384) = 70
[pid 78447] sendmsg(26, {msg_name=NULL, msg_namelen=0, msg_iov=[{iov_base="VALUE \20P\21\20\20\20\20\20XQyadveJqVQxclj-X3"..., iov_len=79}, {iov_base="XQyadveJqVQxclj-X3.j8QHWXsY.duE8"..., iov_len=1026}, {iov_base="END\r\n", iov_len=5}], msg_iovlen=3, msg_controllen=0, msg_flags=0}, 0 <unfinished ...>
[pid 78445] sendmsg(24, {msg_name=NULL, msg_namelen=0, msg_iov=[{iov_base="VALUE \20\20\20\20\20\20\20\20XQyadveJqVQxclj-X3"..., iov_len=79}, {iov_base="XQyadveJqVQxclj-X3.j8QHWXsY.duE8"..., iov_len=1026}, {iov_base="END\r\n", iov_len=5}], msg_iovlen=3, msg_controllen=0, msg_flags=0}, 0 <unfinished ...>
[pid 78446] <... sendmsg resumed>)      = 1110
[pid 78443] epoll_wait(3,  <unfinished ...>
[pid 78448] sendmsg(27, {msg_name=NULL, msg_namelen=0, msg_iov=[{iov_base="VALUE \20\360\21\20\20\20\20\20XQyadveJqVQxclj-X3"..., iov_len=79}, {iov_base="XQyadveJqVQxclj-X3.j8QHWXsY.duE8"..., iov_len=1026}, {iov_base="END\r\n", iov_len=5}], msg_iovlen=3, msg_controllen=0, msg_flags=0}, 0 <unfinished ...>
[pid 78447] <... sendmsg resumed>)      = 1110
[pid 78446] read(29,  <unfinished ...>
[pid 78445] <... sendmsg resumed>)      = 1110
[pid 78447] read(30,  <unfinished ...>
[pid 78445] read(6,  <unfinished ...>
[pid 78448] <... sendmsg resumed>)      = 1110
[pid 78447] <... read resumed>"get \20\320\23\20\20\20\20\20XQyadveJqVQxclj-X3.j"..., 16384) = 70
[pid 78446] <... read resumed>"get \0200\23\20\20\20\20\20XQyadveJqVQxclj-X3.j"..., 16384) = 70
[pid 78445] <... read resumed>"\1\0\0\0\0\0\0\0", 8) = 8
[pid 78448] read(31,  <unfinished ...>
[pid 78447] sendmsg(30, {msg_name=NULL, msg_namelen=0, msg_iov=[{iov_base="VALUE \20\320\23\20\20\20\20\20XQyadveJqVQxclj-X3"..., iov_len=79}, {iov_base="XQyadveJqVQxclj-X3.j8QHWXsY.duE8"..., iov_len=1026}, {iov_base="END\r\n", iov_len=5}], msg_iovlen=3, msg_controllen=0, msg_flags=0}, 0 <unfinished ...>
[pid 78446] sendmsg(29, {msg_name=NULL, msg_namelen=0, msg_iov=[{iov_base="VALUE \0200\23\20\20\20\20\20XQyadveJqVQxclj-X3"..., iov_len=79}, {iov_base="XQyadveJqVQxclj-X3.j8QHWXsY.duE8"..., iov_len=1026}, {iov_base="END\r\n", iov_len=5}], msg_iovlen=3, msg_controllen=0, msg_flags=0}, 0 <unfinished ...>
[pid 78448] <... read resumed>"get \20p\24\20\20\20\20\20XQyadveJqVQxclj-X3.j"..., 16384) = 70
[pid 78448] sendmsg(31, {msg_name=NULL, msg_namelen=0, msg_iov=[{iov_base="VALUE \20p\24\20\20\20\20\20XQyadveJqVQxclj-X3"..., iov_len=79}, {iov_base="XQyadveJqVQxclj-X3.j8QHWXsY.duE8"..., iov_len=1026}, {iov_base="END\r\n", iov_len=5}], msg_iovlen=3, msg_controllen=0, msg_flags=0}, 0 <unfinished ...>
[pid 78447] <... sendmsg resumed>)      = 1110
[pid 78446] <... sendmsg resumed>)      = 1110
[pid 78447] read(34,  <unfinished ...>
[pid 78446] read(33,  <unfinished ...>
[pid 78448] <... sendmsg resumed>)      = 1110
[pid 78447] <... read resumed>"set \20P\26\20\20\20\20\20XQyadveJqVQxclj-X3.j"..., 16384) = 1105
[pid 78445] epoll_ctl(7, EPOLL_CTL_ADD, 36, {events=EPOLLIN, data={u32=36, u64=36}} <unfinished ...>
[pid 78448] epoll_wait(19,  <unfinished ...>
[pid 78446] <... read resumed>"get \20\260\25\20\20\20\20\20XQyadveJqVQxclj-X3.j"..., 16384) = 70
[pid 78448] <... epoll_wait resumed>[{events=EPOLLIN, data={u32=27, u64=27}}, {events=EPOLLIN, data={u32=31, u64=31}}, {events=EPOLLIN, data={u32=35, u64=35}}, {events=EPOLLIN, data={u32=18, u64=18}}], 32, -1) = 4
[pid 78447] sendmsg(34, {msg_name=NULL, msg_namelen=0, msg_iov=[{iov_base="STORED\r\n", iov_len=8}], msg_iovlen=1, msg_controllen=0, msg_flags=0}, 0 <unfinished ...>
[pid 78445] <... epoll_ctl resumed>)    = 0
[pid 78448] read(27,  <unfinished ...>
[pid 78446] sendmsg(33, {msg_name=NULL, msg_namelen=0, msg_iov=[{iov_base="VALUE \20\260\25\20\20\20\20\20XQyadveJqVQxclj-X3"..., iov_len=79}, {iov_base="XQyadveJqVQxclj-X3.j8QHWXsY.duE8"..., iov_len=1026}, {iov_base="END\r\n", iov_len=5}], msg_iovlen=3, msg_controllen=0, msg_flags=0}, 0 <unfinished ...>
[pid 78448] <... read resumed>"get \20\360\21\20\20\20\20\20XQyadveJqVQxclj-X3.j"..., 16384) = 70
[pid 78447] <... sendmsg resumed>)      = 8
[pid 78446] <... sendmsg resumed>)      = 1110
[pid 78445] epoll_wait(7,  <unfinished ...>
[pid 78448] sendmsg(27, {msg_name=NULL, msg_namelen=0, msg_iov=[{iov_base="VALUE \20\360\21\20\20\20\20\20XQyadveJqVQxclj-X3"..., iov_len=79}, {iov_base="XQyadveJqVQxclj-X3.j8QHWXsY.duE8"..., iov_len=1026}, {iov_base="END\r\n", iov_len=5}], msg_iovlen=3, msg_controllen=0, msg_flags=0}, 0 <unfinished ...>
[pid 78447] read(14,  <unfinished ...>
[pid 78446] read(10,  <unfinished ...>
[pid 78445] <... epoll_wait resumed>[{events=EPOLLIN, data={u32=28, u64=28}}, {events=EPOLLIN, data={u32=32, u64=32}}, {events=EPOLLIN, data={u32=24, u64=24}}, {events=EPOLLIN, data={u32=36, u64=36}}], 32, -1) = 4
[pid 78448] <... sendmsg resumed>)      = 1110
[pid 78448] read(31,  <unfinished ...>
[pid 78447] <... read resumed>"\1\0\0\0\0\0\0\0", 8) = 8
[pid 78446] <... read resumed>"\1\0\0\0\0\0\0\0", 8) = 8
[pid 78445] read(28,  <unfinished ...>
[pid 78448] <... read resumed>"get \20p\24\20\20\20\20\20XQyadveJqVQxclj-X3.j"..., 16384) = 70
[pid 78445] <... read resumed>"get \20\220\22\20\20\20\20\20XQyadveJqVQxclj-X3.j"..., 16384) = 70
[pid 78447] epoll_ctl(15, EPOLL_CTL_ADD, 38, {events=EPOLLIN, data={u32=38, u64=38}} <unfinished ...>
[pid 78448] sendmsg(31, {msg_name=NULL, msg_namelen=0, msg_iov=[{iov_base="VALUE \20p\24\20\20\20\20\20XQyadveJqVQxclj-X3"..., iov_len=79}, {iov_base="XQyadveJqVQxclj-X3.j8QHWXsY.duE8"..., iov_len=1026}, {iov_base="END\r\n", iov_len=5}], msg_iovlen=3, msg_controllen=0, msg_flags=0}, 0 <unfinished ...>
[pid 78447] <... epoll_ctl resumed>)    = 0
[pid 78446] epoll_ctl(11, EPOLL_CTL_ADD, 37, {events=EPOLLIN, data={u32=37, u64=37}} <unfinished ...>
[pid 78445] sendmsg(28, {msg_name=NULL, msg_namelen=0, msg_iov=[{iov_base="VALUE \20\220\22\20\20\20\20\20XQyadveJqVQxclj-X3"..., iov_len=79}, {iov_base="XQyadveJqVQxclj-X3.j8QHWXsY.duE8"..., iov_len=1026}, {iov_base="END\r\n", iov_len=5}], msg_iovlen=3, msg_controllen=0, msg_flags=0}, 0 <unfinished ...>
[pid 78448] <... sendmsg resumed>)      = 1110
[pid 78447] epoll_wait(15,  <unfinished ...>
[pid 78446] <... epoll_ctl resumed>)    = 0
[pid 78445] <... sendmsg resumed>)      = 1110
[pid 78448] read(35,  <unfinished ...>
[pid 78447] <... epoll_wait resumed>[{events=EPOLLIN, data={u32=26, u64=26}}, {events=EPOLLIN, data={u32=30, u64=30}}, {events=EPOLLIN, data={u32=34, u64=34}}, {events=EPOLLIN, data={u32=38, u64=38}}], 32, -1) = 4
[pid 78446] epoll_wait(11,  <unfinished ...>
[pid 78445] read(32,  <unfinished ...>
[pid 78448] <... read resumed>"set \20\360\26\20\20\20\20\20XQyadveJqVQxclj-X3.j"..., 16384) = 1105
[pid 78447] read(26,  <unfinished ...>
[pid 78446] <... epoll_wait resumed>[{events=EPOLLIN, data={u32=25, u64=25}}, {events=EPOLLIN, data={u32=29, u64=29}}, {events=EPOLLIN, data={u32=33, u64=33}}, {events=EPOLLIN, data={u32=37, u64=37}}], 32, -1) = 4
[pid 78445] <... read resumed>"get \20\20\25\20\20\20\20\20XQyadveJqVQxclj-X3.j"..., 16384) = 70
[pid 78448] sendmsg(35, {msg_name=NULL, msg_namelen=0, msg_iov=[{iov_base="STORED\r\n", iov_len=8}], msg_iovlen=1, msg_controllen=0, msg_flags=0}, 0 <unfinished ...>
[pid 78447] <... read resumed>"get \20P\21\20\20\20\20\20XQyadveJqVQxclj-X3.j"..., 16384) = 70
[pid 78446] read(25,  <unfinished ...>
[pid 78445] sendmsg(32, {msg_name=NULL, msg_namelen=0, msg_iov=[{iov_base="VALUE \20\20\25\20\20\20\20\20XQyadveJqVQxclj-X3"..., iov_len=79}, {iov_base="XQyadveJqVQxclj-X3.j8QHWXsY.duE8"..., iov_len=1026}, {iov_base="END\r\n", iov_len=5}], msg_iovlen=3, msg_controllen=0, msg_flags=0}, 0 <unfinished ...>
[pid 78448] <... sendmsg resumed>)      = 8
[pid 78447] sendmsg(26, {msg_name=NULL, msg_namelen=0, msg_iov=[{iov_base="VALUE \20P\21\20\20\20\20\20XQyadveJqVQxclj-X3"..., iov_len=79}, {iov_base="XQyadveJqVQxclj-X3.j8QHWXsY.duE8"..., iov_len=1026}, {iov_base="END\r\n", iov_len=5}], msg_iovlen=3, msg_controllen=0, msg_flags=0}, 0 <unfinished ...>
[pid 78446] <... read resumed>"get \20\260\20\20\20\20\20\20XQyadveJqVQxclj-X3.j"..., 16384) = 70
[pid 78445] <... sendmsg resumed>)      = 1110
[pid 78448] read(18,  <unfinished ...>
[pid 78447] <... sendmsg resumed>)      = 1110
[pid 78448] <... read resumed>"\1\0\0\0\0\0\0\0", 8) = 8
[pid 78447] read(30,  <unfinished ...>
[pid 78446] sendmsg(25, {msg_name=NULL, msg_namelen=0, msg_iov=[{iov_base="VALUE \20\260\20\20\20\20\20\20XQyadveJqVQxclj-X3"..., iov_len=79}, {iov_base="XQyadveJqVQxclj-X3.j8QHWXsY.duE8"..., iov_len=1026}, {iov_base="END\r\n", iov_len=5}], msg_iovlen=3, msg_controllen=0, msg_flags=0}, 0 <unfinished ...>
[pid 78445] read(24,  <unfinished ...>
[pid 78447] <... read resumed>"get \20\320\23\20\20\20\20\20XQyadveJqVQxclj-X3.j"..., 16384) = 70
[pid 78446] <... sendmsg resumed>)      = 1110
[pid 78445] <... read resumed>"get \20\20\20\20\20\20\20\20XQyadveJqVQxclj-X3.j"..., 16384) = 70
[pid 78448] epoll_ctl(19, EPOLL_CTL_ADD, 39, {events=EPOLLIN, data={u32=39, u64=39}} <unfinished ...>
[pid 78447] sendmsg(30, {msg_name=NULL, msg_namelen=0, msg_iov=[{iov_base="VALUE \20\320\23\20\20\20\20\20XQyadveJqVQxclj-X3"..., iov_len=79}, {iov_base="XQyadveJqVQxclj-X3.j8QHWXsY.duE8"..., iov_len=1026}, {iov_base="END\r\n", iov_len=5}], msg_iovlen=3, msg_controllen=0, msg_flags=0}, 0 <unfinished ...>
[pid 78446] read(29,  <unfinished ...>
[pid 78445] sendmsg(24, {msg_name=NULL, msg_namelen=0, msg_iov=[{iov_base="VALUE \20\20\20\20\20\20\20\20XQyadveJqVQxclj-X3"..., iov_len=79}, {iov_base="XQyadveJqVQxclj-X3.j8QHWXsY.duE8"..., iov_len=1026}, {iov_base="END\r\n", iov_len=5}], msg_iovlen=3, msg_controllen=0, msg_flags=0}, 0 <unfinished ...>
[pid 78448] <... epoll_ctl resumed>)    = 0
[pid 78447] <... sendmsg resumed>)      = 1110
