rollrat@rollrat-virtual-machine:~/Downloads/libmemcached-1.0.18$ strace -f memcached 2>&1 | egrep -i "socket|accept|connect|recv|send|read|write|poll|select|sockopt"
sh: 0: getcwd() failed: No such file or directory
mmap(NULL, 8192, PROT_READ|PROT_WRITE, MAP_PRIVATE|MAP_ANONYMOUS, -1, 0) = 0x7f93995ed000
mmap(NULL, 61665, PROT_READ, MAP_PRIVATE, 3, 0) = 0x7f93995dd000
read(3, "\177ELF\2\1\1\0\0\0\0\0\0\0\0\0\3\0>\0\1\0\0\0\0\0\0\0\0\0\0\0"..., 832) = 832
mmap(NULL, 669680, PROT_READ, MAP_PRIVATE|MAP_DENYWRITE, 3, 0) = 0x7f9399539000
mmap(0x7f9399557000, 372736, PROT_READ|PROT_EXEC, MAP_PRIVATE|MAP_FIXED|MAP_DENYWRITE, 3, 0x1e000) = 0x7f9399557000
mmap(0x7f93995b2000, 118784, PROT_READ, MAP_PRIVATE|MAP_FIXED|MAP_DENYWRITE, 3, 0x79000) = 0x7f93995b2000
mmap(0x7f93995cf000, 57344, PROT_READ|PROT_WRITE, MAP_PRIVATE|MAP_FIXED|MAP_DENYWRITE, 3, 0x95000) = 0x7f93995cf000
read(3, "\177ELF\2\1\1\0\0\0\0\0\0\0\0\0\3\0>\0\1\0\0\0\0\0\0\0\0\0\0\0"..., 832) = 832
mmap(NULL, 4461760, PROT_READ, MAP_PRIVATE|MAP_DENYWRITE, 3, 0) = 0x7f93990f7000
mmap(0x7f93991a9000, 2478080, PROT_READ|PROT_EXEC, MAP_PRIVATE|MAP_FIXED|MAP_DENYWRITE, 3, 0xb2000) = 0x7f93991a9000
mmap(0x7f9399406000, 860160, PROT_READ, MAP_PRIVATE|MAP_FIXED|MAP_DENYWRITE, 3, 0x30f000) = 0x7f9399406000
mmap(0x7f93994d8000, 385024, PROT_READ|PROT_WRITE, MAP_PRIVATE|MAP_FIXED|MAP_DENYWRITE, 3, 0x3e0000) = 0x7f93994d8000
mmap(0x7f9399536000, 9408, PROT_READ|PROT_WRITE, MAP_PRIVATE|MAP_FIXED|MAP_ANONYMOUS, -1, 0) = 0x7f9399536000
read(3, "\177ELF\2\1\1\0\0\0\0\0\0\0\0\0\3\0>\0\1\0\0\0\0\0\0\0\0\0\0\0"..., 832) = 832
mmap(NULL, 342344, PROT_READ, MAP_PRIVATE|MAP_DENYWRITE, 3, 0) = 0x7f93990a3000
mmap(0x7f93990af000, 204800, PROT_READ|PROT_EXEC, MAP_PRIVATE|MAP_FIXED|MAP_DENYWRITE, 3, 0xc000) = 0x7f93990af000
mmap(0x7f93990e1000, 77824, PROT_READ, MAP_PRIVATE|MAP_FIXED|MAP_DENYWRITE, 3, 0x3e000) = 0x7f93990e1000
mmap(0x7f93990f5000, 8192, PROT_READ|PROT_WRITE, MAP_PRIVATE|MAP_FIXED|MAP_DENYWRITE, 3, 0x51000) = 0x7f93990f5000
read(3, "\177ELF\2\1\1\0\0\0\0\0\0\0\0\0\3\0>\0\1\0\0\0\0\0\0\0\0\0\0\0"..., 832) = 832
mmap(NULL, 107504, PROT_READ, MAP_PRIVATE|MAP_DENYWRITE, 3, 0) = 0x7f9399088000
mmap(0x7f939908b000, 69632, PROT_READ|PROT_EXEC, MAP_PRIVATE|MAP_FIXED|MAP_DENYWRITE, 3, 0x3000) = 0x7f939908b000
mmap(0x7f939909c000, 20480, PROT_READ, MAP_PRIVATE|MAP_FIXED|MAP_DENYWRITE, 3, 0x14000) = 0x7f939909c000
mmap(0x7f93990a1000, 8192, PROT_READ|PROT_WRITE, MAP_PRIVATE|MAP_FIXED|MAP_DENYWRITE, 3, 0x18000) = 0x7f93990a1000
read(3, "\177ELF\2\1\1\3\0\0\0\0\0\0\0\0\3\0>\0\1\0\0\0P\237\2\0\0\0\0\0"..., 832) = 832
pread64(3, "\6\0\0\0\4\0\0\0@\0\0\0\0\0\0\0@\0\0\0\0\0\0\0@\0\0\0\0\0\0\0"..., 784, 64) = 784
pread64(3, "\4\0\0\0 \0\0\0\5\0\0\0GNU\0\2\0\0\300\4\0\0\0\3\0\0\0\0\0\0\0"..., 48, 848) = 48
pread64(3, "\4\0\0\0\24\0\0\0\3\0\0\0GNU\0\211\303\313\205\371\345PFwdq\376\320^\304A"..., 68, 896) = 68
pread64(3, "\6\0\0\0\4\0\0\0@\0\0\0\0\0\0\0@\0\0\0\0\0\0\0@\0\0\0\0\0\0\0"..., 784, 64) = 784
mmap(NULL, 2260560, PROT_READ, MAP_PRIVATE|MAP_DENYWRITE, 3, 0) = 0x7f9398e60000
mmap(0x7f9398e88000, 1658880, PROT_READ|PROT_EXEC, MAP_PRIVATE|MAP_FIXED|MAP_DENYWRITE, 3, 0x28000) = 0x7f9398e88000
mmap(0x7f939901d000, 360448, PROT_READ, MAP_PRIVATE|MAP_FIXED|MAP_DENYWRITE, 3, 0x1bd000) = 0x7f939901d000
mmap(0x7f9399075000, 24576, PROT_READ|PROT_WRITE, MAP_PRIVATE|MAP_FIXED|MAP_DENYWRITE, 3, 0x214000) = 0x7f9399075000
mmap(0x7f939907b000, 52816, PROT_READ|PROT_WRITE, MAP_PRIVATE|MAP_FIXED|MAP_ANONYMOUS, -1, 0) = 0x7f939907b000
mmap(NULL, 8192, PROT_READ|PROT_WRITE, MAP_PRIVATE|MAP_ANONYMOUS, -1, 0) = 0x7f9398e5e000
mprotect(0x7f9399075000, 16384, PROT_READ) = 0
mprotect(0x7f93990a1000, 4096, PROT_READ) = 0
mprotect(0x7f93990f5000, 4096, PROT_READ) = 0
mprotect(0x7f93994d8000, 372736, PROT_READ) = 0
mprotect(0x7f93995cf000, 40960, PROT_READ) = 0
mprotect(0x562224416000, 4096, PROT_READ) = 0
mmap(NULL, 8192, PROT_READ|PROT_WRITE, MAP_PRIVATE|MAP_ANONYMOUS, -1, 0) = 0x7f9398e5c000
mprotect(0x7f9399627000, 8192, PROT_READ) = 0
epoll_create1(EPOLL_CLOEXEC)            = 3
mprotect(0x7f939865c000, 8388608, PROT_READ|PROT_WRITE) = 0
clone3({flags=CLONE_VM|CLONE_FS|CLONE_FILES|CLONE_SIGHAND|CLONE_THREAD|CLONE_SYSVSEM|CLONE_SETTLS|CLONE_PARENT_SETTID|CLONE_CHILD_CLEARTID, child_tid=0x7f9398e5b910, parent_tid=0x7f9398e5b910, exit_signal=0, stack=0x7f939865b000, stack_size=0x7fff00, tls=0x7f9398e5b640}strace: Process 87850 attached
[pid 87849] mmap(NULL, 528384, PROT_READ|PROT_WRITE, MAP_PRIVATE|MAP_ANONYMOUS, -1, 0 <unfinished ...>
[pid 87849] mmap(NULL, 167936, PROT_READ|PROT_WRITE, MAP_PRIVATE|MAP_ANONYMOUS, -1, 0) = 0x7f93985b1000
[pid 87849] epoll_create1(EPOLL_CLOEXEC) = 7
[pid 87849] epoll_ctl(7, EPOLL_CTL_ADD, 6, {events=EPOLLIN, data={u32=6, u64=6}}) = 0
[pid 87849] epoll_create1(EPOLL_CLOEXEC) = 11
[pid 87849] epoll_ctl(11, EPOLL_CTL_ADD, 10, {events=EPOLLIN, data={u32=10, u64=10}}) = 0
[pid 87849] epoll_create1(EPOLL_CLOEXEC) = 15
[pid 87849] epoll_ctl(15, EPOLL_CTL_ADD, 14, {events=EPOLLIN, data={u32=14, u64=14}}) = 0
[pid 87849] epoll_create1(EPOLL_CLOEXEC) = 19
[pid 87849] epoll_ctl(19, EPOLL_CTL_ADD, 18, {events=EPOLLIN, data={u32=18, u64=18}}) = 0
[pid 87849] mprotect(0x7f9397db1000, 8388608, PROT_READ|PROT_WRITE) = 0
[pid 87849] clone3({flags=CLONE_VM|CLONE_FS|CLONE_FILES|CLONE_SIGHAND|CLONE_THREAD|CLONE_SYSVSEM|CLONE_SETTLS|CLONE_PARENT_SETTID|CLONE_CHILD_CLEARTID, child_tid=0x7f93985b0910, parent_tid=0x7f93985b0910, exit_signal=0, stack=0x7f9397db0000, stack_size=0x7fff00, tls=0x7f93985b0640}strace: Process 87851 attached
[pid 87849] mprotect(0x7f93975b0000, 8388608, PROT_READ|PROT_WRITE <unfinished ...>
[pid 87849] clone3({flags=CLONE_VM|CLONE_FS|CLONE_FILES|CLONE_SIGHAND|CLONE_THREAD|CLONE_SYSVSEM|CLONE_SETTLS|CLONE_PARENT_SETTID|CLONE_CHILD_CLEARTID, child_tid=0x7f9397daf910, parent_tid=0x7f9397daf910, exit_signal=0, stack=0x7f93975af000, stack_size=0x7fff00, tls=0x7f9397daf640} <unfinished ...>
[pid 87849] mprotect(0x7f938edaf000, 8388608, PROT_READ|PROT_WRITE <unfinished ...>
[pid 87849] clone3({flags=CLONE_VM|CLONE_FS|CLONE_FILES|CLONE_SIGHAND|CLONE_THREAD|CLONE_SYSVSEM|CLONE_SETTLS|CLONE_PARENT_SETTID|CLONE_CHILD_CLEARTID, child_tid=0x7f938f5ae910, parent_tid=0x7f938f5ae910, exit_signal=0, stack=0x7f938edae000, stack_size=0x7fff00, tls=0x7f938f5ae640} <unfinished ...>
[pid 87851] mprotect(0x7f9390000000, 135168, PROT_READ|PROT_WRITE <unfinished ...>
[pid 87849] mprotect(0x7f9396daf000, 8388608, PROT_READ|PROT_WRITE) = 0
[pid 87851] mmap(NULL, 135168, PROT_READ|PROT_WRITE, MAP_PRIVATE|MAP_ANONYMOUS, -1, 0 <unfinished ...>
[pid 87849] clone3({flags=CLONE_VM|CLONE_FS|CLONE_FILES|CLONE_SIGHAND|CLONE_THREAD|CLONE_SYSVSEM|CLONE_SETTLS|CLONE_PARENT_SETTID|CLONE_CHILD_CLEARTID, child_tid=0x7f93975ae910, parent_tid=0x7f93975ae910, exit_signal=0, stack=0x7f9396dae000, stack_size=0x7fff00, tls=0x7f93975ae640} <unfinished ...>
[pid 87851] epoll_wait(7,  <unfinished ...>
[pid 87852] mprotect(0x7f9388000000, 135168, PROT_READ|PROT_WRITE <unfinished ...>
[pid 87852] mmap(NULL, 135168, PROT_READ|PROT_WRITE, MAP_PRIVATE|MAP_ANONYMOUS, -1, 0 <unfinished ...>
[pid 87853] mprotect(0x7f9380000000, 135168, PROT_READ|PROT_WRITE <unfinished ...>
[pid 87854] mprotect(0x7f9384000000, 135168, PROT_READ|PROT_WRITE <unfinished ...>
[pid 87853] mmap(NULL, 135168, PROT_READ|PROT_WRITE, MAP_PRIVATE|MAP_ANONYMOUS, -1, 0 <unfinished ...>
[pid 87854] mmap(NULL, 135168, PROT_READ|PROT_WRITE, MAP_PRIVATE|MAP_ANONYMOUS, -1, 0 <unfinished ...>
[pid 87853] epoll_wait(15,  <unfinished ...>
[pid 87852] epoll_wait(11,  <unfinished ...>
[pid 87854] epoll_wait(19,  <unfinished ...>
[pid 87849] mprotect(0x7f939652a000, 8388608, PROT_READ|PROT_WRITE) = 0
[pid 87849] clone3({flags=CLONE_VM|CLONE_FS|CLONE_FILES|CLONE_SIGHAND|CLONE_THREAD|CLONE_SYSVSEM|CLONE_SETTLS|CLONE_PARENT_SETTID|CLONE_CHILD_CLEARTID, child_tid=0x7f9396d29910, parent_tid=0x7f9396d29910, exit_signal=0, stack=0x7f9396529000, stack_size=0x7fff00, tls=0x7f9396d29640}strace: Process 87855 attached
[pid 87849] mprotect(0x7f9395d29000, 8388608, PROT_READ|PROT_WRITE) = 0
[pid 87849] clone3({flags=CLONE_VM|CLONE_FS|CLONE_FILES|CLONE_SIGHAND|CLONE_THREAD|CLONE_SYSVSEM|CLONE_SETTLS|CLONE_PARENT_SETTID|CLONE_CHILD_CLEARTID, child_tid=0x7f9396528910, parent_tid=0x7f9396528910, exit_signal=0, stack=0x7f9395d28000, stack_size=0x7fff00, tls=0x7f9396528640} <unfinished ...>
[pid 87849] mprotect(0x7f9395528000, 8388608, PROT_READ|PROT_WRITE) = 0
[pid 87849] clone3({flags=CLONE_VM|CLONE_FS|CLONE_FILES|CLONE_SIGHAND|CLONE_THREAD|CLONE_SYSVSEM|CLONE_SETTLS|CLONE_PARENT_SETTID|CLONE_CHILD_CLEARTID, child_tid=0x7f9395d27910, parent_tid=0x7f9395d27910, exit_signal=0, stack=0x7f9395527000, stack_size=0x7fff00, tls=0x7f9395d27640}strace: Process 87857 attached
[pid 87849] mprotect(0x7f9394d27000, 8388608, PROT_READ|PROT_WRITE) = 0
[pid 87849] clone3({flags=CLONE_VM|CLONE_FS|CLONE_FILES|CLONE_SIGHAND|CLONE_THREAD|CLONE_SYSVSEM|CLONE_SETTLS|CLONE_PARENT_SETTID|CLONE_CHILD_CLEARTID, child_tid=0x7f9395526910, parent_tid=0x7f9395526910, exit_signal=0, stack=0x7f9394d26000, stack_size=0x7fff00, tls=0x7f9395526640}strace: Process 87858 attached
[pid 87849] read(22,  <unfinished ...>
[pid 87849] <... read resumed>"# Configuration for getaddrinfo("..., 4096) = 2584
[pid 87849] read(22,  <unfinished ...>
[pid 87849] <... read resumed>"", 4096) = 0
[pid 87849] socket(AF_NETLINK, SOCK_RAW|SOCK_CLOEXEC, NETLINK_ROUTE <unfinished ...>
[pid 87849] <... socket resumed>)       = 22
[pid 87857] mprotect(0x7f9378000000, 135168, PROT_READ|PROT_WRITE <unfinished ...>
[pid 87849] sendto(22, [{nlmsg_len=20, nlmsg_type=RTM_GETADDR, nlmsg_flags=NLM_F_REQUEST|NLM_F_DUMP, nlmsg_seq=1653053975, nlmsg_pid=0}, {ifa_family=AF_UNSPEC, ...}], 20, 0, {sa_family=AF_NETLINK, nl_pid=0, nl_groups=00000000}, 12 <unfinished ...>
[pid 87857] mmap(NULL, 139264, PROT_READ|PROT_WRITE, MAP_PRIVATE|MAP_ANONYMOUS, -1, 0 <unfinished ...>
[pid 87849] <... sendto resumed>)       = 20
[pid 87849] recvmsg(22,  <unfinished ...>
[pid 87849] <... recvmsg resumed>{msg_name={sa_family=AF_NETLINK, nl_pid=0, nl_groups=00000000}, msg_namelen=12, msg_iov=[{iov_base=[[{nlmsg_len=76, nlmsg_type=RTM_NEWADDR, nlmsg_flags=NLM_F_MULTI, nlmsg_seq=1653053975, nlmsg_pid=87849}, {ifa_family=AF_INET, ifa_prefixlen=8, ifa_flags=IFA_F_PERMANENT, ifa_scope=RT_SCOPE_HOST, ifa_index=if_nametoindex("lo")}, [[{nla_len=8, nla_type=IFA_ADDRESS}, inet_addr("127.0.0.1")], [{nla_len=8, nla_type=IFA_LOCAL}, inet_addr("127.0.0.1")], [{nla_len=7, nla_type=IFA_LABEL}, "lo"], [{nla_len=8, nla_type=IFA_FLAGS}, IFA_F_PERMANENT], [{nla_len=20, nla_type=IFA_CACHEINFO}, {ifa_prefered=4294967295, ifa_valid=4294967295, cstamp=626, tstamp=626}]]], [{nlmsg_len=88, nlmsg_type=RTM_NEWADDR, nlmsg_flags=NLM_F_MULTI, nlmsg_seq=1653053975, nlmsg_pid=87849}, {ifa_family=AF_INET, ifa_prefixlen=24, ifa_flags=0, ifa_scope=RT_SCOPE_UNIVERSE, ifa_index=if_nametoindex("ens33")}, [[{nla_len=8, nla_type=IFA_ADDRESS}, inet_addr("192.168.111.128")], [{nla_len=8, nla_type=IFA_LOCAL}, inet_addr("192.168.111.128")], [{nla_len=8, nla_type=IFA_BROADCAST}, inet_addr("192.168.111.255")], [{nla_len=10, nla_type=IFA_LABEL}, "ens33"], [{nla_len=8, nla_type=IFA_FLAGS}, IFA_F_NOPREFIXROUTE], [{nla_len=20, nla_type=IFA_CACHEINFO}, {ifa_prefered=1688, ifa_valid=1688, cstamp=1930255, tstamp=1930298}]]]], iov_len=4096}], msg_iovlen=1, msg_controllen=0, msg_flags=0}, 0) = 164
[pid 87849] recvmsg(22,  <unfinished ...>
[pid 87857] mprotect(0x7f9378021000, 4096, PROT_READ|PROT_WRITE <unfinished ...>
[pid 87849] <... recvmsg resumed>{msg_name={sa_family=AF_NETLINK, nl_pid=0, nl_groups=00000000}, msg_namelen=12, msg_iov=[{iov_base=[[{nlmsg_len=72, nlmsg_type=RTM_NEWADDR, nlmsg_flags=NLM_F_MULTI, nlmsg_seq=1653053975, nlmsg_pid=87849}, {ifa_family=AF_INET6, ifa_prefixlen=128, ifa_flags=IFA_F_PERMANENT, ifa_scope=RT_SCOPE_HOST, ifa_index=if_nametoindex("lo")}, [[{nla_len=20, nla_type=IFA_ADDRESS}, inet_pton(AF_INET6, "::1")], [{nla_len=20, nla_type=IFA_CACHEINFO}, {ifa_prefered=4294967295, ifa_valid=4294967295, cstamp=626, tstamp=626}], [{nla_len=8, nla_type=IFA_FLAGS}, IFA_F_PERMANENT]]], [{nlmsg_len=72, nlmsg_type=RTM_NEWADDR, nlmsg_flags=NLM_F_MULTI, nlmsg_seq=1653053975, nlmsg_pid=87849}, {ifa_family=AF_INET6, ifa_prefixlen=64, ifa_flags=IFA_F_PERMANENT, ifa_scope=RT_SCOPE_LINK, ifa_index=if_nametoindex("ens33")}, [[{nla_len=20, nla_type=IFA_ADDRESS}, inet_pton(AF_INET6, "fe80::a67f:38e3:a88d:a90d")], [{nla_len=20, nla_type=IFA_CACHEINFO}, {ifa_prefered=4294967295, ifa_valid=4294967295, cstamp=1930260, tstamp=1930298}], [{nla_len=8, nla_type=IFA_FLAGS}, IFA_F_PERMANENT|IFA_F_NOPREFIXROUTE]]]], iov_len=4096}], msg_iovlen=1, msg_controllen=0, msg_flags=0}, 0) = 144
[pid 87849] recvmsg(22,  <unfinished ...>
[pid 87849] <... recvmsg resumed>{msg_name={sa_family=AF_NETLINK, nl_pid=0, nl_groups=00000000}, msg_namelen=12, msg_iov=[{iov_base=[{nlmsg_len=20, nlmsg_type=NLMSG_DONE, nlmsg_flags=NLM_F_MULTI, nlmsg_seq=1653053975, nlmsg_pid=87849}, 0], iov_len=4096}], msg_iovlen=1, msg_controllen=0, msg_flags=0}, 0) = 20
[pid 87849] socket(AF_UNIX, SOCK_STREAM|SOCK_CLOEXEC|SOCK_NONBLOCK, 0) = 23
[pid 87849] connect(23, {sa_family=AF_UNIX, sun_path="/var/run/nscd/socket"}, 110) = -1 ENOENT (No such file or directory)
[pid 87849] socket(AF_INET6, SOCK_DGRAM|SOCK_CLOEXEC, IPPROTO_IP) = 22
[pid 87849] connect(22, {sa_family=AF_INET6, sin6_port=htons(11211), sin6_flowinfo=htonl(0), inet_pton(AF_INET6, "::", &sin6_addr), sin6_scope_id=0}, 28) = 0
[pid 87849] connect(22, {sa_family=AF_UNSPEC, sa_data="\0\0\0\0\0\0\0\0\0\0\0\0\0\0"}, 16) = 0
[pid 87849] connect(22, {sa_family=AF_INET, sin_port=htons(11211), sin_addr=inet_addr("0.0.0.0")}, 16) = 0
[pid 87849] socket(AF_INET, SOCK_STREAM, IPPROTO_TCP) = 22
[pid 87849] setsockopt(22, SOL_SOCKET, SO_REUSEADDR, [1], 4 <unfinished ...>
[pid 87849] <... setsockopt resumed>)   = 0
[pid 87849] setsockopt(22, SOL_SOCKET, SO_KEEPALIVE, [1], 4) = 0
[pid 87849] setsockopt(22, SOL_SOCKET, SO_LINGER, {l_onoff=0, l_linger=0}, 8) = 0
[pid 87849] setsockopt(22, SOL_TCP, TCP_NODELAY, [1], 4 <unfinished ...>
[pid 87849] <... setsockopt resumed>)   = 0
[pid 87849] epoll_ctl(3, EPOLL_CTL_ADD, 22, {events=EPOLLIN, data={u32=22, u64=22}}) = 0
[pid 87849] socket(AF_INET6, SOCK_STREAM, IPPROTO_TCP) = 23
[pid 87849] setsockopt(23, SOL_IPV6, IPV6_V6ONLY, [1], 4) = 0
[pid 87849] setsockopt(23, SOL_SOCKET, SO_REUSEADDR, [1], 4) = 0
[pid 87849] setsockopt(23, SOL_SOCKET, SO_KEEPALIVE, [1], 4) = 0
[pid 87849] setsockopt(23, SOL_SOCKET, SO_LINGER, {l_onoff=0, l_linger=0}, 8) = 0
[pid 87849] setsockopt(23, SOL_TCP, TCP_NODELAY, [1], 4) = 0
[pid 87849] epoll_ctl(3, EPOLL_CTL_ADD, 23, {events=EPOLLIN, data={u32=23, u64=23}}) = 0
[pid 87849] epoll_wait(3,  <unfinished ...>
[pid 87849] <... epoll_wait resumed>[], 32, 972) = 0
[pid 87849] epoll_wait(3,  <unfinished ...>
[pid 87849] <... epoll_wait resumed>[], 32, 1000) = 0
[pid 87849] epoll_wait(3,  <unfinished ...>
[pid 87849] <... epoll_wait resumed>[], 32, 1000) = 0
[pid 87849] epoll_wait(3,  <unfinished ...>
[pid 87849] <... epoll_wait resumed>[], 32, 1000) = 0
[pid 87849] epoll_wait(3,  <unfinished ...>
[pid 87849] <... epoll_wait resumed>[], 32, 1000) = 0
[pid 87849] epoll_wait(3,  <unfinished ...>

[pid 87849] <... epoll_wait resumed>[], 32, 1000) = 0



----------------------------------------------------------------------------------------------------------------
----------------------------------------------------------------------------------------------------------------
----------------------------------------------------------------------------------------------------------------
----------------------------------------------------------------------------------------------------------------
----------------------------------------------------------------------------------------------------------------
./clients/memaslap -s 127.0.0.1:11211 -t 20s
----------------------------------------------------------------------------------------------------------------
----------------------------------------------------------------------------------------------------------------
----------------------------------------------------------------------------------------------------------------
----------------------------------------------------------------------------------------------------------------










[pid 87849] epoll_wait(3,  <unfinished ...>




[pid 87849] <... epoll_wait resumed>[], 32, 1000) = 0
[pid 87849] epoll_wait(3,  <unfinished ...>
[pid 87849] <... epoll_wait resumed>[], 32, 1000) = 0
[pid 87849] epoll_wait(3,  <unfinished ...>
[pid 87849] <... epoll_wait resumed>[], 32, 1000) = 0
[pid 87849] epoll_wait(3,  <unfinished ...>
[pid 87849] <... epoll_wait resumed>[{events=EPOLLIN, data={u32=22, u64=22}}], 32, 1000) = 1
[pid 87849] accept4(22, {sa_family=AF_INET, sin_port=htons(56648), sin_addr=inet_addr("127.0.0.1")}, [128 => 16], SOCK_NONBLOCK) = 24
[pid 87849] write(6, "\1\0\0\0\0\0\0\0", 8) = 8
[pid 87851] <... epoll_wait resumed>[{events=EPOLLIN, data={u32=6, u64=6}}], 32, -1) = 1
[pid 87849] epoll_wait(3,  <unfinished ...>
[pid 87851] read(6, "\1\0\0\0\0\0\0\0", 8) = 8
[pid 87851] epoll_ctl(7, EPOLL_CTL_ADD, 24, {events=EPOLLIN, data={u32=24, u64=24}}) = 0
[pid 87851] epoll_wait(7,  <unfinished ...>
[pid 87849] <... epoll_wait resumed>[{events=EPOLLIN, data={u32=22, u64=22}}], 32, 544) = 1
[pid 87849] accept4(22, {sa_family=AF_INET, sin_port=htons(56650), sin_addr=inet_addr("127.0.0.1")}, [128 => 16], SOCK_NONBLOCK) = 25
[pid 87849] write(10, "\1\0\0\0\0\0\0\0", 8) = 8
[pid 87849] epoll_wait(3,  <unfinished ...>
[pid 87852] <... epoll_wait resumed>[{events=EPOLLIN, data={u32=10, u64=10}}], 32, -1) = 1
[pid 87852] read(10, "\1\0\0\0\0\0\0\0", 8) = 8
[pid 87852] epoll_ctl(11, EPOLL_CTL_ADD, 25, {events=EPOLLIN, data={u32=25, u64=25}}) = 0
[pid 87852] epoll_wait(11,  <unfinished ...>
[pid 87849] <... epoll_wait resumed>[{events=EPOLLIN, data={u32=22, u64=22}}], 32, 532) = 1
[pid 87849] accept4(22, {sa_family=AF_INET, sin_port=htons(56652), sin_addr=inet_addr("127.0.0.1")}, [128 => 16], SOCK_NONBLOCK) = 26
[pid 87849] write(14, "\1\0\0\0\0\0\0\0", 8) = 8
[pid 87849] epoll_wait(3,  <unfinished ...>
[pid 87853] <... epoll_wait resumed>[{events=EPOLLIN, data={u32=14, u64=14}}], 32, -1) = 1
[pid 87853] read(14, "\1\0\0\0\0\0\0\0", 8) = 8
[pid 87853] epoll_ctl(15, EPOLL_CTL_ADD, 26, {events=EPOLLIN, data={u32=26, u64=26}}) = 0
[pid 87853] epoll_wait(15,  <unfinished ...>
[pid 87849] <... epoll_wait resumed>[{events=EPOLLIN, data={u32=22, u64=22}}], 32, 508) = 1
[pid 87849] accept4(22, {sa_family=AF_INET, sin_port=htons(56654), sin_addr=inet_addr("127.0.0.1")}, [128 => 16], SOCK_NONBLOCK) = 27
[pid 87849] write(18, "\1\0\0\0\0\0\0\0", 8) = 8
[pid 87849] epoll_wait(3,  <unfinished ...>
[pid 87854] <... epoll_wait resumed>[{events=EPOLLIN, data={u32=18, u64=18}}], 32, -1) = 1
[pid 87854] read(18, "\1\0\0\0\0\0\0\0", 8) = 8
[pid 87854] epoll_ctl(19, EPOLL_CTL_ADD, 27, {events=EPOLLIN, data={u32=27, u64=27}}) = 0
[pid 87854] epoll_wait(19,  <unfinished ...>
[pid 87849] <... epoll_wait resumed>[{events=EPOLLIN, data={u32=22, u64=22}}], 32, 492) = 1
[pid 87849] accept4(22, {sa_family=AF_INET, sin_port=htons(56658), sin_addr=inet_addr("127.0.0.1")}, [128 => 16], SOCK_NONBLOCK) = 28
[pid 87849] write(6, "\1\0\0\0\0\0\0\0", 8) = 8
[pid 87849] epoll_wait(3,  <unfinished ...>
[pid 87851] <... epoll_wait resumed>[{events=EPOLLIN, data={u32=6, u64=6}}], 32, -1) = 1
[pid 87851] read(6, "\1\0\0\0\0\0\0\0", 8) = 8
[pid 87851] epoll_ctl(7, EPOLL_CTL_ADD, 28, {events=EPOLLIN, data={u32=28, u64=28}}) = 0
[pid 87851] epoll_wait(7,  <unfinished ...>
[pid 87849] <... epoll_wait resumed>[{events=EPOLLIN, data={u32=22, u64=22}}], 32, 476) = 1
[pid 87849] accept4(22, {sa_family=AF_INET, sin_port=htons(56660), sin_addr=inet_addr("127.0.0.1")}, [128 => 16], SOCK_NONBLOCK) = 29
[pid 87849] write(10, "\1\0\0\0\0\0\0\0", 8) = 8
[pid 87852] <... epoll_wait resumed>[{events=EPOLLIN, data={u32=10, u64=10}}], 32, -1) = 1
[pid 87849] epoll_wait(3,  <unfinished ...>
[pid 87852] read(10, "\1\0\0\0\0\0\0\0", 8) = 8
[pid 87852] epoll_ctl(11, EPOLL_CTL_ADD, 29, {events=EPOLLIN, data={u32=29, u64=29}}) = 0
[pid 87852] epoll_wait(11,  <unfinished ...>
[pid 87849] <... epoll_wait resumed>[{events=EPOLLIN, data={u32=22, u64=22}}], 32, 460) = 1
[pid 87849] accept4(22, {sa_family=AF_INET, sin_port=htons(56662), sin_addr=inet_addr("127.0.0.1")}, [128 => 16], SOCK_NONBLOCK) = 30
[pid 87849] write(14, "\1\0\0\0\0\0\0\0", 8) = 8
[pid 87853] <... epoll_wait resumed>[{events=EPOLLIN, data={u32=14, u64=14}}], 32, -1) = 1
[pid 87849] epoll_wait(3,  <unfinished ...>
[pid 87853] read(14, "\1\0\0\0\0\0\0\0", 8) = 8
[pid 87853] epoll_ctl(15, EPOLL_CTL_ADD, 30, {events=EPOLLIN, data={u32=30, u64=30}}) = 0
[pid 87853] epoll_wait(15,  <unfinished ...>
[pid 87849] <... epoll_wait resumed>[{events=EPOLLIN, data={u32=22, u64=22}}], 32, 448) = 1
[pid 87849] accept4(22, {sa_family=AF_INET, sin_port=htons(56666), sin_addr=inet_addr("127.0.0.1")}, [128 => 16], SOCK_NONBLOCK) = 31
[pid 87849] write(18, "\1\0\0\0\0\0\0\0", 8) = 8
[pid 87854] <... epoll_wait resumed>[{events=EPOLLIN, data={u32=18, u64=18}}], 32, -1) = 1
[pid 87849] epoll_wait(3,  <unfinished ...>
[pid 87854] read(18, "\1\0\0\0\0\0\0\0", 8) = 8
[pid 87854] epoll_ctl(19, EPOLL_CTL_ADD, 31, {events=EPOLLIN, data={u32=31, u64=31}}) = 0
[pid 87854] epoll_wait(19,  <unfinished ...>
[pid 87849] <... epoll_wait resumed>[{events=EPOLLIN, data={u32=22, u64=22}}], 32, 432) = 1
[pid 87849] accept4(22, {sa_family=AF_INET, sin_port=htons(56668), sin_addr=inet_addr("127.0.0.1")}, [128 => 16], SOCK_NONBLOCK) = 32
[pid 87849] write(6, "\1\0\0\0\0\0\0\0", 8) = 8
[pid 87849] epoll_wait(3,  <unfinished ...>
[pid 87851] <... epoll_wait resumed>[{events=EPOLLIN, data={u32=6, u64=6}}], 32, -1) = 1
[pid 87851] read(6, "\1\0\0\0\0\0\0\0", 8) = 8
[pid 87851] epoll_ctl(7, EPOLL_CTL_ADD, 32, {events=EPOLLIN, data={u32=32, u64=32}}) = 0
[pid 87851] epoll_wait(7,  <unfinished ...>
[pid 87849] <... epoll_wait resumed>[{events=EPOLLIN, data={u32=22, u64=22}}], 32, 412) = 1
[pid 87849] accept4(22, {sa_family=AF_INET, sin_port=htons(56670), sin_addr=inet_addr("127.0.0.1")}, [128 => 16], SOCK_NONBLOCK) = 33
[pid 87849] write(10, "\1\0\0\0\0\0\0\0", 8) = 8
[pid 87849] epoll_wait(3,  <unfinished ...>
[pid 87852] <... epoll_wait resumed>[{events=EPOLLIN, data={u32=10, u64=10}}], 32, -1) = 1
[pid 87852] read(10, "\1\0\0\0\0\0\0\0", 8) = 8
[pid 87852] epoll_ctl(11, EPOLL_CTL_ADD, 33, {events=EPOLLIN, data={u32=33, u64=33}}) = 0
[pid 87852] epoll_wait(11,  <unfinished ...>
[pid 87849] <... epoll_wait resumed>[{events=EPOLLIN, data={u32=22, u64=22}}], 32, 384) = 1
[pid 87849] accept4(22, {sa_family=AF_INET, sin_port=htons(56672), sin_addr=inet_addr("127.0.0.1")}, [128 => 16], SOCK_NONBLOCK) = 34
[pid 87849] write(14, "\1\0\0\0\0\0\0\0", 8) = 8
[pid 87853] <... epoll_wait resumed>[{events=EPOLLIN, data={u32=14, u64=14}}], 32, -1) = 1
[pid 87849] epoll_wait(3,  <unfinished ...>
[pid 87853] read(14, "\1\0\0\0\0\0\0\0", 8) = 8
[pid 87853] epoll_ctl(15, EPOLL_CTL_ADD, 34, {events=EPOLLIN, data={u32=34, u64=34}}) = 0
[pid 87853] epoll_wait(15,  <unfinished ...>
[pid 87849] <... epoll_wait resumed>[{events=EPOLLIN, data={u32=22, u64=22}}], 32, 364) = 1
[pid 87849] accept4(22, {sa_family=AF_INET, sin_port=htons(56674), sin_addr=inet_addr("127.0.0.1")}, [128 => 16], SOCK_NONBLOCK) = 35
[pid 87849] write(18, "\1\0\0\0\0\0\0\0", 8) = 8
[pid 87849] epoll_wait(3,  <unfinished ...>
[pid 87854] <... epoll_wait resumed>[{events=EPOLLIN, data={u32=18, u64=18}}], 32, -1) = 1
[pid 87854] read(18, "\1\0\0\0\0\0\0\0", 8) = 8
[pid 87854] epoll_ctl(19, EPOLL_CTL_ADD, 35, {events=EPOLLIN, data={u32=35, u64=35}}) = 0
[pid 87854] epoll_wait(19,  <unfinished ...>
[pid 87849] <... epoll_wait resumed>[{events=EPOLLIN, data={u32=22, u64=22}}], 32, 344) = 1
[pid 87849] accept4(22, {sa_family=AF_INET, sin_port=htons(56676), sin_addr=inet_addr("127.0.0.1")}, [128 => 16], SOCK_NONBLOCK) = 36
[pid 87849] write(6, "\1\0\0\0\0\0\0\0", 8) = 8
[pid 87849] epoll_wait(3,  <unfinished ...>
[pid 87851] <... epoll_wait resumed>[{events=EPOLLIN, data={u32=6, u64=6}}], 32, -1) = 1
[pid 87851] read(6, "\1\0\0\0\0\0\0\0", 8) = 8
[pid 87851] epoll_ctl(7, EPOLL_CTL_ADD, 36, {events=EPOLLIN, data={u32=36, u64=36}}) = 0
[pid 87851] epoll_wait(7,  <unfinished ...>
[pid 87849] <... epoll_wait resumed>[{events=EPOLLIN, data={u32=22, u64=22}}], 32, 324) = 1
[pid 87849] accept4(22, {sa_family=AF_INET, sin_port=htons(56678), sin_addr=inet_addr("127.0.0.1")}, [128 => 16], SOCK_NONBLOCK) = 37
[pid 87849] write(10, "\1\0\0\0\0\0\0\0", 8) = 8
[pid 87852] <... epoll_wait resumed>[{events=EPOLLIN, data={u32=10, u64=10}}], 32, -1) = 1
[pid 87849] epoll_wait(3,  <unfinished ...>
[pid 87852] read(10, "\1\0\0\0\0\0\0\0", 8) = 8
[pid 87852] epoll_ctl(11, EPOLL_CTL_ADD, 37, {events=EPOLLIN, data={u32=37, u64=37}}) = 0
[pid 87852] epoll_wait(11,  <unfinished ...>
[pid 87849] <... epoll_wait resumed>[{events=EPOLLIN, data={u32=22, u64=22}}], 32, 304) = 1
[pid 87849] accept4(22, {sa_family=AF_INET, sin_port=htons(56680), sin_addr=inet_addr("127.0.0.1")}, [128 => 16], SOCK_NONBLOCK) = 38
[pid 87849] write(14, "\1\0\0\0\0\0\0\0", 8) = 8
[pid 87849] epoll_wait(3,  <unfinished ...>
[pid 87853] <... epoll_wait resumed>[{events=EPOLLIN, data={u32=14, u64=14}}], 32, -1) = 1
[pid 87853] read(14, "\1\0\0\0\0\0\0\0", 8) = 8
[pid 87853] epoll_ctl(15, EPOLL_CTL_ADD, 38, {events=EPOLLIN, data={u32=38, u64=38}}) = 0
[pid 87853] epoll_wait(15,  <unfinished ...>
[pid 87849] <... epoll_wait resumed>[{events=EPOLLIN, data={u32=22, u64=22}}], 32, 288) = 1
[pid 87849] accept4(22, {sa_family=AF_INET, sin_port=htons(56682), sin_addr=inet_addr("127.0.0.1")}, [128 => 16], SOCK_NONBLOCK) = 39
[pid 87849] write(18, "\1\0\0\0\0\0\0\0", 8) = 8
[pid 87849] epoll_wait(3,  <unfinished ...>
[pid 87854] <... epoll_wait resumed>[{events=EPOLLIN, data={u32=18, u64=18}}], 32, -1) = 1
[pid 87854] read(18, "\1\0\0\0\0\0\0\0", 8) = 8
[pid 87854] epoll_ctl(19, EPOLL_CTL_ADD, 39, {events=EPOLLIN, data={u32=39, u64=39}}) = 0
[pid 87854] epoll_wait(19,  <unfinished ...>
[pid 87851] <... epoll_wait resumed>[{events=EPOLLIN, data={u32=24, u64=24}}], 32, -1) = 1
[pid 87851] epoll_wait(7, [{events=EPOLLIN, data={u32=24, u64=24}}], 32, -1) = 1
[pid 87851] read(24, "set \20\20\20\20\20\20\20\20aTaFSa0FvYxQ-BvH5TWU"..., 16384) = 1105
[pid 87851] mmap(NULL, 1052672, PROT_READ|PROT_WRITE, MAP_PRIVATE|MAP_ANONYMOUS, -1, 0) = 0x7f9394c03000
[pid 87851] sendmsg(24, {msg_name=NULL, msg_namelen=0, msg_iov=[{iov_base="STORED\r\n", iov_len=8}], msg_iovlen=1, msg_controllen=0, msg_flags=0}, 0) = 8
[pid 87852] <... epoll_wait resumed>[{events=EPOLLIN, data={u32=25, u64=25}}], 32, -1) = 1
[pid 87851] epoll_wait(7,  <unfinished ...>
[pid 87852] epoll_wait(11, [{events=EPOLLIN, data={u32=25, u64=25}}], 32, -1) = 1
[pid 87852] read(25, "set \20\260\20\20\20\20\20\20aTaFSa0FvYxQ-BvH5TWU"..., 16384) = 1105
[pid 87852] sendmsg(25, {msg_name=NULL, msg_namelen=0, msg_iov=[{iov_base="STORED\r\n", iov_len=8}], msg_iovlen=1, msg_controllen=0, msg_flags=0}, 0) = 8
[pid 87852] epoll_wait(11,  <unfinished ...>
[pid 87853] <... epoll_wait resumed>[{events=EPOLLIN, data={u32=26, u64=26}}], 32, -1) = 1
[pid 87853] epoll_wait(15, [{events=EPOLLIN, data={u32=26, u64=26}}], 32, -1) = 1
[pid 87853] read(26, "set \20P\21\20\20\20\20\20aTaFSa0FvYxQ-BvH5TWU"..., 16384) = 1105
[pid 87853] sendmsg(26, {msg_name=NULL, msg_namelen=0, msg_iov=[{iov_base="STORED\r\n", iov_len=8}], msg_iovlen=1, msg_controllen=0, msg_flags=0}, 0) = 8
[pid 87853] epoll_wait(15,  <unfinished ...>
[pid 87854] <... epoll_wait resumed>[{events=EPOLLIN, data={u32=27, u64=27}}], 32, -1) = 1
[pid 87854] epoll_wait(19, [{events=EPOLLIN, data={u32=27, u64=27}}], 32, -1) = 1
[pid 87854] read(27, "set \20\360\21\20\20\20\20\20aTaFSa0FvYxQ-BvH5TWU"..., 16384) = 1105
[pid 87854] sendmsg(27, {msg_name=NULL, msg_namelen=0, msg_iov=[{iov_base="STORED\r\n", iov_len=8}], msg_iovlen=1, msg_controllen=0, msg_flags=0}, 0) = 8
[pid 87854] epoll_wait(19,  <unfinished ...>
[pid 87851] <... epoll_wait resumed>[{events=EPOLLIN, data={u32=28, u64=28}}], 32, -1) = 1
[pid 87851] epoll_wait(7, [{events=EPOLLIN, data={u32=28, u64=28}}], 32, -1) = 1
[pid 87851] read(28, "set \20\220\22\20\20\20\20\20aTaFSa0FvYxQ-BvH5TWU"..., 16384) = 1105
[pid 87851] sendmsg(28, {msg_name=NULL, msg_namelen=0, msg_iov=[{iov_base="STORED\r\n", iov_len=8}], msg_iovlen=1, msg_controllen=0, msg_flags=0}, 0) = 8
[pid 87851] epoll_wait(7,  <unfinished ...>
[pid 87852] <... epoll_wait resumed>[{events=EPOLLIN, data={u32=29, u64=29}}], 32, -1) = 1
[pid 87852] epoll_wait(11, [{events=EPOLLIN, data={u32=29, u64=29}}], 32, -1) = 1
[pid 87852] read(29,  <unfinished ...>
[pid 87853] <... epoll_wait resumed>[{events=EPOLLIN, data={u32=30, u64=30}}], 32, -1) = 1
[pid 87852] <... read resumed>"set \0200\23\20\20\20\20\20aTaFSa0FvYxQ-BvH5TWU"..., 16384) = 1105
[pid 87853] epoll_wait(15, [{events=EPOLLIN, data={u32=30, u64=30}}], 32, -1) = 1
[pid 87852] sendmsg(29, {msg_name=NULL, msg_namelen=0, msg_iov=[{iov_base="STORED\r\n", iov_len=8}], msg_iovlen=1, msg_controllen=0, msg_flags=0}, 0 <unfinished ...>
[pid 87853] read(30, "set \20\320\23\20\20\20\20\20aTaFSa0FvYxQ-BvH5TWU"..., 16384) = 1105
[pid 87852] <... sendmsg resumed>)      = 8
[pid 87853] sendmsg(30, {msg_name=NULL, msg_namelen=0, msg_iov=[{iov_base="STORED\r\n", iov_len=8}], msg_iovlen=1, msg_controllen=0, msg_flags=0}, 0 <unfinished ...>
[pid 87852] epoll_wait(11,  <unfinished ...>
[pid 87853] <... sendmsg resumed>)      = 8
[pid 87853] epoll_wait(15,  <unfinished ...>
[pid 87854] <... epoll_wait resumed>[{events=EPOLLIN, data={u32=31, u64=31}}], 32, -1) = 1
[pid 87854] epoll_wait(19, [{events=EPOLLIN, data={u32=31, u64=31}}], 32, -1) = 1
[pid 87854] read(31, "set \20p\24\20\20\20\20\20aTaFSa0FvYxQ-BvH5TWU"..., 16384) = 1105
[pid 87854] sendmsg(31, {msg_name=NULL, msg_namelen=0, msg_iov=[{iov_base="STORED\r\n", iov_len=8}], msg_iovlen=1, msg_controllen=0, msg_flags=0}, 0) = 8
[pid 87854] epoll_wait(19,  <unfinished ...>
[pid 87851] <... epoll_wait resumed>[{events=EPOLLIN, data={u32=32, u64=32}}], 32, -1) = 1
[pid 87851] epoll_wait(7, [{events=EPOLLIN, data={u32=32, u64=32}}], 32, -1) = 1
[pid 87851] read(32, "set \20\20\25\20\20\20\20\20aTaFSa0FvYxQ-BvH5TWU"..., 16384) = 1105
[pid 87851] sendmsg(32, {msg_name=NULL, msg_namelen=0, msg_iov=[{iov_base="STORED\r\n", iov_len=8}], msg_iovlen=1, msg_controllen=0, msg_flags=0}, 0) = 8
[pid 87851] epoll_wait(7,  <unfinished ...>
[pid 87852] <... epoll_wait resumed>[{events=EPOLLIN, data={u32=33, u64=33}}], 32, -1) = 1
[pid 87852] epoll_wait(11, [{events=EPOLLIN, data={u32=33, u64=33}}], 32, -1) = 1
[pid 87852] read(33, "set \20\260\25\20\20\20\20\20aTaFSa0FvYxQ-BvH5TWU"..., 16384) = 1105
[pid 87852] sendmsg(33, {msg_name=NULL, msg_namelen=0, msg_iov=[{iov_base="STORED\r\n", iov_len=8}], msg_iovlen=1, msg_controllen=0, msg_flags=0}, 0) = 8
[pid 87852] epoll_wait(11,  <unfinished ...>
[pid 87853] <... epoll_wait resumed>[{events=EPOLLIN, data={u32=34, u64=34}}], 32, -1) = 1
[pid 87853] epoll_wait(15, [{events=EPOLLIN, data={u32=34, u64=34}}], 32, -1) = 1
[pid 87854] <... epoll_wait resumed>[{events=EPOLLIN, data={u32=35, u64=35}}], 32, -1) = 1
[pid 87853] read(34,  <unfinished ...>
[pid 87854] epoll_wait(19,  <unfinished ...>
[pid 87853] <... read resumed>"set \20P\26\20\20\20\20\20aTaFSa0FvYxQ-BvH5TWU"..., 16384) = 1105
[pid 87854] <... epoll_wait resumed>[{events=EPOLLIN, data={u32=35, u64=35}}], 32, -1) = 1
[pid 87854] read(35,  <unfinished ...>
[pid 87853] sendmsg(34, {msg_name=NULL, msg_namelen=0, msg_iov=[{iov_base="STORED\r\n", iov_len=8}], msg_iovlen=1, msg_controllen=0, msg_flags=0}, 0 <unfinished ...>
[pid 87854] <... read resumed>"set \20\360\26\20\20\20\20\20aTaFSa0FvYxQ-BvH5TWU"..., 16384) = 1105
[pid 87853] <... sendmsg resumed>)      = 8
[pid 87854] sendmsg(35, {msg_name=NULL, msg_namelen=0, msg_iov=[{iov_base="STORED\r\n", iov_len=8}], msg_iovlen=1, msg_controllen=0, msg_flags=0}, 0 <unfinished ...>
[pid 87853] epoll_wait(15,  <unfinished ...>
[pid 87854] <... sendmsg resumed>)      = 8
[pid 87854] epoll_wait(19,  <unfinished ...>
[pid 87851] <... epoll_wait resumed>[{events=EPOLLIN, data={u32=36, u64=36}}], 32, -1) = 1
[pid 87851] epoll_wait(7, [{events=EPOLLIN, data={u32=36, u64=36}}], 32, -1) = 1
[pid 87851] read(36, "set \20\220\27\20\20\20\20\20aTaFSa0FvYxQ-BvH5TWU"..., 16384) = 1105
[pid 87851] sendmsg(36, {msg_name=NULL, msg_namelen=0, msg_iov=[{iov_base="STORED\r\n", iov_len=8}], msg_iovlen=1, msg_controllen=0, msg_flags=0}, 0) = 8
[pid 87851] epoll_wait(7,  <unfinished ...>
[pid 87852] <... epoll_wait resumed>[{events=EPOLLIN, data={u32=37, u64=37}}], 32, -1) = 1
[pid 87852] epoll_wait(11, [{events=EPOLLIN, data={u32=37, u64=37}}], 32, -1) = 1
[pid 87852] read(37, "set \0200\30\20\20\20\20\20aTaFSa0FvYxQ-BvH5TWU"..., 16384) = 1105
[pid 87852] sendmsg(37, {msg_name=NULL, msg_namelen=0, msg_iov=[{iov_base="STORED\r\n", iov_len=8}], msg_iovlen=1, msg_controllen=0, msg_flags=0}, 0) = 8
[pid 87852] epoll_wait(11,  <unfinished ...>
[pid 87853] <... epoll_wait resumed>[{events=EPOLLIN, data={u32=38, u64=38}}], 32, -1) = 1
[pid 87853] epoll_wait(15, [{events=EPOLLIN, data={u32=38, u64=38}}], 32, -1) = 1
[pid 87853] read(38, "set \20\320\30\20\20\20\20\20aTaFSa0FvYxQ-BvH5TWU"..., 16384) = 1105
[pid 87853] sendmsg(38, {msg_name=NULL, msg_namelen=0, msg_iov=[{iov_base="STORED\r\n", iov_len=8}], msg_iovlen=1, msg_controllen=0, msg_flags=0}, 0) = 8
[pid 87853] epoll_wait(15,  <unfinished ...>
[pid 87854] <... epoll_wait resumed>[{events=EPOLLIN, data={u32=39, u64=39}}], 32, -1) = 1
[pid 87854] epoll_wait(19, [{events=EPOLLIN, data={u32=39, u64=39}}], 32, -1) = 1
[pid 87854] read(39, "set \20p\31\20\20\20\20\20aTaFSa0FvYxQ-BvH5TWU"..., 16384) = 1105
[pid 87854] sendmsg(39, {msg_name=NULL, msg_namelen=0, msg_iov=[{iov_base="STORED\r\n", iov_len=8}], msg_iovlen=1, msg_controllen=0, msg_flags=0}, 0) = 8
[pid 87854] epoll_wait(19,  <unfinished ...>
[pid 87851] <... epoll_wait resumed>[{events=EPOLLIN, data={u32=24, u64=24}}], 32, -1) = 1
[pid 87852] <... epoll_wait resumed>[{events=EPOLLIN, data={u32=25, u64=25}}], 32, -1) = 1
[pid 87851] read(24,  <unfinished ...>
[pid 87853] <... epoll_wait resumed>[{events=EPOLLIN, data={u32=26, u64=26}}], 32, -1) = 1
[pid 87852] read(25,  <unfinished ...>
[pid 87851] <... read resumed>"get \20\20\20\20\20\20\20\20aTaFSa0FvYxQ-BvH5TWU"..., 16384) = 70
[pid 87853] read(26,  <unfinished ...>
[pid 87852] <... read resumed>"get \20\260\20\20\20\20\20\20aTaFSa0FvYxQ-BvH5TWU"..., 16384) = 70
[pid 87853] <... read resumed>"get \20P\21\20\20\20\20\20aTaFSa0FvYxQ-BvH5TWU"..., 16384) = 70
[pid 87851] sendmsg(24, {msg_name=NULL, msg_namelen=0, msg_iov=[{iov_base="VALUE \20\20\20\20\20\20\20\20aTaFSa0FvYxQ-BvH5T"..., iov_len=79}, {iov_base="aTaFSa0FvYxQ-BvH5TWUWzBXo5Yf.7.Y"..., iov_len=1026}, {iov_base="END\r\n", iov_len=5}], msg_iovlen=3, msg_controllen=0, msg_flags=0}, 0 <unfinished ...>
[pid 87853] sendmsg(26, {msg_name=NULL, msg_namelen=0, msg_iov=[{iov_base="VALUE \20P\21\20\20\20\20\20aTaFSa0FvYxQ-BvH5T"..., iov_len=79}, {iov_base="aTaFSa0FvYxQ-BvH5TWUWzBXo5Yf.7.Y"..., iov_len=1026}, {iov_base="END\r\n", iov_len=5}], msg_iovlen=3, msg_controllen=0, msg_flags=0}, 0 <unfinished ...>
[pid 87852] sendmsg(25, {msg_name=NULL, msg_namelen=0, msg_iov=[{iov_base="VALUE \20\260\20\20\20\20\20\20aTaFSa0FvYxQ-BvH5T"..., iov_len=79}, {iov_base="aTaFSa0FvYxQ-BvH5TWUWzBXo5Yf.7.Y"..., iov_len=1026}, {iov_base="END\r\n", iov_len=5}], msg_iovlen=3, msg_controllen=0, msg_flags=0}, 0 <unfinished ...>
[pid 87853] <... sendmsg resumed>)      = 1110
[pid 87851] <... sendmsg resumed>)      = 1110
[pid 87852] <... sendmsg resumed>)      = 1110
[pid 87853] epoll_wait(15,  <unfinished ...>
[pid 87851] epoll_wait(7,  <unfinished ...>
[pid 87852] epoll_wait(11,  <unfinished ...>
[pid 87854] <... epoll_wait resumed>[{events=EPOLLIN, data={u32=27, u64=27}}], 32, -1) = 1
[pid 87854] read(27, "get \20\360\21\20\20\20\20\20aTaFSa0FvYxQ-BvH5TWU"..., 16384) = 70
[pid 87854] sendmsg(27, {msg_name=NULL, msg_namelen=0, msg_iov=[{iov_base="VALUE \20\360\21\20\20\20\20\20aTaFSa0FvYxQ-BvH5T"..., iov_len=79}, {iov_base="aTaFSa0FvYxQ-BvH5TWUWzBXo5Yf.7.Y"..., iov_len=1026}, {iov_base="END\r\n", iov_len=5}], msg_iovlen=3, msg_controllen=0, msg_flags=0}, 0) = 1110
[pid 87854] epoll_wait(19,  <unfinished ...>
[pid 87851] <... epoll_wait resumed>[{events=EPOLLIN, data={u32=28, u64=28}}], 32, -1) = 1
[pid 87851] read(28, "get \20\220\22\20\20\20\20\20aTaFSa0FvYxQ-BvH5TWU"..., 16384) = 70
[pid 87851] sendmsg(28, {msg_name=NULL, msg_namelen=0, msg_iov=[{iov_base="VALUE \20\220\22\20\20\20\20\20aTaFSa0FvYxQ-BvH5T"..., iov_len=79}, {iov_base="aTaFSa0FvYxQ-BvH5TWUWzBXo5Yf.7.Y"..., iov_len=1026}, {iov_base="END\r\n", iov_len=5}], msg_iovlen=3, msg_controllen=0, msg_flags=0}, 0) = 1110
[pid 87851] epoll_wait(7,  <unfinished ...>
[pid 87852] <... epoll_wait resumed>[{events=EPOLLIN, data={u32=29, u64=29}}], 32, -1) = 1
[pid 87852] read(29, "get \0200\23\20\20\20\20\20aTaFSa0FvYxQ-BvH5TWU"..., 16384) = 70
[pid 87852] sendmsg(29, {msg_name=NULL, msg_namelen=0, msg_iov=[{iov_base="VALUE \0200\23\20\20\20\20\20aTaFSa0FvYxQ-BvH5T"..., iov_len=79}, {iov_base="aTaFSa0FvYxQ-BvH5TWUWzBXo5Yf.7.Y"..., iov_len=1026}, {iov_base="END\r\n", iov_len=5}], msg_iovlen=3, msg_controllen=0, msg_flags=0}, 0) = 1110
[pid 87852] epoll_wait(11,  <unfinished ...>
[pid 87853] <... epoll_wait resumed>[{events=EPOLLIN, data={u32=30, u64=30}}], 32, -1) = 1
[pid 87853] read(30, "get \20\320\23\20\20\20\20\20aTaFSa0FvYxQ-BvH5TWU"..., 16384) = 70
[pid 87853] sendmsg(30, {msg_name=NULL, msg_namelen=0, msg_iov=[{iov_base="VALUE \20\320\23\20\20\20\20\20aTaFSa0FvYxQ-BvH5T"..., iov_len=79}, {iov_base="aTaFSa0FvYxQ-BvH5TWUWzBXo5Yf.7.Y"..., iov_len=1026}, {iov_base="END\r\n", iov_len=5}], msg_iovlen=3, msg_controllen=0, msg_flags=0}, 0) = 1110
[pid 87853] epoll_wait(15,  <unfinished ...>
[pid 87854] <... epoll_wait resumed>[{events=EPOLLIN, data={u32=31, u64=31}}], 32, -1) = 1
[pid 87854] read(31, "get \20p\24\20\20\20\20\20aTaFSa0FvYxQ-BvH5TWU"..., 16384) = 70
[pid 87854] sendmsg(31, {msg_name=NULL, msg_namelen=0, msg_iov=[{iov_base="VALUE \20p\24\20\20\20\20\20aTaFSa0FvYxQ-BvH5T"..., iov_len=79}, {iov_base="aTaFSa0FvYxQ-BvH5TWUWzBXo5Yf.7.Y"..., iov_len=1026}, {iov_base="END\r\n", iov_len=5}], msg_iovlen=3, msg_controllen=0, msg_flags=0}, 0) = 1110
[pid 87854] epoll_wait(19,  <unfinished ...>
[pid 87851] <... epoll_wait resumed>[{events=EPOLLIN, data={u32=32, u64=32}}], 32, -1) = 1
[pid 87851] read(32, "get \20\20\25\20\20\20\20\20aTaFSa0FvYxQ-BvH5TWU"..., 16384) = 70
[pid 87851] sendmsg(32, {msg_name=NULL, msg_namelen=0, msg_iov=[{iov_base="VALUE \20\20\25\20\20\20\20\20aTaFSa0FvYxQ-BvH5T"..., iov_len=79}, {iov_base="aTaFSa0FvYxQ-BvH5TWUWzBXo5Yf.7.Y"..., iov_len=1026}, {iov_base="END\r\n", iov_len=5}], msg_iovlen=3, msg_controllen=0, msg_flags=0}, 0) = 1110
[pid 87851] epoll_wait(7,  <unfinished ...>
[pid 87852] <... epoll_wait resumed>[{events=EPOLLIN, data={u32=33, u64=33}}], 32, -1) = 1
[pid 87852] read(33, "get \20\260\25\20\20\20\20\20aTaFSa0FvYxQ-BvH5TWU"..., 16384) = 70
[pid 87852] sendmsg(33, {msg_name=NULL, msg_namelen=0, msg_iov=[{iov_base="VALUE \20\260\25\20\20\20\20\20aTaFSa0FvYxQ-BvH5T"..., iov_len=79}, {iov_base="aTaFSa0FvYxQ-BvH5TWUWzBXo5Yf.7.Y"..., iov_len=1026}, {iov_base="END\r\n", iov_len=5}], msg_iovlen=3, msg_controllen=0, msg_flags=0}, 0) = 1110
[pid 87852] epoll_wait(11,  <unfinished ...>
[pid 87853] <... epoll_wait resumed>[{events=EPOLLIN, data={u32=34, u64=34}}], 32, -1) = 1
[pid 87853] read(34, "get \20P\26\20\20\20\20\20aTaFSa0FvYxQ-BvH5TWU"..., 16384) = 70
[pid 87854] <... epoll_wait resumed>[{events=EPOLLIN, data={u32=35, u64=35}}], 32, -1) = 1
[pid 87853] sendmsg(34, {msg_name=NULL, msg_namelen=0, msg_iov=[{iov_base="VALUE \20P\26\20\20\20\20\20aTaFSa0FvYxQ-BvH5T"..., iov_len=79}, {iov_base="aTaFSa0FvYxQ-BvH5TWUWzBXo5Yf.7.Y"..., iov_len=1026}, {iov_base="END\r\n", iov_len=5}], msg_iovlen=3, msg_controllen=0, msg_flags=0}, 0 <unfinished ...>
[pid 87854] read(35,  <unfinished ...>
[pid 87853] <... sendmsg resumed>)      = 1110
[pid 87854] <... read resumed>"get \20\360\26\20\20\20\20\20aTaFSa0FvYxQ-BvH5TWU"..., 16384) = 70
[pid 87853] epoll_wait(15,  <unfinished ...>
[pid 87854] sendmsg(35, {msg_name=NULL, msg_namelen=0, msg_iov=[{iov_base="VALUE \20\360\26\20\20\20\20\20aTaFSa0FvYxQ-BvH5T"..., iov_len=79}, {iov_base="aTaFSa0FvYxQ-BvH5TWUWzBXo5Yf.7.Y"..., iov_len=1026}, {iov_base="END\r\n", iov_len=5}], msg_iovlen=3, msg_controllen=0, msg_flags=0}, 0) = 1110
[pid 87854] epoll_wait(19,  <unfinished ...>
[pid 87851] <... epoll_wait resumed>[{events=EPOLLIN, data={u32=36, u64=36}}], 32, -1) = 1
[pid 87851] read(36, "get \20\220\27\20\20\20\20\20aTaFSa0FvYxQ-BvH5TWU"..., 16384) = 70
[pid 87851] sendmsg(36, {msg_name=NULL, msg_namelen=0, msg_iov=[{iov_base="VALUE \20\220\27\20\20\20\20\20aTaFSa0FvYxQ-BvH5T"..., iov_len=79}, {iov_base="aTaFSa0FvYxQ-BvH5TWUWzBXo5Yf.7.Y"..., iov_len=1026}, {iov_base="END\r\n", iov_len=5}], msg_iovlen=3, msg_controllen=0, msg_flags=0}, 0) = 1110
[pid 87851] epoll_wait(7,  <unfinished ...>
[pid 87852] <... epoll_wait resumed>[{events=EPOLLIN, data={u32=37, u64=37}}], 32, -1) = 1
[pid 87852] read(37, "get \0200\30\20\20\20\20\20aTaFSa0FvYxQ-BvH5TWU"..., 16384) = 70
[pid 87852] sendmsg(37, {msg_name=NULL, msg_namelen=0, msg_iov=[{iov_base="VALUE \0200\30\20\20\20\20\20aTaFSa0FvYxQ-BvH5T"..., iov_len=79}, {iov_base="aTaFSa0FvYxQ-BvH5TWUWzBXo5Yf.7.Y"..., iov_len=1026}, {iov_base="END\r\n", iov_len=5}], msg_iovlen=3, msg_controllen=0, msg_flags=0}, 0 <unfinished ...>
[pid 87854] <... epoll_wait resumed>[{events=EPOLLIN, data={u32=39, u64=39}}], 32, -1) = 1
[pid 87853] <... epoll_wait resumed>[{events=EPOLLIN, data={u32=38, u64=38}}], 32, -1) = 1
[pid 87851] <... epoll_wait resumed>[{events=EPOLLIN, data={u32=24, u64=24}}], 32, -1) = 1
[pid 87854] read(39,  <unfinished ...>
[pid 87852] <... sendmsg resumed>)      = 1110
[pid 87854] <... read resumed>"get \20p\31\20\20\20\20\20aTaFSa0FvYxQ-BvH5TWU"..., 16384) = 70
[pid 87853] read(38,  <unfinished ...>
[pid 87851] read(24,  <unfinished ...>
[pid 87854] sendmsg(39, {msg_name=NULL, msg_namelen=0, msg_iov=[{iov_base="VALUE \20p\31\20\20\20\20\20aTaFSa0FvYxQ-BvH5T"..., iov_len=79}, {iov_base="aTaFSa0FvYxQ-BvH5TWUWzBXo5Yf.7.Y"..., iov_len=1026}, {iov_base="END\r\n", iov_len=5}], msg_iovlen=3, msg_controllen=0, msg_flags=0}, 0 <unfinished ...>
[pid 87852] epoll_wait(11,  <unfinished ...>
[pid 87853] <... read resumed>"get \20\320\30\20\20\20\20\20aTaFSa0FvYxQ-BvH5TWU"..., 16384) = 70
[pid 87854] <... sendmsg resumed>)      = 1110
[pid 87851] <... read resumed>"get \20\20\20\20\20\20\20\20aTaFSa0FvYxQ-BvH5TWU"..., 16384) = 70
[pid 87854] epoll_wait(19,  <unfinished ...>
[pid 87853] sendmsg(38, {msg_name=NULL, msg_namelen=0, msg_iov=[{iov_base="VALUE \20\320\30\20\20\20\20\20aTaFSa0FvYxQ-BvH5T"..., iov_len=79}, {iov_base="aTaFSa0FvYxQ-BvH5TWUWzBXo5Yf.7.Y"..., iov_len=1026}, {iov_base="END\r\n", iov_len=5}], msg_iovlen=3, msg_controllen=0, msg_flags=0}, 0 <unfinished ...>
[pid 87851] sendmsg(24, {msg_name=NULL, msg_namelen=0, msg_iov=[{iov_base="VALUE \20\20\20\20\20\20\20\20aTaFSa0FvYxQ-BvH5T"..., iov_len=79}, {iov_base="aTaFSa0FvYxQ-BvH5TWUWzBXo5Yf.7.Y"..., iov_len=1026}, {iov_base="END\r\n", iov_len=5}], msg_iovlen=3, msg_controllen=0, msg_flags=0}, 0 <unfinished ...>
[pid 87853] <... sendmsg resumed>)      = 1110
[pid 87851] <... sendmsg resumed>)      = 1110
[pid 87853] epoll_wait(15,  <unfinished ...>
[pid 87851] epoll_wait(7,  <unfinished ...>
[pid 87852] <... epoll_wait resumed>[{events=EPOLLIN, data={u32=25, u64=25}}], 32, -1) = 1
[pid 87852] read(25, "get \20\260\20\20\20\20\20\20aTaFSa0FvYxQ-BvH5TWU"..., 16384) = 70
[pid 87852] sendmsg(25, {msg_name=NULL, msg_namelen=0, msg_iov=[{iov_base="VALUE \20\260\20\20\20\20\20\20aTaFSa0FvYxQ-BvH5T"..., iov_len=79}, {iov_base="aTaFSa0FvYxQ-BvH5TWUWzBXo5Yf.7.Y"..., iov_len=1026}, {iov_base="END\r\n", iov_len=5}], msg_iovlen=3, msg_controllen=0, msg_flags=0}, 0 <unfinished ...>
[pid 87853] <... epoll_wait resumed>[{events=EPOLLIN, data={u32=26, u64=26}}], 32, -1) = 1
[pid 87852] <... sendmsg resumed>)      = 1110
[pid 87853] read(26,  <unfinished ...>
[pid 87852] epoll_wait(11,  <unfinished ...>
[pid 87853] <... read resumed>"get \20P\21\20\20\20\20\20aTaFSa0FvYxQ-BvH5TWU"..., 16384) = 70
[pid 87853] sendmsg(26, {msg_name=NULL, msg_namelen=0, msg_iov=[{iov_base="VALUE \20P\21\20\20\20\20\20aTaFSa0FvYxQ-BvH5T"..., iov_len=79}, {iov_base="aTaFSa0FvYxQ-BvH5TWUWzBXo5Yf.7.Y"..., iov_len=1026}, {iov_base="END\r\n", iov_len=5}], msg_iovlen=3, msg_controllen=0, msg_flags=0}, 0) = 1110
[pid 87853] epoll_wait(15,  <unfinished ...>
[pid 87854] <... epoll_wait resumed>[{events=EPOLLIN, data={u32=27, u64=27}}], 32, -1) = 1
[pid 87854] read(27, "get \20\360\21\20\20\20\20\20aTaFSa0FvYxQ-BvH5TWU"..., 16384) = 70
[pid 87854] sendmsg(27, {msg_name=NULL, msg_namelen=0, msg_iov=[{iov_base="VALUE \20\360\21\20\20\20\20\20aTaFSa0FvYxQ-BvH5T"..., iov_len=79}, {iov_base="aTaFSa0FvYxQ-BvH5TWUWzBXo5Yf.7.Y"..., iov_len=1026}, {iov_base="END\r\n", iov_len=5}], msg_iovlen=3, msg_controllen=0, msg_flags=0}, 0) = 1110
[pid 87854] epoll_wait(19,  <unfinished ...>
[pid 87851] <... epoll_wait resumed>[{events=EPOLLIN, data={u32=28, u64=28}}], 32, -1) = 1
[pid 87851] read(28, "get \20\220\22\20\20\20\20\20aTaFSa0FvYxQ-BvH5TWU"..., 16384) = 70
[pid 87851] sendmsg(28, {msg_name=NULL, msg_namelen=0, msg_iov=[{iov_base="VALUE \20\220\22\20\20\20\20\20aTaFSa0FvYxQ-BvH5T"..., iov_len=79}, {iov_base="aTaFSa0FvYxQ-BvH5TWUWzBXo5Yf.7.Y"..., iov_len=1026}, {iov_base="END\r\n", iov_len=5}], msg_iovlen=3, msg_controllen=0, msg_flags=0}, 0) = 1110
[pid 87851] epoll_wait(7,  <unfinished ...>
[pid 87852] <... epoll_wait resumed>[{events=EPOLLIN, data={u32=29, u64=29}}], 32, -1) = 1
[pid 87852] read(29, "get \0200\23\20\20\20\20\20aTaFSa0FvYxQ-BvH5TWU"..., 16384) = 70
[pid 87852] sendmsg(29, {msg_name=NULL, msg_namelen=0, msg_iov=[{iov_base="VALUE \0200\23\20\20\20\20\20aTaFSa0FvYxQ-BvH5T"..., iov_len=79}, {iov_base="aTaFSa0FvYxQ-BvH5TWUWzBXo5Yf.7.Y"..., iov_len=1026}, {iov_base="END\r\n", iov_len=5}], msg_iovlen=3, msg_controllen=0, msg_flags=0}, 0 <unfinished ...>
[pid 87853] <... epoll_wait resumed>[{events=EPOLLIN, data={u32=30, u64=30}}], 32, -1) = 1
[pid 87852] <... sendmsg resumed>)      = 1110
[pid 87853] read(30,  <unfinished ...>
[pid 87852] epoll_wait(11,  <unfinished ...>
[pid 87853] <... read resumed>"get \20\320\23\20\20\20\20\20aTaFSa0FvYxQ-BvH5TWU"..., 16384) = 70
[pid 87853] sendmsg(30, {msg_name=NULL, msg_namelen=0, msg_iov=[{iov_base="VALUE \20\320\23\20\20\20\20\20aTaFSa0FvYxQ-BvH5T"..., iov_len=79}, {iov_base="aTaFSa0FvYxQ-BvH5TWUWzBXo5Yf.7.Y"..., iov_len=1026}, {iov_base="END\r\n", iov_len=5}], msg_iovlen=3, msg_controllen=0, msg_flags=0}, 0 <unfinished ...>
[pid 87854] <... epoll_wait resumed>[{events=EPOLLIN, data={u32=31, u64=31}}], 32, -1) = 1
[pid 87853] <... sendmsg resumed>)      = 1110
[pid 87854] read(31,  <unfinished ...>
[pid 87853] epoll_wait(15,  <unfinished ...>
[pid 87854] <... read resumed>"get \20p\24\20\20\20\20\20aTaFSa0FvYxQ-BvH5TWU"..., 16384) = 70
[pid 87854] sendmsg(31, {msg_name=NULL, msg_namelen=0, msg_iov=[{iov_base="VALUE \20p\24\20\20\20\20\20aTaFSa0FvYxQ-BvH5T"..., iov_len=79}, {iov_base="aTaFSa0FvYxQ-BvH5TWUWzBXo5Yf.7.Y"..., iov_len=1026}, {iov_base="END\r\n", iov_len=5}], msg_iovlen=3, msg_controllen=0, msg_flags=0}, 0) = 1110
[pid 87851] <... epoll_wait resumed>[{events=EPOLLIN, data={u32=32, u64=32}}], 32, -1) = 1
[pid 87854] epoll_wait(19,  <unfinished ...>
[pid 87851] read(32, "get \20\20\25\20\20\20\20\20aTaFSa0FvYxQ-BvH5TWU"..., 16384) = 70
[pid 87851] sendmsg(32, {msg_name=NULL, msg_namelen=0, msg_iov=[{iov_base="VALUE \20\20\25\20\20\20\20\20aTaFSa0FvYxQ-BvH5T"..., iov_len=79}, {iov_base="aTaFSa0FvYxQ-BvH5TWUWzBXo5Yf.7.Y"..., iov_len=1026}, {iov_base="END\r\n", iov_len=5}], msg_iovlen=3, msg_controllen=0, msg_flags=0}, 0 <unfinished ...>
[pid 87852] <... epoll_wait resumed>[{events=EPOLLIN, data={u32=33, u64=33}}], 32, -1) = 1
[pid 87851] <... sendmsg resumed>)      = 1110
[pid 87852] read(33,  <unfinished ...>
[pid 87851] epoll_wait(7,  <unfinished ...>
[pid 87852] <... read resumed>"get \20\260\25\20\20\20\20\20aTaFSa0FvYxQ-BvH5TWU"..., 16384) = 70
[pid 87852] sendmsg(33, {msg_name=NULL, msg_namelen=0, msg_iov=[{iov_base="VALUE \20\260\25\20\20\20\20\20aTaFSa0FvYxQ-BvH5T"..., iov_len=79}, {iov_base="aTaFSa0FvYxQ-BvH5TWUWzBXo5Yf.7.Y"..., iov_len=1026}, {iov_base="END\r\n", iov_len=5}], msg_iovlen=3, msg_controllen=0, msg_flags=0}, 0 <unfinished ...>
[pid 87853] <... epoll_wait resumed>[{events=EPOLLIN, data={u32=34, u64=34}}], 32, -1) = 1
[pid 87852] <... sendmsg resumed>)      = 1110
[pid 87853] read(34,  <unfinished ...>
[pid 87852] epoll_wait(11,  <unfinished ...>
[pid 87853] <... read resumed>"get \20P\26\20\20\20\20\20aTaFSa0FvYxQ-BvH5TWU"..., 16384) = 70
[pid 87854] <... epoll_wait resumed>[{events=EPOLLIN, data={u32=35, u64=35}}], 32, -1) = 1
[pid 87853] sendmsg(34, {msg_name=NULL, msg_namelen=0, msg_iov=[{iov_base="VALUE \20P\26\20\20\20\20\20aTaFSa0FvYxQ-BvH5T"..., iov_len=79}, {iov_base="aTaFSa0FvYxQ-BvH5TWUWzBXo5Yf.7.Y"..., iov_len=1026}, {iov_base="END\r\n", iov_len=5}], msg_iovlen=3, msg_controllen=0, msg_flags=0}, 0 <unfinished ...>
[pid 87854] read(35,  <unfinished ...>
[pid 87852] <... epoll_wait resumed>[{events=EPOLLIN, data={u32=25, u64=25}}], 32, -1) = 1
[pid 87851] <... epoll_wait resumed>[{events=EPOLLIN, data={u32=36, u64=36}}], 32, -1) = 1
[pid 87854] <... read resumed>"get \20\360\26\20\20\20\20\20aTaFSa0FvYxQ-BvH5TWU"..., 16384) = 70
[pid 87853] <... sendmsg resumed>)      = 1110
[pid 87852] read(25,  <unfinished ...>
[pid 87851] read(36,  <unfinished ...>
