[pid 87851] <... epoll_wait resumed>[{events=EPOLLIN, data={u32=28, u64=28}}, {events=EPOLLIN, data={u32=24, u64=24}}, {events=EPOLLIN, data={u32=36, u64=36}}], 32, -1) = 3
[pid 87854] <... sendmsg resumed>)      = 1110
[pid 87853] <... sendmsg resumed>)      = 8
[pid 87854] epoll_wait(19,  <unfinished ...>
[pid 87853] epoll_wait(15,  <unfinished ...>
[pid 87852] read(25,  <unfinished ...>
[pid 87851] read(28,  <unfinished ...>
[pid 87854] <... epoll_wait resumed>[{events=EPOLLIN, data={u32=39, u64=39}}, {events=EPOLLIN, data={u32=31, u64=31}}, {events=EPOLLIN, data={u32=35, u64=35}}], 32, -1) = 3
[pid 87853] <... epoll_wait resumed>[{events=EPOLLIN, data={u32=38, u64=38}}, {events=EPOLLIN, data={u32=34, u64=34}}], 32, -1) = 2
[pid 87852] <... read resumed>"get \20\260\20\20\20\20\20\20aTaFSa0FvYxQ-BvH5TWU"..., 16384) = 70
[pid 87851] <... read resumed>"get \23\220\22\20\20\20\20\20waf8t6x1IbehXlKt1EJ8"..., 16384) = 70
[pid 87854] read(39,  <unfinished ...>
[pid 87853] read(38,  <unfinished ...>
[pid 87852] sendmsg(25, {msg_name=NULL, msg_namelen=0, msg_iov=[{iov_base="VALUE \20\260\20\20\20\20\20\20aTaFSa0FvYxQ-BvH5T"..., iov_len=79}, {iov_base="aTaFSa0FvYxQ-BvH5TWUWzBXo5Yf.7.Y"..., iov_len=1026}, {iov_base="END\r\n", iov_len=5}], msg_iovlen=3, msg_controllen=0, msg_flags=0}, 0 <unfinished ...>
[pid 87851] sendmsg(28, {msg_name=NULL, msg_namelen=0, msg_iov=[{iov_base="VALUE \23\220\22\20\20\20\20\20waf8t6x1IbehXlKt1E"..., iov_len=79}, {iov_base="waf8t6x1IbehXlKt1EJ8xNjpLT3Hp-0k"..., iov_len=1026}, {iov_base="END\r\n", iov_len=5}], msg_iovlen=3, msg_controllen=0, msg_flags=0}, 0 <unfinished ...>
[pid 87854] <... read resumed>"get \22p\31\20\20\20\20\20YTnkVpK01VuJlarLVI4Q"..., 16384) = 70
[pid 87853] <... read resumed>"get \21\320\30\20\20\20\20\20Q9TtvmBq3aynR9Dn74PF"..., 16384) = 70
[pid 87852] <... sendmsg resumed>)      = 1110
[pid 87851] <... sendmsg resumed>)      = 1110
[pid 87854] sendmsg(39, {msg_name=NULL, msg_namelen=0, msg_iov=[{iov_base="VALUE \22p\31\20\20\20\20\20YTnkVpK01VuJlarLVI"..., iov_len=79}, {iov_base="YTnkVpK01VuJlarLVI4QpWfM8npRYHG4"..., iov_len=1026}, {iov_base="END\r\n", iov_len=5}], msg_iovlen=3, msg_controllen=0, msg_flags=0}, 0 <unfinished ...>
[pid 87853] sendmsg(38, {msg_name=NULL, msg_namelen=0, msg_iov=[{iov_base="VALUE \21\320\30\20\20\20\20\20Q9TtvmBq3aynR9Dn74"..., iov_len=79}, {iov_base="Q9TtvmBq3aynR9Dn74PFxEixnUIV2mxS"..., iov_len=1026}, {iov_base="END\r\n", iov_len=5}], msg_iovlen=3, msg_controllen=0, msg_flags=0}, 0 <unfinished ...>
[pid 87852] read(37,  <unfinished ...>
[pid 87851] read(24,  <unfinished ...>
[pid 87854] <... sendmsg resumed>)      = 1110
[pid 87853] <... sendmsg resumed>)      = 1110
[pid 87852] <... read resumed>"get \0200\30\20\20\20\20\20aTaFSa0FvYxQ-BvH5TWU"..., 16384) = 70
[pid 87851] <... read resumed>"get \23\20\20\20\20\20\20\20waf8t6x1IbehXlKt1EJ8"..., 16384) = 70
[pid 87854] read(31,  <unfinished ...>
[pid 87853] read(34,  <unfinished ...>
[pid 87852] sendmsg(37, {msg_name=NULL, msg_namelen=0, msg_iov=[{iov_base="VALUE \0200\30\20\20\20\20\20aTaFSa0FvYxQ-BvH5T"..., iov_len=79}, {iov_base="aTaFSa0FvYxQ-BvH5TWUWzBXo5Yf.7.Y"..., iov_len=1026}, {iov_base="END\r\n", iov_len=5}], msg_iovlen=3, msg_controllen=0, msg_flags=0}, 0 <unfinished ...>
[pid 87851] sendmsg(24, {msg_name=NULL, msg_namelen=0, msg_iov=[{iov_base="VALUE \23\20\20\20\20\20\20\20waf8t6x1IbehXlKt1E"..., iov_len=79}, {iov_base="waf8t6x1IbehXlKt1EJ8xNjpLT3Hp-0k"..., iov_len=1026}, {iov_base="END\r\n", iov_len=5}], msg_iovlen=3, msg_controllen=0, msg_flags=0}, 0 <unfinished ...>
[pid 87854] <... read resumed>"get \20p\24\20\20\20\20\20aTaFSa0FvYxQ-BvH5TWU"..., 16384) = 70
[pid 87853] <... read resumed>"get \22P\26\20\20\20\20\20YTnkVpK01VuJlarLVI4Q"..., 16384) = 70
[pid 87852] <... sendmsg resumed>)      = 1110
[pid 87851] <... sendmsg resumed>)      = 1110
[pid 87854] sendmsg(31, {msg_name=NULL, msg_namelen=0, msg_iov=[{iov_base="VALUE \20p\24\20\20\20\20\20aTaFSa0FvYxQ-BvH5T"..., iov_len=79}, {iov_base="aTaFSa0FvYxQ-BvH5TWUWzBXo5Yf.7.Y"..., iov_len=1026}, {iov_base="END\r\n", iov_len=5}], msg_iovlen=3, msg_controllen=0, msg_flags=0}, 0 <unfinished ...>
[pid 87853] sendmsg(34, {msg_name=NULL, msg_namelen=0, msg_iov=[{iov_base="VALUE \22P\26\20\20\20\20\20YTnkVpK01VuJlarLVI"..., iov_len=79}, {iov_base="YTnkVpK01VuJlarLVI4QpWfM8npRYHG4"..., iov_len=1026}, {iov_base="END\r\n", iov_len=5}], msg_iovlen=3, msg_controllen=0, msg_flags=0}, 0 <unfinished ...>
[pid 87852] epoll_wait(11,  <unfinished ...>
[pid 87851] read(36,  <unfinished ...>
[pid 87854] <... sendmsg resumed>)      = 1110
[pid 87853] <... sendmsg resumed>)      = 1110
[pid 87852] <... epoll_wait resumed>[{events=EPOLLIN, data={u32=25, u64=25}}, {events=EPOLLIN, data={u32=29, u64=29}}, {events=EPOLLIN, data={u32=33, u64=33}}], 32, -1) = 3
[pid 87851] <... read resumed>"get \23\220\27\20\20\20\20\20waf8t6x1IbehXlKt1EJ8"..., 16384) = 70
[pid 87854] read(35,  <unfinished ...>
[pid 87853] epoll_wait(15,  <unfinished ...>
[pid 87852] read(25,  <unfinished ...>
[pid 87851] sendmsg(36, {msg_name=NULL, msg_namelen=0, msg_iov=[{iov_base="VALUE \23\220\27\20\20\20\20\20waf8t6x1IbehXlKt1E"..., iov_len=79}, {iov_base="waf8t6x1IbehXlKt1EJ8xNjpLT3Hp-0k"..., iov_len=1026}, {iov_base="END\r\n", iov_len=5}], msg_iovlen=3, msg_controllen=0, msg_flags=0}, 0 <unfinished ...>
[pid 87854] <... read resumed>"get \20\360\26\20\20\20\20\20aTaFSa0FvYxQ-BvH5TWU"..., 16384) = 70
[pid 87853] <... epoll_wait resumed>[{events=EPOLLIN, data={u32=38, u64=38}}, {events=EPOLLIN, data={u32=30, u64=30}}, {events=EPOLLIN, data={u32=26, u64=26}}], 32, -1) = 3
[pid 87852] <... read resumed>"get \22\260\20\20\20\20\20\20YTnkVpK01VuJlarLVI4Q"..., 16384) = 70
[pid 87851] <... sendmsg resumed>)      = 1110
[pid 87854] sendmsg(35, {msg_name=NULL, msg_namelen=0, msg_iov=[{iov_base="VALUE \20\360\26\20\20\20\20\20aTaFSa0FvYxQ-BvH5T"..., iov_len=79}, {iov_base="aTaFSa0FvYxQ-BvH5TWUWzBXo5Yf.7.Y"..., iov_len=1026}, {iov_base="END\r\n", iov_len=5}], msg_iovlen=3, msg_controllen=0, msg_flags=0}, 0 <unfinished ...>
[pid 87853] read(38,  <unfinished ...>
[pid 87852] sendmsg(25, {msg_name=NULL, msg_namelen=0, msg_iov=[{iov_base="VALUE \22\260\20\20\20\20\20\20YTnkVpK01VuJlarLVI"..., iov_len=79}, {iov_base="YTnkVpK01VuJlarLVI4QpWfM8npRYHG4"..., iov_len=1026}, {iov_base="END\r\n", iov_len=5}], msg_iovlen=3, msg_controllen=0, msg_flags=0}, 0 <unfinished ...>
[pid 87851] epoll_wait(7,  <unfinished ...>
[pid 87854] <... sendmsg resumed>)      = 1110
[pid 87853] <... read resumed>"get \23\320\30\20\20\20\20\20waf8t6x1IbehXlKt1EJ8"..., 16384) = 70
[pid 87852] <... sendmsg resumed>)      = 1110
[pid 87851] <... epoll_wait resumed>[{events=EPOLLIN, data={u32=28, u64=28}}, {events=EPOLLIN, data={u32=24, u64=24}}, {events=EPOLLIN, data={u32=32, u64=32}}], 32, -1) = 3
[pid 87854] epoll_wait(19,  <unfinished ...>
[pid 87853] sendmsg(38, {msg_name=NULL, msg_namelen=0, msg_iov=[{iov_base="VALUE \23\320\30\20\20\20\20\20waf8t6x1IbehXlKt1E"..., iov_len=79}, {iov_base="waf8t6x1IbehXlKt1EJ8xNjpLT3Hp-0k"..., iov_len=1026}, {iov_base="END\r\n", iov_len=5}], msg_iovlen=3, msg_controllen=0, msg_flags=0}, 0 <unfinished ...>
[pid 87852] read(29,  <unfinished ...>
[pid 87851] read(28,  <unfinished ...>
[pid 87854] <... epoll_wait resumed>[{events=EPOLLIN, data={u32=39, u64=39}}, {events=EPOLLIN, data={u32=31, u64=31}}, {events=EPOLLIN, data={u32=27, u64=27}}], 32, -1) = 3
[pid 87853] <... sendmsg resumed>)      = 1110
[pid 87852] <... read resumed>"get \0200\23\20\20\20\20\20aTaFSa0FvYxQ-BvH5TWU"..., 16384) = 70
[pid 87851] <... read resumed>"get \22\220\22\20\20\20\20\20YTnkVpK01VuJlarLVI4Q"..., 16384) = 70
[pid 87854] read(39,  <unfinished ...>
[pid 87853] read(30,  <unfinished ...>
[pid 87852] sendmsg(29, {msg_name=NULL, msg_namelen=0, msg_iov=[{iov_base="VALUE \0200\23\20\20\20\20\20aTaFSa0FvYxQ-BvH5T"..., iov_len=79}, {iov_base="aTaFSa0FvYxQ-BvH5TWUWzBXo5Yf.7.Y"..., iov_len=1026}, {iov_base="END\r\n", iov_len=5}], msg_iovlen=3, msg_controllen=0, msg_flags=0}, 0 <unfinished ...>
[pid 87851] sendmsg(28, {msg_name=NULL, msg_namelen=0, msg_iov=[{iov_base="VALUE \22\220\22\20\20\20\20\20YTnkVpK01VuJlarLVI"..., iov_len=79}, {iov_base="YTnkVpK01VuJlarLVI4QpWfM8npRYHG4"..., iov_len=1026}, {iov_base="END\r\n", iov_len=5}], msg_iovlen=3, msg_controllen=0, msg_flags=0}, 0 <unfinished ...>
[pid 87854] <... read resumed>"get \22p\31\20\20\20\20\20YTnkVpK01VuJlarLVI4Q"..., 16384) = 70
[pid 87853] <... read resumed>"get \21\320\23\20\20\20\20\20Q9TtvmBq3aynR9Dn74PF"..., 16384) = 70
[pid 87852] <... sendmsg resumed>)      = 1110
[pid 87851] <... sendmsg resumed>)      = 1110
[pid 87854] sendmsg(39, {msg_name=NULL, msg_namelen=0, msg_iov=[{iov_base="VALUE \22p\31\20\20\20\20\20YTnkVpK01VuJlarLVI"..., iov_len=79}, {iov_base="YTnkVpK01VuJlarLVI4QpWfM8npRYHG4"..., iov_len=1026}, {iov_base="END\r\n", iov_len=5}], msg_iovlen=3, msg_controllen=0, msg_flags=0}, 0 <unfinished ...>
[pid 87853] sendmsg(30, {msg_name=NULL, msg_namelen=0, msg_iov=[{iov_base="VALUE \21\320\23\20\20\20\20\20Q9TtvmBq3aynR9Dn74"..., iov_len=79}, {iov_base="Q9TtvmBq3aynR9Dn74PFxEixnUIV2mxS"..., iov_len=1026}, {iov_base="END\r\n", iov_len=5}], msg_iovlen=3, msg_controllen=0, msg_flags=0}, 0 <unfinished ...>
[pid 87852] read(33,  <unfinished ...>
[pid 87851] read(24,  <unfinished ...>
[pid 87854] <... sendmsg resumed>)      = 1110
[pid 87853] <... sendmsg resumed>)      = 1110
[pid 87852] <... read resumed>"get \24\260\25\20\20\20\20\20jaoHo9hd0IaUkKaBOOTU"..., 16384) = 70
[pid 87851] <... read resumed>"get \20\20\20\20\20\20\20\20aTaFSa0FvYxQ-BvH5TWU"..., 16384) = 70
[pid 87854] read(31,  <unfinished ...>
[pid 87853] read(26,  <unfinished ...>
[pid 87852] sendmsg(33, {msg_name=NULL, msg_namelen=0, msg_iov=[{iov_base="VALUE \24\260\25\20\20\20\20\20jaoHo9hd0IaUkKaBOO"..., iov_len=79}, {iov_base="jaoHo9hd0IaUkKaBOOTU0JynLObojyIQ"..., iov_len=1026}, {iov_base="END\r\n", iov_len=5}], msg_iovlen=3, msg_controllen=0, msg_flags=0}, 0 <unfinished ...>
[pid 87851] sendmsg(24, {msg_name=NULL, msg_namelen=0, msg_iov=[{iov_base="VALUE \20\20\20\20\20\20\20\20aTaFSa0FvYxQ-BvH5T"..., iov_len=79}, {iov_base="aTaFSa0FvYxQ-BvH5TWUWzBXo5Yf.7.Y"..., iov_len=1026}, {iov_base="END\r\n", iov_len=5}], msg_iovlen=3, msg_controllen=0, msg_flags=0}, 0 <unfinished ...>
[pid 87854] <... read resumed>"get \22p\24\20\20\20\20\20YTnkVpK01VuJlarLVI4Q"..., 16384) = 70
[pid 87853] <... read resumed>"get \20P\21\20\20\20\20\20aTaFSa0FvYxQ-BvH5TWU"..., 16384) = 70
[pid 87852] <... sendmsg resumed>)      = 1110
[pid 87851] <... sendmsg resumed>)      = 1110
[pid 87854] sendmsg(31, {msg_name=NULL, msg_namelen=0, msg_iov=[{iov_base="VALUE \22p\24\20\20\20\20\20YTnkVpK01VuJlarLVI"..., iov_len=79}, {iov_base="YTnkVpK01VuJlarLVI4QpWfM8npRYHG4"..., iov_len=1026}, {iov_base="END\r\n", iov_len=5}], msg_iovlen=3, msg_controllen=0, msg_flags=0}, 0 <unfinished ...>
[pid 87853] sendmsg(26, {msg_name=NULL, msg_namelen=0, msg_iov=[{iov_base="VALUE \20P\21\20\20\20\20\20aTaFSa0FvYxQ-BvH5T"..., iov_len=79}, {iov_base="aTaFSa0FvYxQ-BvH5TWUWzBXo5Yf.7.Y"..., iov_len=1026}, {iov_base="END\r\n", iov_len=5}], msg_iovlen=3, msg_controllen=0, msg_flags=0}, 0 <unfinished ...>
[pid 87852] epoll_wait(11,  <unfinished ...>
[pid 87851] read(32,  <unfinished ...>
[pid 87854] <... sendmsg resumed>)      = 1110
[pid 87853] <... sendmsg resumed>)      = 1110
[pid 87852] <... epoll_wait resumed>[{events=EPOLLIN, data={u32=25, u64=25}}, {events=EPOLLIN, data={u32=29, u64=29}}, {events=EPOLLIN, data={u32=33, u64=33}}, {events=EPOLLIN, data={u32=37, u64=37}}], 32, -1) = 4
[pid 87851] <... read resumed>"get \20\20\25\20\20\20\20\20aTaFSa0FvYxQ-BvH5TWU"..., 16384) = 70
[pid 87852] read(25,  <unfinished ...>
[pid 87853] epoll_wait(15,  <unfinished ...>
[pid 87851] sendmsg(32, {msg_name=NULL, msg_namelen=0, msg_iov=[{iov_base="VALUE \20\20\25\20\20\20\20\20aTaFSa0FvYxQ-BvH5T"..., iov_len=79}, {iov_base="aTaFSa0FvYxQ-BvH5TWUWzBXo5Yf.7.Y"..., iov_len=1026}, {iov_base="END\r\n", iov_len=5}], msg_iovlen=3, msg_controllen=0, msg_flags=0}, 0 <unfinished ...>
[pid 87854] read(27,  <unfinished ...>
[pid 87853] <... epoll_wait resumed>[{events=EPOLLIN, data={u32=38, u64=38}}, {events=EPOLLIN, data={u32=30, u64=30}}, {events=EPOLLIN, data={u32=34, u64=34}}], 32, -1) = 3
[pid 87852] <... read resumed>"get \20\260\20\20\20\20\20\20aTaFSa0FvYxQ-BvH5TWU"..., 16384) = 70
[pid 87854] <... read resumed>"get \22\360\21\20\20\20\20\20YTnkVpK01VuJlarLVI4Q"..., 16384) = 70
[pid 87853] read(38,  <unfinished ...>
[pid 87851] <... sendmsg resumed>)      = 1110
[pid 87854] sendmsg(27, {msg_name=NULL, msg_namelen=0, msg_iov=[{iov_base="VALUE \22\360\21\20\20\20\20\20YTnkVpK01VuJlarLVI"..., iov_len=79}, {iov_base="YTnkVpK01VuJlarLVI4QpWfM8npRYHG4"..., iov_len=1026}, {iov_base="END\r\n", iov_len=5}], msg_iovlen=3, msg_controllen=0, msg_flags=0}, 0 <unfinished ...>
[pid 87852] sendmsg(25, {msg_name=NULL, msg_namelen=0, msg_iov=[{iov_base="VALUE \20\260\20\20\20\20\20\20aTaFSa0FvYxQ-BvH5T"..., iov_len=79}, {iov_base="aTaFSa0FvYxQ-BvH5TWUWzBXo5Yf.7.Y"..., iov_len=1026}, {iov_base="END\r\n", iov_len=5}], msg_iovlen=3, msg_controllen=0, msg_flags=0}, 0 <unfinished ...>
[pid 87854] <... sendmsg resumed>)      = 1110
[pid 87853] <... read resumed>"get \21\320\30\20\20\20\20\20Q9TtvmBq3aynR9Dn74PF"..., 16384) = 70
[pid 87851] epoll_wait(7,  <unfinished ...>
[pid 87854] epoll_wait(19,  <unfinished ...>
[pid 87853] sendmsg(38, {msg_name=NULL, msg_namelen=0, msg_iov=[{iov_base="VALUE \21\320\30\20\20\20\20\20Q9TtvmBq3aynR9Dn74"..., iov_len=79}, {iov_base="Q9TtvmBq3aynR9Dn74PFxEixnUIV2mxS"..., iov_len=1026}, {iov_base="END\r\n", iov_len=5}], msg_iovlen=3, msg_controllen=0, msg_flags=0}, 0 <unfinished ...>
[pid 87852] <... sendmsg resumed>)      = 1110
[pid 87854] <... epoll_wait resumed>[{events=EPOLLIN, data={u32=39, u64=39}}, {events=EPOLLIN, data={u32=35, u64=35}}], 32, -1) = 2
[pid 87853] <... sendmsg resumed>)      = 1110
[pid 87851] <... epoll_wait resumed>[{events=EPOLLIN, data={u32=28, u64=28}}, {events=EPOLLIN, data={u32=24, u64=24}}, {events=EPOLLIN, data={u32=36, u64=36}}], 32, -1) = 3
[pid 87852] read(29,  <unfinished ...>
[pid 87854] read(39,  <unfinished ...>
[pid 87853] read(30,  <unfinished ...>
[pid 87852] <... read resumed>"get \0220\23\20\20\20\20\20YTnkVpK01VuJlarLVI4Q"..., 16384) = 70
[pid 87851] read(28, "get \21\220\22\20\20\20\20\20Q9TtvmBq3aynR9Dn74PF"..., 16384) = 70
[pid 87854] <... read resumed>"set \23p\31\20\20\20\20\20waf8t6x1IbehXlKt1EJ8"..., 16384) = 1105
[pid 87853] <... read resumed>"get \23\320\23\20\20\20\20\20waf8t6x1IbehXlKt1EJ8"..., 16384) = 70
[pid 87852] sendmsg(29, {msg_name=NULL, msg_namelen=0, msg_iov=[{iov_base="VALUE \0220\23\20\20\20\20\20YTnkVpK01VuJlarLVI"..., iov_len=79}, {iov_base="YTnkVpK01VuJlarLVI4QpWfM8npRYHG4"..., iov_len=1026}, {iov_base="END\r\n", iov_len=5}], msg_iovlen=3, msg_controllen=0, msg_flags=0}, 0 <unfinished ...>
[pid 87851] sendmsg(28, {msg_name=NULL, msg_namelen=0, msg_iov=[{iov_base="VALUE \21\220\22\20\20\20\20\20Q9TtvmBq3aynR9Dn74"..., iov_len=79}, {iov_base="Q9TtvmBq3aynR9Dn74PFxEixnUIV2mxS"..., iov_len=1026}, {iov_base="END\r\n", iov_len=5}], msg_iovlen=3, msg_controllen=0, msg_flags=0}, 0 <unfinished ...>
[pid 87853] sendmsg(30, {msg_name=NULL, msg_namelen=0, msg_iov=[{iov_base="VALUE \23\320\23\20\20\20\20\20waf8t6x1IbehXlKt1E"..., iov_len=79}, {iov_base="waf8t6x1IbehXlKt1EJ8xNjpLT3Hp-0k"..., iov_len=1026}, {iov_base="END\r\n", iov_len=5}], msg_iovlen=3, msg_controllen=0, msg_flags=0}, 0 <unfinished ...>
[pid 87852] <... sendmsg resumed>)      = 1110
[pid 87854] sendmsg(39, {msg_name=NULL, msg_namelen=0, msg_iov=[{iov_base="STORED\r\n", iov_len=8}], msg_iovlen=1, msg_controllen=0, msg_flags=0}, 0 <unfinished ...>
[pid 87851] <... sendmsg resumed>)      = 1110
[pid 87854] <... sendmsg resumed>)      = 8
[pid 87853] <... sendmsg resumed>)      = 1110
[pid 87852] read(33,  <unfinished ...>
[pid 87854] read(35,  <unfinished ...>
[pid 87851] read(24,  <unfinished ...>
[pid 87854] <... read resumed>"get \21\360\26\20\20\20\20\20Q9TtvmBq3aynR9Dn74PF"..., 16384) = 70
[pid 87853] read(34,  <unfinished ...>
[pid 87852] <... read resumed>"get \24\260\25\20\20\20\20\20jaoHo9hd0IaUkKaBOOTU"..., 16384) = 70
[pid 87851] <... read resumed>"get \20\20\20\20\20\20\20\20aTaFSa0FvYxQ-BvH5TWU"..., 16384) = 70
[pid 87854] sendmsg(35, {msg_name=NULL, msg_namelen=0, msg_iov=[{iov_base="VALUE \21\360\26\20\20\20\20\20Q9TtvmBq3aynR9Dn74"..., iov_len=79}, {iov_base="Q9TtvmBq3aynR9Dn74PFxEixnUIV2mxS"..., iov_len=1026}, {iov_base="END\r\n", iov_len=5}], msg_iovlen=3, msg_controllen=0, msg_flags=0}, 0 <unfinished ...>
[pid 87853] <... read resumed>"get \20P\26\20\20\20\20\20aTaFSa0FvYxQ-BvH5TWU"..., 16384) = 70
[pid 87852] sendmsg(33, {msg_name=NULL, msg_namelen=0, msg_iov=[{iov_base="VALUE \24\260\25\20\20\20\20\20jaoHo9hd0IaUkKaBOO"..., iov_len=79}, {iov_base="jaoHo9hd0IaUkKaBOOTU0JynLObojyIQ"..., iov_len=1026}, {iov_base="END\r\n", iov_len=5}], msg_iovlen=3, msg_controllen=0, msg_flags=0}, 0 <unfinished ...>
[pid 87851] sendmsg(24, {msg_name=NULL, msg_namelen=0, msg_iov=[{iov_base="VALUE \20\20\20\20\20\20\20\20aTaFSa0FvYxQ-BvH5T"..., iov_len=79}, {iov_base="aTaFSa0FvYxQ-BvH5TWUWzBXo5Yf.7.Y"..., iov_len=1026}, {iov_base="END\r\n", iov_len=5}], msg_iovlen=3, msg_controllen=0, msg_flags=0}, 0 <unfinished ...>
[pid 87854] <... sendmsg resumed>)      = 1110
[pid 87853] sendmsg(34, {msg_name=NULL, msg_namelen=0, msg_iov=[{iov_base="VALUE \20P\26\20\20\20\20\20aTaFSa0FvYxQ-BvH5T"..., iov_len=79}, {iov_base="aTaFSa0FvYxQ-BvH5TWUWzBXo5Yf.7.Y"..., iov_len=1026}, {iov_base="END\r\n", iov_len=5}], msg_iovlen=3, msg_controllen=0, msg_flags=0}, 0 <unfinished ...>
[pid 87852] <... sendmsg resumed>)      = 1110
[pid 87854] epoll_wait(19,  <unfinished ...>
[pid 87853] <... sendmsg resumed>)      = 1110
[pid 87851] <... sendmsg resumed>)      = 1110
[pid 87854] <... epoll_wait resumed>[{events=EPOLLIN, data={u32=31, u64=31}}, {events=EPOLLIN, data={u32=27, u64=27}}], 32, -1) = 2
[pid 87853] epoll_wait(15,  <unfinished ...>
[pid 87852] read(37,  <unfinished ...>
[pid 87851] read(36,  <unfinished ...>
[pid 87854] read(31,  <unfinished ...>
[pid 87853] <... epoll_wait resumed>[{events=EPOLLIN, data={u32=38, u64=38}}, {events=EPOLLIN, data={u32=26, u64=26}}], 32, -1) = 2
[pid 87852] <... read resumed>"get \0210\30\20\20\20\20\20Q9TtvmBq3aynR9Dn74PF"..., 16384) = 70
[pid 87851] <... read resumed>"get \22\220\27\20\20\20\20\20YTnkVpK01VuJlarLVI4Q"..., 16384) = 70
[pid 87852] sendmsg(37, {msg_name=NULL, msg_namelen=0, msg_iov=[{iov_base="VALUE \0210\30\20\20\20\20\20Q9TtvmBq3aynR9Dn74"..., iov_len=79}, {iov_base="Q9TtvmBq3aynR9Dn74PFxEixnUIV2mxS"..., iov_len=1026}, {iov_base="END\r\n", iov_len=5}], msg_iovlen=3, msg_controllen=0, msg_flags=0}, 0 <unfinished ...>
[pid 87854] <... read resumed>"get \22p\24\20\20\20\20\20YTnkVpK01VuJlarLVI4Q"..., 16384) = 70
[pid 87853] read(38,  <unfinished ...>
[pid 87851] sendmsg(36, {msg_name=NULL, msg_namelen=0, msg_iov=[{iov_base="VALUE \22\220\27\20\20\20\20\20YTnkVpK01VuJlarLVI"..., iov_len=79}, {iov_base="YTnkVpK01VuJlarLVI4QpWfM8npRYHG4"..., iov_len=1026}, {iov_base="END\r\n", iov_len=5}], msg_iovlen=3, msg_controllen=0, msg_flags=0}, 0 <unfinished ...>
[pid 87854] sendmsg(31, {msg_name=NULL, msg_namelen=0, msg_iov=[{iov_base="VALUE \22p\24\20\20\20\20\20YTnkVpK01VuJlarLVI"..., iov_len=79}, {iov_base="YTnkVpK01VuJlarLVI4QpWfM8npRYHG4"..., iov_len=1026}, {iov_base="END\r\n", iov_len=5}], msg_iovlen=3, msg_controllen=0, msg_flags=0}, 0 <unfinished ...>
[pid 87852] <... sendmsg resumed>)      = 1110
[pid 87853] <... read resumed>"get \22\320\30\20\20\20\20\20YTnkVpK01VuJlarLVI4Q"..., 16384) = 70
[pid 87851] <... sendmsg resumed>)      = 1110
[pid 87854] <... sendmsg resumed>)      = 1110
[pid 87852] epoll_wait(11,  <unfinished ...>
[pid 87854] read(27,  <unfinished ...>
[pid 87853] sendmsg(38, {msg_name=NULL, msg_namelen=0, msg_iov=[{iov_base="VALUE \22\320\30\20\20\20\20\20YTnkVpK01VuJlarLVI"..., iov_len=79}, {iov_base="YTnkVpK01VuJlarLVI4QpWfM8npRYHG4"..., iov_len=1026}, {iov_base="END\r\n", iov_len=5}], msg_iovlen=3, msg_controllen=0, msg_flags=0}, 0 <unfinished ...>
[pid 87851] epoll_wait(7,  <unfinished ...>
[pid 87854] <... read resumed>"set \24\360\21\20\20\20\20\20jaoHo9hd0IaUkKaBOOTU"..., 16384) = 1105
[pid 87852] <... epoll_wait resumed>[{events=EPOLLIN, data={u32=25, u64=25}}, {events=EPOLLIN, data={u32=29, u64=29}}], 32, -1) = 2
[pid 87851] <... epoll_wait resumed>[{events=EPOLLIN, data={u32=28, u64=28}}, {events=EPOLLIN, data={u32=32, u64=32}}], 32, -1) = 2
[pid 87853] <... sendmsg resumed>)      = 1110
[pid 87852] read(25,  <unfinished ...>
[pid 87851] read(28,  <unfinished ...>
[pid 87853] read(26,  <unfinished ...>
[pid 87852] <... read resumed>"get \22\260\20\20\20\20\20\20YTnkVpK01VuJlarLVI4Q"..., 16384) = 70
[pid 87854] sendmsg(27, {msg_name=NULL, msg_namelen=0, msg_iov=[{iov_base="STORED\r\n", iov_len=8}], msg_iovlen=1, msg_controllen=0, msg_flags=0}, 0 <unfinished ...>
[pid 87851] <... read resumed>"get \20\220\22\20\20\20\20\20aTaFSa0FvYxQ-BvH5TWU"..., 16384) = 70
[pid 87853] <... read resumed>"get \22P\21\20\20\20\20\20YTnkVpK01VuJlarLVI4Q"..., 16384) = 70
[pid 87854] <... sendmsg resumed>)      = 8
[pid 87852] sendmsg(25, {msg_name=NULL, msg_namelen=0, msg_iov=[{iov_base="VALUE \22\260\20\20\20\20\20\20YTnkVpK01VuJlarLVI"..., iov_len=79}, {iov_base="YTnkVpK01VuJlarLVI4QpWfM8npRYHG4"..., iov_len=1026}, {iov_base="END\r\n", iov_len=5}], msg_iovlen=3, msg_controllen=0, msg_flags=0}, 0 <unfinished ...>
[pid 87854] epoll_wait(19,  <unfinished ...>
[pid 87853] sendmsg(26, {msg_name=NULL, msg_namelen=0, msg_iov=[{iov_base="VALUE \22P\21\20\20\20\20\20YTnkVpK01VuJlarLVI"..., iov_len=79}, {iov_base="YTnkVpK01VuJlarLVI4QpWfM8npRYHG4"..., iov_len=1026}, {iov_base="END\r\n", iov_len=5}], msg_iovlen=3, msg_controllen=0, msg_flags=0}, 0 <unfinished ...>
[pid 87852] <... sendmsg resumed>)      = 1110
[pid 87851] sendmsg(28, {msg_name=NULL, msg_namelen=0, msg_iov=[{iov_base="VALUE \20\220\22\20\20\20\20\20aTaFSa0FvYxQ-BvH5T"..., iov_len=79}, {iov_base="aTaFSa0FvYxQ-BvH5TWUWzBXo5Yf.7.Y"..., iov_len=1026}, {iov_base="END\r\n", iov_len=5}], msg_iovlen=3, msg_controllen=0, msg_flags=0}, 0 <unfinished ...>
[pid 87854] <... epoll_wait resumed>[{events=EPOLLIN, data={u32=39, u64=39}}, {events=EPOLLIN, data={u32=35, u64=35}}], 32, -1) = 2
[pid 87853] <... sendmsg resumed>)      = 1110
[pid 87852] read(29,  <unfinished ...>
[pid 87854] read(39,  <unfinished ...>
[pid 87851] <... sendmsg resumed>)      = 1110
[pid 87854] <... read resumed>"get \20p\31\20\20\20\20\20aTaFSa0FvYxQ-BvH5TWU"..., 16384) = 70
[pid 87853] epoll_wait(15,  <unfinished ...>
[pid 87852] <... read resumed>"set \0230\23\20\20\20\20\20waf8t6x1IbehXlKt1EJ8"..., 16384) = 1105
[pid 87854] sendmsg(39, {msg_name=NULL, msg_namelen=0, msg_iov=[{iov_base="VALUE \20p\31\20\20\20\20\20aTaFSa0FvYxQ-BvH5T"..., iov_len=79}, {iov_base="aTaFSa0FvYxQ-BvH5TWUWzBXo5Yf.7.Y"..., iov_len=1026}, {iov_base="END\r\n", iov_len=5}], msg_iovlen=3, msg_controllen=0, msg_flags=0}, 0 <unfinished ...>
[pid 87853] <... epoll_wait resumed>[{events=EPOLLIN, data={u32=30, u64=30}}, {events=EPOLLIN, data={u32=34, u64=34}}], 32, -1) = 2
[pid 87852] sendmsg(29, {msg_name=NULL, msg_namelen=0, msg_iov=[{iov_base="STORED\r\n", iov_len=8}], msg_iovlen=1, msg_controllen=0, msg_flags=0}, 0 <unfinished ...>
[pid 87851] read(32,  <unfinished ...>
[pid 87854] <... sendmsg resumed>)      = 1110
[pid 87853] read(30,  <unfinished ...>
[pid 87852] <... sendmsg resumed>)      = 8
[pid 87851] <... read resumed>"get \20\20\25\20\20\20\20\20aTaFSa0FvYxQ-BvH5TWU"..., 16384) = 70
[pid 87852] epoll_wait(11,  <unfinished ...>
[pid 87851] sendmsg(32, {msg_name=NULL, msg_namelen=0, msg_iov=[{iov_base="VALUE \20\20\25\20\20\20\20\20aTaFSa0FvYxQ-BvH5T"..., iov_len=79}, {iov_base="aTaFSa0FvYxQ-BvH5TWUWzBXo5Yf.7.Y"..., iov_len=1026}, {iov_base="END\r\n", iov_len=5}], msg_iovlen=3, msg_controllen=0, msg_flags=0}, 0 <unfinished ...>
[pid 87853] <... read resumed>"get \23\320\23\20\20\20\20\20waf8t6x1IbehXlKt1EJ8"..., 16384) = 70
[pid 87854] read(35,  <unfinished ...>
[pid 87852] <... epoll_wait resumed>[{events=EPOLLIN, data={u32=33, u64=33}}, {events=EPOLLIN, data={u32=37, u64=37}}], 32, -1) = 2
[pid 87852] read(33,  <unfinished ...>
[pid 87851] <... sendmsg resumed>)      = 1110
[pid 87853] sendmsg(30, {msg_name=NULL, msg_namelen=0, msg_iov=[{iov_base="VALUE \23\320\23\20\20\20\20\20waf8t6x1IbehXlKt1E"..., iov_len=79}, {iov_base="waf8t6x1IbehXlKt1EJ8xNjpLT3Hp-0k"..., iov_len=1026}, {iov_base="END\r\n", iov_len=5}], msg_iovlen=3, msg_controllen=0, msg_flags=0}, 0 <unfinished ...>
[pid 87854] <... read resumed>"get \23\360\26\20\20\20\20\20waf8t6x1IbehXlKt1EJ8"..., 16384) = 70
[pid 87853] <... sendmsg resumed>)      = 1110
[pid 87852] <... read resumed>"get \20\260\25\20\20\20\20\20aTaFSa0FvYxQ-BvH5TWU"..., 16384) = 70
[pid 87851] epoll_wait(7,  <unfinished ...>
[pid 87854] sendmsg(35, {msg_name=NULL, msg_namelen=0, msg_iov=[{iov_base="VALUE \23\360\26\20\20\20\20\20waf8t6x1IbehXlKt1E"..., iov_len=79}, {iov_base="waf8t6x1IbehXlKt1EJ8xNjpLT3Hp-0k"..., iov_len=1026}, {iov_base="END\r\n", iov_len=5}], msg_iovlen=3, msg_controllen=0, msg_flags=0}, 0 <unfinished ...>
[pid 87853] read(34,  <unfinished ...>
[pid 87852] sendmsg(33, {msg_name=NULL, msg_namelen=0, msg_iov=[{iov_base="VALUE \20\260\25\20\20\20\20\20aTaFSa0FvYxQ-BvH5T"..., iov_len=79}, {iov_base="aTaFSa0FvYxQ-BvH5TWUWzBXo5Yf.7.Y"..., iov_len=1026}, {iov_base="END\r\n", iov_len=5}], msg_iovlen=3, msg_controllen=0, msg_flags=0}, 0 <unfinished ...>
[pid 87851] <... epoll_wait resumed>[{events=EPOLLIN, data={u32=28, u64=28}}, {events=EPOLLIN, data={u32=24, u64=24}}, {events=EPOLLIN, data={u32=36, u64=36}}], 32, -1) = 3
[pid 87853] <... read resumed>"get \23P\26\20\20\20\20\20waf8t6x1IbehXlKt1EJ8"..., 16384) = 70
[pid 87852] <... sendmsg resumed>)      = 1110
[pid 87854] <... sendmsg resumed>)      = 1110
[pid 87851] read(28,  <unfinished ...>
[pid 87854] epoll_wait(19,  <unfinished ...>
[pid 87853] sendmsg(34, {msg_name=NULL, msg_namelen=0, msg_iov=[{iov_base="VALUE \23P\26\20\20\20\20\20waf8t6x1IbehXlKt1E"..., iov_len=79}, {iov_base="waf8t6x1IbehXlKt1EJ8xNjpLT3Hp-0k"..., iov_len=1026}, {iov_base="END\r\n", iov_len=5}], msg_iovlen=3, msg_controllen=0, msg_flags=0}, 0 <unfinished ...>
[pid 87852] read(37,  <unfinished ...>
[pid 87854] <... epoll_wait resumed>[{events=EPOLLIN, data={u32=31, u64=31}}, {events=EPOLLIN, data={u32=27, u64=27}}], 32, -1) = 2
[pid 87851] <... read resumed>"get \22\220\22\20\20\20\20\20YTnkVpK01VuJlarLVI4Q"..., 16384) = 70
[pid 87853] <... sendmsg resumed>)      = 1110
[pid 87854] read(31,  <unfinished ...>
[pid 87852] <... read resumed>"get \0210\30\20\20\20\20\20Q9TtvmBq3aynR9Dn74PF"..., 16384) = 70
[pid 87851] sendmsg(28, {msg_name=NULL, msg_namelen=0, msg_iov=[{iov_base="VALUE \22\220\22\20\20\20\20\20YTnkVpK01VuJlarLVI"..., iov_len=79}, {iov_base="YTnkVpK01VuJlarLVI4QpWfM8npRYHG4"..., iov_len=1026}, {iov_base="END\r\n", iov_len=5}], msg_iovlen=3, msg_controllen=0, msg_flags=0}, 0 <unfinished ...>
[pid 87854] <... read resumed>"get \21p\24\20\20\20\20\20Q9TtvmBq3aynR9Dn74PF"..., 16384) = 70
[pid 87853] epoll_wait(15,  <unfinished ...>
[pid 87852] sendmsg(37, {msg_name=NULL, msg_namelen=0, msg_iov=[{iov_base="VALUE \0210\30\20\20\20\20\20Q9TtvmBq3aynR9Dn74"..., iov_len=79}, {iov_base="Q9TtvmBq3aynR9Dn74PFxEixnUIV2mxS"..., iov_len=1026}, {iov_base="END\r\n", iov_len=5}], msg_iovlen=3, msg_controllen=0, msg_flags=0}, 0 <unfinished ...>
[pid 87851] <... sendmsg resumed>)      = 1110
[pid 87854] sendmsg(31, {msg_name=NULL, msg_namelen=0, msg_iov=[{iov_base="VALUE \21p\24\20\20\20\20\20Q9TtvmBq3aynR9Dn74"..., iov_len=79}, {iov_base="Q9TtvmBq3aynR9Dn74PFxEixnUIV2mxS"..., iov_len=1026}, {iov_base="END\r\n", iov_len=5}], msg_iovlen=3, msg_controllen=0, msg_flags=0}, 0 <unfinished ...>
[pid 87853] <... epoll_wait resumed>[{events=EPOLLIN, data={u32=38, u64=38}}, {events=EPOLLIN, data={u32=26, u64=26}}], 32, -1) = 2
[pid 87852] <... sendmsg resumed>)      = 1110
[pid 87851] read(24,  <unfinished ...>
[pid 87854] <... sendmsg resumed>)      = 1110
[pid 87853] read(38,  <unfinished ...>
[pid 87852] epoll_wait(11,  <unfinished ...>
[pid 87854] read(27,  <unfinished ...>
[pid 87851] <... read resumed>"get \24\20\20\20\20\20\20\20jaoHo9hd0IaUkKaBOOTU"..., 16384) = 70
[pid 87853] <... read resumed>"get \23\320\30\20\20\20\20\20waf8t6x1IbehXlKt1EJ8"..., 16384) = 70
[pid 87854] <... read resumed>"get \21\360\21\20\20\20\20\20Q9TtvmBq3aynR9Dn74PF"..., 16384) = 70
[pid 87852] <... epoll_wait resumed>[{events=EPOLLIN, data={u32=25, u64=25}}, {events=EPOLLIN, data={u32=29, u64=29}}], 32, -1) = 2
[pid 87851] sendmsg(24, {msg_name=NULL, msg_namelen=0, msg_iov=[{iov_base="VALUE \24\20\20\20\20\20\20\20jaoHo9hd0IaUkKaBOO"..., iov_len=79}, {iov_base="jaoHo9hd0IaUkKaBOOTU0JynLObojyIQ"..., iov_len=1026}, {iov_base="END\r\n", iov_len=5}], msg_iovlen=3, msg_controllen=0, msg_flags=0}, 0 <unfinished ...>
[pid 87854] sendmsg(27, {msg_name=NULL, msg_namelen=0, msg_iov=[{iov_base="VALUE \21\360\21\20\20\20\20\20Q9TtvmBq3aynR9Dn74"..., iov_len=79}, {iov_base="Q9TtvmBq3aynR9Dn74PFxEixnUIV2mxS"..., iov_len=1026}, {iov_base="END\r\n", iov_len=5}], msg_iovlen=3, msg_controllen=0, msg_flags=0}, 0 <unfinished ...>
[pid 87853] sendmsg(38, {msg_name=NULL, msg_namelen=0, msg_iov=[{iov_base="VALUE \23\320\30\20\20\20\20\20waf8t6x1IbehXlKt1E"..., iov_len=79}, {iov_base="waf8t6x1IbehXlKt1EJ8xNjpLT3Hp-0k"..., iov_len=1026}, {iov_base="END\r\n", iov_len=5}], msg_iovlen=3, msg_controllen=0, msg_flags=0}, 0 <unfinished ...>
[pid 87852] read(25,  <unfinished ...>
[pid 87851] <... sendmsg resumed>)      = 1110
[pid 87854] <... sendmsg resumed>)      = 1110
[pid 87853] <... sendmsg resumed>)      = 1110
[pid 87852] <... read resumed>"get \22\260\20\20\20\20\20\20YTnkVpK01VuJlarLVI4Q"..., 16384) = 70
[pid 87854] epoll_wait(19,  <unfinished ...>
[pid 87853] read(26,  <unfinished ...>
[pid 87851] read(36,  <unfinished ...>
[pid 87854] <... epoll_wait resumed>[{events=EPOLLIN, data={u32=39, u64=39}}], 32, -1) = 1
[pid 87853] <... read resumed>"get \21P\21\20\20\20\20\20Q9TtvmBq3aynR9Dn74PF"..., 16384) = 70
[pid 87852] sendmsg(25, {msg_name=NULL, msg_namelen=0, msg_iov=[{iov_base="VALUE \22\260\20\20\20\20\20\20YTnkVpK01VuJlarLVI"..., iov_len=79}, {iov_base="YTnkVpK01VuJlarLVI4QpWfM8npRYHG4"..., iov_len=1026}, {iov_base="END\r\n", iov_len=5}], msg_iovlen=3, msg_controllen=0, msg_flags=0}, 0 <unfinished ...>
[pid 87849] <... epoll_wait resumed>[], 32, 1000) = 0
[pid 87851] <... read resumed>"get \21\220\27\20\20\20\20\20Q9TtvmBq3aynR9Dn74PF"..., 16384) = 70
[pid 87854] read(39,  <unfinished ...>
[pid 87853] sendmsg(26, {msg_name=NULL, msg_namelen=0, msg_iov=[{iov_base="VALUE \21P\21\20\20\20\20\20Q9TtvmBq3aynR9Dn74"..., iov_len=79}, {iov_base="Q9TtvmBq3aynR9Dn74PFxEixnUIV2mxS"..., iov_len=1026}, {iov_base="END\r\n", iov_len=5}], msg_iovlen=3, msg_controllen=0, msg_flags=0}, 0 <unfinished ...>
[pid 87849] epoll_wait(3,  <unfinished ...>
[pid 87854] <... read resumed>"get \22p\31\20\20\20\20\20YTnkVpK01VuJlarLVI4Q"..., 16384) = 70
[pid 87852] <... sendmsg resumed>)      = 1110
[pid 87851] sendmsg(36, {msg_name=NULL, msg_namelen=0, msg_iov=[{iov_base="VALUE \21\220\27\20\20\20\20\20Q9TtvmBq3aynR9Dn74"..., iov_len=79}, {iov_base="Q9TtvmBq3aynR9Dn74PFxEixnUIV2mxS"..., iov_len=1026}, {iov_base="END\r\n", iov_len=5}], msg_iovlen=3, msg_controllen=0, msg_flags=0}, 0 <unfinished ...>
[pid 87854] sendmsg(39, {msg_name=NULL, msg_namelen=0, msg_iov=[{iov_base="VALUE \22p\31\20\20\20\20\20YTnkVpK01VuJlarLVI"..., iov_len=79}, {iov_base="YTnkVpK01VuJlarLVI4QpWfM8npRYHG4"..., iov_len=1026}, {iov_base="END\r\n", iov_len=5}], msg_iovlen=3, msg_controllen=0, msg_flags=0}, 0 <unfinished ...>
[pid 87853] <... sendmsg resumed>)      = 1110
[pid 87852] read(29,  <unfinished ...>
[pid 87851] <... sendmsg resumed>)      = 1110
[pid 87854] <... sendmsg resumed>)      = 1110
[pid 87853] epoll_wait(15,  <unfinished ...>
[pid 87852] <... read resumed>"get \0220\23\20\20\20\20\20YTnkVpK01VuJlarLVI4Q"..., 16384) = 70
[pid 87851] epoll_wait(7,  <unfinished ...>
[pid 87854] epoll_wait(19,  <unfinished ...>
[pid 87853] <... epoll_wait resumed>[{events=EPOLLIN, data={u32=30, u64=30}}, {events=EPOLLIN, data={u32=34, u64=34}}], 32, -1) = 2
[pid 87852] sendmsg(29, {msg_name=NULL, msg_namelen=0, msg_iov=[{iov_base="VALUE \0220\23\20\20\20\20\20YTnkVpK01VuJlarLVI"..., iov_len=79}, {iov_base="YTnkVpK01VuJlarLVI4QpWfM8npRYHG4"..., iov_len=1026}, {iov_base="END\r\n", iov_len=5}], msg_iovlen=3, msg_controllen=0, msg_flags=0}, 0 <unfinished ...>
[pid 87851] <... epoll_wait resumed>[{events=EPOLLIN, data={u32=28, u64=28}}, {events=EPOLLIN, data={u32=32, u64=32}}], 32, -1) = 2
[pid 87854] <... epoll_wait resumed>[{events=EPOLLIN, data={u32=35, u64=35}}, {events=EPOLLIN, data={u32=31, u64=31}}], 32, -1) = 2
[pid 87853] read(30,  <unfinished ...>
[pid 87852] <... sendmsg resumed>)      = 1110
[pid 87851] read(28,  <unfinished ...>
[pid 87854] read(35,  <unfinished ...>
[pid 87853] <... read resumed>"get \23\320\23\20\20\20\20\20waf8t6x1IbehXlKt1EJ8"..., 16384) = 70
[pid 87852] epoll_wait(11,  <unfinished ...>
[pid 87851] <... read resumed>"set \24\220\22\20\20\20\20\20jaoHo9hd0IaUkKaBOOTU"..., 16384) = 1105
[pid 87854] <... read resumed>"set \24\360\26\20\20\20\20\20jaoHo9hd0IaUkKaBOOTU"..., 16384) = 1105
[pid 87853] sendmsg(30, {msg_name=NULL, msg_namelen=0, msg_iov=[{iov_base="VALUE \23\320\23\20\20\20\20\20waf8t6x1IbehXlKt1E"..., iov_len=79}, {iov_base="waf8t6x1IbehXlKt1EJ8xNjpLT3Hp-0k"..., iov_len=1026}, {iov_base="END\r\n", iov_len=5}], msg_iovlen=3, msg_controllen=0, msg_flags=0}, 0 <unfinished ...>
[pid 87852] <... epoll_wait resumed>[{events=EPOLLIN, data={u32=25, u64=25}}, {events=EPOLLIN, data={u32=33, u64=33}}, {events=EPOLLIN, data={u32=37, u64=37}}], 32, -1) = 3
[pid 87851] sendmsg(28, {msg_name=NULL, msg_namelen=0, msg_iov=[{iov_base="STORED\r\n", iov_len=8}], msg_iovlen=1, msg_controllen=0, msg_flags=0}, 0 <unfinished ...>
[pid 87854] sendmsg(35, {msg_name=NULL, msg_namelen=0, msg_iov=[{iov_base="STORED\r\n", iov_len=8}], msg_iovlen=1, msg_controllen=0, msg_flags=0}, 0 <unfinished ...>
[pid 87853] <... sendmsg resumed>)      = 1110
[pid 87852] read(25,  <unfinished ...>
[pid 87851] <... sendmsg resumed>)      = 8
[pid 87854] <... sendmsg resumed>)      = 8
[pid 87853] read(34,  <unfinished ...>
[pid 87852] <... read resumed>"set \24\260\20\20\20\20\20\20jaoHo9hd0IaUkKaBOOTU"..., 16384) = 1105
[pid 87851] read(32,  <unfinished ...>
[pid 87854] read(31,  <unfinished ...>
[pid 87853] <... read resumed>"get \20P\26\20\20\20\20\20aTaFSa0FvYxQ-BvH5TWU"..., 16384) = 70
[pid 87854] <... read resumed>"get \20p\24\20\20\20\20\20aTaFSa0FvYxQ-BvH5TWU"..., 16384) = 70
[pid 87852] sendmsg(25, {msg_name=NULL, msg_namelen=0, msg_iov=[{iov_base="STORED\r\n", iov_len=8}], msg_iovlen=1, msg_controllen=0, msg_flags=0}, 0 <unfinished ...>
[pid 87851] <... read resumed>"get \23\20\25\20\20\20\20\20waf8t6x1IbehXlKt1EJ8"..., 16384) = 70
[pid 87854] sendmsg(31, {msg_name=NULL, msg_namelen=0, msg_iov=[{iov_base="VALUE \20p\24\20\20\20\20\20aTaFSa0FvYxQ-BvH5T"..., iov_len=79}, {iov_base="aTaFSa0FvYxQ-BvH5TWUWzBXo5Yf.7.Y"..., iov_len=1026}, {iov_base="END\r\n", iov_len=5}], msg_iovlen=3, msg_controllen=0, msg_flags=0}, 0 <unfinished ...>
[pid 87853] sendmsg(34, {msg_name=NULL, msg_namelen=0, msg_iov=[{iov_base="VALUE \20P\26\20\20\20\20\20aTaFSa0FvYxQ-BvH5T"..., iov_len=79}, {iov_base="aTaFSa0FvYxQ-BvH5TWUWzBXo5Yf.7.Y"..., iov_len=1026}, {iov_base="END\r\n", iov_len=5}], msg_iovlen=3, msg_controllen=0, msg_flags=0}, 0 <unfinished ...>
[pid 87854] <... sendmsg resumed>)      = 1110
[pid 87852] <... sendmsg resumed>)      = 8
[pid 87851] sendmsg(32, {msg_name=NULL, msg_namelen=0, msg_iov=[{iov_base="VALUE \23\20\25\20\20\20\20\20waf8t6x1IbehXlKt1E"..., iov_len=79}, {iov_base="waf8t6x1IbehXlKt1EJ8xNjpLT3Hp-0k"..., iov_len=1026}, {iov_base="END\r\n", iov_len=5}], msg_iovlen=3, msg_controllen=0, msg_flags=0}, 0 <unfinished ...>
[pid 87854] epoll_wait(19,  <unfinished ...>
[pid 87853] <... sendmsg resumed>)      = 1110
[pid 87852] read(33,  <unfinished ...>
[pid 87851] <... sendmsg resumed>)      = 1110
[pid 87854] <... epoll_wait resumed>[{events=EPOLLIN, data={u32=27, u64=27}}, {events=EPOLLIN, data={u32=39, u64=39}}], 32, -1) = 2
[pid 87853] epoll_wait(15,  <unfinished ...>
[pid 87852] <... read resumed>"get \24\260\25\20\20\20\20\20jaoHo9hd0IaUkKaBOOTU"..., 16384) = 70
[pid 87854] read(27,  <unfinished ...>
[pid 87853] <... epoll_wait resumed>[{events=EPOLLIN, data={u32=38, u64=38}}, {events=EPOLLIN, data={u32=26, u64=26}}], 32, -1) = 2
[pid 87851] epoll_wait(7,  <unfinished ...>
[pid 87854] <... read resumed>"get \24\360\21\20\20\20\20\20jaoHo9hd0IaUkKaBOOTU"..., 16384) = 70
[pid 87852] sendmsg(33, {msg_name=NULL, msg_namelen=0, msg_iov=[{iov_base="VALUE \24\260\25\20\20\20\20\20jaoHo9hd0IaUkKaBOO"..., iov_len=79}, {iov_base="jaoHo9hd0IaUkKaBOOTU0JynLObojyIQ"..., iov_len=1026}, {iov_base="END\r\n", iov_len=5}], msg_iovlen=3, msg_controllen=0, msg_flags=0}, 0 <unfinished ...>
[pid 87854] sendmsg(27, {msg_name=NULL, msg_namelen=0, msg_iov=[{iov_base="VALUE \24\360\21\20\20\20\20\20jaoHo9hd0IaUkKaBOO"..., iov_len=79}, {iov_base="jaoHo9hd0IaUkKaBOOTU0JynLObojyIQ"..., iov_len=1026}, {iov_base="END\r\n", iov_len=5}], msg_iovlen=3, msg_controllen=0, msg_flags=0}, 0 <unfinished ...>
[pid 87853] read(38,  <unfinished ...>
[pid 87851] <... epoll_wait resumed>[{events=EPOLLIN, data={u32=28, u64=28}}, {events=EPOLLIN, data={u32=24, u64=24}}, {events=EPOLLIN, data={u32=36, u64=36}}], 32, -1) = 3
[pid 87854] <... sendmsg resumed>)      = 1110
[pid 87853] <... read resumed>"set \24\320\30\20\20\20\20\20jaoHo9hd0IaUkKaBOOTU"..., 16384) = 1105
[pid 87852] <... sendmsg resumed>)      = 1110
[pid 87851] read(28,  <unfinished ...>
[pid 87854] read(39,  <unfinished ...>
[pid 87853] sendmsg(38, {msg_name=NULL, msg_namelen=0, msg_iov=[{iov_base="STORED\r\n", iov_len=8}], msg_iovlen=1, msg_controllen=0, msg_flags=0}, 0 <unfinished ...>
[pid 87852] read(37,  <unfinished ...>
[pid 87851] <... read resumed>"get \23\220\22\20\20\20\20\20waf8t6x1IbehXlKt1EJ8"..., 16384) = 70
[pid 87854] <... read resumed>"get \21p\31\20\20\20\20\20Q9TtvmBq3aynR9Dn74PF"..., 16384) = 70
[pid 87853] <... sendmsg resumed>)      = 8
[pid 87852] <... read resumed>"get \0230\30\20\20\20\20\20waf8t6x1IbehXlKt1EJ8"..., 16384) = 70
[pid 87851] sendmsg(28, {msg_name=NULL, msg_namelen=0, msg_iov=[{iov_base="VALUE \23\220\22\20\20\20\20\20waf8t6x1IbehXlKt1E"..., iov_len=79}, {iov_base="waf8t6x1IbehXlKt1EJ8xNjpLT3Hp-0k"..., iov_len=1026}, {iov_base="END\r\n", iov_len=5}], msg_iovlen=3, msg_controllen=0, msg_flags=0}, 0 <unfinished ...>
[pid 87854] sendmsg(39, {msg_name=NULL, msg_namelen=0, msg_iov=[{iov_base="VALUE \21p\31\20\20\20\20\20Q9TtvmBq3aynR9Dn74"..., iov_len=79}, {iov_base="Q9TtvmBq3aynR9Dn74PFxEixnUIV2mxS"..., iov_len=1026}, {iov_base="END\r\n", iov_len=5}], msg_iovlen=3, msg_controllen=0, msg_flags=0}, 0 <unfinished ...>
[pid 87853] read(26,  <unfinished ...>
[pid 87852] sendmsg(37, {msg_name=NULL, msg_namelen=0, msg_iov=[{iov_base="VALUE \0230\30\20\20\20\20\20waf8t6x1IbehXlKt1E"..., iov_len=79}, {iov_base="waf8t6x1IbehXlKt1EJ8xNjpLT3Hp-0k"..., iov_len=1026}, {iov_base="END\r\n", iov_len=5}], msg_iovlen=3, msg_controllen=0, msg_flags=0}, 0 <unfinished ...>
[pid 87851] <... sendmsg resumed>)      = 1110
[pid 87854] <... sendmsg resumed>)      = 1110
[pid 87853] <... read resumed>"get \20P\21\20\20\20\20\20aTaFSa0FvYxQ-BvH5TWU"..., 16384) = 70
[pid 87852] <... sendmsg resumed>)      = 1110
[pid 87854] epoll_wait(19,  <unfinished ...>
[pid 87853] sendmsg(26, {msg_name=NULL, msg_namelen=0, msg_iov=[{iov_base="VALUE \20P\21\20\20\20\20\20aTaFSa0FvYxQ-BvH5T"..., iov_len=79}, {iov_base="aTaFSa0FvYxQ-BvH5TWUWzBXo5Yf.7.Y"..., iov_len=1026}, {iov_base="END\r\n", iov_len=5}], msg_iovlen=3, msg_controllen=0, msg_flags=0}, 0 <unfinished ...>
[pid 87851] read(24,  <unfinished ...>
[pid 87854] <... epoll_wait resumed>[{events=EPOLLIN, data={u32=35, u64=35}}, {events=EPOLLIN, data={u32=31, u64=31}}], 32, -1) = 2
[pid 87853] <... sendmsg resumed>)      = 1110
[pid 87852] epoll_wait(11,  <unfinished ...>
[pid 87851] <... read resumed>"get \21\20\20\20\20\20\20\20Q9TtvmBq3aynR9Dn74PF"..., 16384) = 70
[pid 87854] read(35,  <unfinished ...>
[pid 87853] epoll_wait(15,  <unfinished ...>
[pid 87852] <... epoll_wait resumed>[{events=EPOLLIN, data={u32=25, u64=25}}, {events=EPOLLIN, data={u32=29, u64=29}}], 32, -1) = 2
[pid 87851] sendmsg(24, {msg_name=NULL, msg_namelen=0, msg_iov=[{iov_base="VALUE \21\20\20\20\20\20\20\20Q9TtvmBq3aynR9Dn74"..., iov_len=79}, {iov_base="Q9TtvmBq3aynR9Dn74PFxEixnUIV2mxS"..., iov_len=1026}, {iov_base="END\r\n", iov_len=5}], msg_iovlen=3, msg_controllen=0, msg_flags=0}, 0 <unfinished ...>
[pid 87854] <... read resumed>"get \21\360\26\20\20\20\20\20Q9TtvmBq3aynR9Dn74PF"..., 16384) = 70
[pid 87853] <... epoll_wait resumed>[{events=EPOLLIN, data={u32=30, u64=30}}, {events=EPOLLIN, data={u32=34, u64=34}}], 32, -1) = 2
[pid 87852] read(25,  <unfinished ...>
[pid 87851] <... sendmsg resumed>)      = 1110
[pid 87854] sendmsg(35, {msg_name=NULL, msg_namelen=0, msg_iov=[{iov_base="VALUE \21\360\26\20\20\20\20\20Q9TtvmBq3aynR9Dn74"..., iov_len=79}, {iov_base="Q9TtvmBq3aynR9Dn74PFxEixnUIV2mxS"..., iov_len=1026}, {iov_base="END\r\n", iov_len=5}], msg_iovlen=3, msg_controllen=0, msg_flags=0}, 0 <unfinished ...>
[pid 87853] read(30,  <unfinished ...>
[pid 87852] <... read resumed>"get \22\260\20\20\20\20\20\20YTnkVpK01VuJlarLVI4Q"..., 16384) = 70
[pid 87851] read(36,  <unfinished ...>
[pid 87854] <... sendmsg resumed>)      = 1110
[pid 87853] <... read resumed>"get \20\320\23\20\20\20\20\20aTaFSa0FvYxQ-BvH5TWU"..., 16384) = 70
[pid 87852] sendmsg(25, {msg_name=NULL, msg_namelen=0, msg_iov=[{iov_base="VALUE \22\260\20\20\20\20\20\20YTnkVpK01VuJlarLVI"..., iov_len=79}, {iov_base="YTnkVpK01VuJlarLVI4QpWfM8npRYHG4"..., iov_len=1026}, {iov_base="END\r\n", iov_len=5}], msg_iovlen=3, msg_controllen=0, msg_flags=0}, 0 <unfinished ...>
[pid 87851] <... read resumed>"get \21\220\27\20\20\20\20\20Q9TtvmBq3aynR9Dn74PF"..., 16384) = 70
[pid 87854] read(31,  <unfinished ...>
[pid 87853] sendmsg(30, {msg_name=NULL, msg_namelen=0, msg_iov=[{iov_base="VALUE \20\320\23\20\20\20\20\20aTaFSa0FvYxQ-BvH5T"..., iov_len=79}, {iov_base="aTaFSa0FvYxQ-BvH5TWUWzBXo5Yf.7.Y"..., iov_len=1026}, {iov_base="END\r\n", iov_len=5}], msg_iovlen=3, msg_controllen=0, msg_flags=0}, 0 <unfinished ...>
[pid 87852] <... sendmsg resumed>)      = 1110
[pid 87851] sendmsg(36, {msg_name=NULL, msg_namelen=0, msg_iov=[{iov_base="VALUE \21\220\27\20\20\20\20\20Q9TtvmBq3aynR9Dn74"..., iov_len=79}, {iov_base="Q9TtvmBq3aynR9Dn74PFxEixnUIV2mxS"..., iov_len=1026}, {iov_base="END\r\n", iov_len=5}], msg_iovlen=3, msg_controllen=0, msg_flags=0}, 0 <unfinished ...>
[pid 87854] <... read resumed>"get \20p\24\20\20\20\20\20aTaFSa0FvYxQ-BvH5TWU"..., 16384) = 70
[pid 87853] <... sendmsg resumed>)      = 1110
[pid 87852] read(29,  <unfinished ...>
[pid 87851] <... sendmsg resumed>)      = 1110
[pid 87854] sendmsg(31, {msg_name=NULL, msg_namelen=0, msg_iov=[{iov_base="VALUE \20p\24\20\20\20\20\20aTaFSa0FvYxQ-BvH5T"..., iov_len=79}, {iov_base="aTaFSa0FvYxQ-BvH5TWUWzBXo5Yf.7.Y"..., iov_len=1026}, {iov_base="END\r\n", iov_len=5}], msg_iovlen=3, msg_controllen=0, msg_flags=0}, 0 <unfinished ...>
[pid 87853] read(34,  <unfinished ...>
[pid 87852] <... read resumed>"get \0200\23\20\20\20\20\20aTaFSa0FvYxQ-BvH5TWU"..., 16384) = 70
[pid 87851] epoll_wait(7,  <unfinished ...>
[pid 87854] <... sendmsg resumed>)      = 1110
[pid 87853] <... read resumed>"get \23P\26\20\20\20\20\20waf8t6x1IbehXlKt1EJ8"..., 16384) = 70
[pid 87852] sendmsg(29, {msg_name=NULL, msg_namelen=0, msg_iov=[{iov_base="VALUE \0200\23\20\20\20\20\20aTaFSa0FvYxQ-BvH5T"..., iov_len=79}, {iov_base="aTaFSa0FvYxQ-BvH5TWUWzBXo5Yf.7.Y"..., iov_len=1026}, {iov_base="END\r\n", iov_len=5}], msg_iovlen=3, msg_controllen=0, msg_flags=0}, 0 <unfinished ...>
[pid 87851] <... epoll_wait resumed>[{events=EPOLLIN, data={u32=28, u64=28}}, {events=EPOLLIN, data={u32=24, u64=24}}, {events=EPOLLIN, data={u32=32, u64=32}}], 32, -1) = 3
[pid 87854] epoll_wait(19,  <unfinished ...>
[pid 87853] sendmsg(34, {msg_name=NULL, msg_namelen=0, msg_iov=[{iov_base="VALUE \23P\26\20\20\20\20\20waf8t6x1IbehXlKt1E"..., iov_len=79}, {iov_base="waf8t6x1IbehXlKt1EJ8xNjpLT3Hp-0k"..., iov_len=1026}, {iov_base="END\r\n", iov_len=5}], msg_iovlen=3, msg_controllen=0, msg_flags=0}, 0 <unfinished ...>
[pid 87852] <... sendmsg resumed>)      = 1110
[pid 87851] read(28,  <unfinished ...>
[pid 87854] <... epoll_wait resumed>[{events=EPOLLIN, data={u32=35, u64=35}}, {events=EPOLLIN, data={u32=31, u64=31}}, {events=EPOLLIN, data={u32=27, u64=27}}, {events=EPOLLIN, data={u32=39, u64=39}}], 32, -1) = 4
[pid 87853] <... sendmsg resumed>)      = 1110
[pid 87852] epoll_wait(11,  <unfinished ...>
[pid 87851] <... read resumed>"get \21\220\22\20\20\20\20\20Q9TtvmBq3aynR9Dn74PF"..., 16384) = 70
[pid 87854] read(35,  <unfinished ...>
[pid 87853] epoll_wait(15,  <unfinished ...>
[pid 87852] <... epoll_wait resumed>[{events=EPOLLIN, data={u32=25, u64=25}}, {events=EPOLLIN, data={u32=29, u64=29}}, {events=EPOLLIN, data={u32=33, u64=33}}, {events=EPOLLIN, data={u32=37, u64=37}}], 32, -1) = 4
[pid 87851] sendmsg(28, {msg_name=NULL, msg_namelen=0, msg_iov=[{iov_base="VALUE \21\220\22\20\20\20\20\20Q9TtvmBq3aynR9Dn74"..., iov_len=79}, {iov_base="Q9TtvmBq3aynR9Dn74PFxEixnUIV2mxS"..., iov_len=1026}, {iov_base="END\r\n", iov_len=5}], msg_iovlen=3, msg_controllen=0, msg_flags=0}, 0 <unfinished ...>
[pid 87854] <... read resumed>"get \20\360\26\20\20\20\20\20aTaFSa0FvYxQ-BvH5TWU"..., 16384) = 70
[pid 87853] <... epoll_wait resumed>[{events=EPOLLIN, data={u32=30, u64=30}}, {events=EPOLLIN, data={u32=34, u64=34}}, {events=EPOLLIN, data={u32=38, u64=38}}, {events=EPOLLIN, data={u32=26, u64=26}}], 32, -1) = 4
[pid 87852] read(25,  <unfinished ...>
[pid 87851] <... sendmsg resumed>)      = 1110
[pid 87854] sendmsg(35, {msg_name=NULL, msg_namelen=0, msg_iov=[{iov_base="VALUE \20\360\26\20\20\20\20\20aTaFSa0FvYxQ-BvH5T"..., iov_len=79}, {iov_base="aTaFSa0FvYxQ-BvH5TWUWzBXo5Yf.7.Y"..., iov_len=1026}, {iov_base="END\r\n", iov_len=5}], msg_iovlen=3, msg_controllen=0, msg_flags=0}, 0 <unfinished ...>
[pid 87853] read(30,  <unfinished ...>
[pid 87852] <... read resumed>"get \21\260\20\20\20\20\20\20Q9TtvmBq3aynR9Dn74PF"..., 16384) = 70
[pid 87851] read(24,  <unfinished ...>
[pid 87854] <... sendmsg resumed>)      = 1110
[pid 87853] <... read resumed>"set \24\320\23\20\20\20\20\20jaoHo9hd0IaUkKaBOOTU"..., 16384) = 1105
[pid 87852] sendmsg(25, {msg_name=NULL, msg_namelen=0, msg_iov=[{iov_base="VALUE \21\260\20\20\20\20\20\20Q9TtvmBq3aynR9Dn74"..., iov_len=79}, {iov_base="Q9TtvmBq3aynR9Dn74PFxEixnUIV2mxS"..., iov_len=1026}, {iov_base="END\r\n", iov_len=5}], msg_iovlen=3, msg_controllen=0, msg_flags=0}, 0 <unfinished ...>
[pid 87851] <... read resumed>"get \20\20\20\20\20\20\20\20aTaFSa0FvYxQ-BvH5TWU"..., 16384) = 70
[pid 87854] read(31,  <unfinished ...>
[pid 87853] sendmsg(30, {msg_name=NULL, msg_namelen=0, msg_iov=[{iov_base="STORED\r\n", iov_len=8}], msg_iovlen=1, msg_controllen=0, msg_flags=0}, 0 <unfinished ...>
[pid 87852] <... sendmsg resumed>)      = 1110
[pid 87851] sendmsg(24, {msg_name=NULL, msg_namelen=0, msg_iov=[{iov_base="VALUE \20\20\20\20\20\20\20\20aTaFSa0FvYxQ-BvH5T"..., iov_len=79}, {iov_base="aTaFSa0FvYxQ-BvH5TWUWzBXo5Yf.7.Y"..., iov_len=1026}, {iov_base="END\r\n", iov_len=5}], msg_iovlen=3, msg_controllen=0, msg_flags=0}, 0 <unfinished ...>
[pid 87854] <... read resumed>"get \20p\24\20\20\20\20\20aTaFSa0FvYxQ-BvH5TWU"..., 16384) = 70
[pid 87853] <... sendmsg resumed>)      = 8
[pid 87852] read(29,  <unfinished ...>
[pid 87851] <... sendmsg resumed>)      = 1110
[pid 87854] sendmsg(31, {msg_name=NULL, msg_namelen=0, msg_iov=[{iov_base="VALUE \20p\24\20\20\20\20\20aTaFSa0FvYxQ-BvH5T"..., iov_len=79}, {iov_base="aTaFSa0FvYxQ-BvH5TWUWzBXo5Yf.7.Y"..., iov_len=1026}, {iov_base="END\r\n", iov_len=5}], msg_iovlen=3, msg_controllen=0, msg_flags=0}, 0 <unfinished ...>
[pid 87853] read(34,  <unfinished ...>
[pid 87852] <... read resumed>"get \0210\23\20\20\20\20\20Q9TtvmBq3aynR9Dn74PF"..., 16384) = 70
[pid 87851] read(32,  <unfinished ...>
[pid 87854] <... sendmsg resumed>)      = 1110
[pid 87853] <... read resumed>"get \22P\26\20\20\20\20\20YTnkVpK01VuJlarLVI4Q"..., 16384) = 70
[pid 87852] sendmsg(29, {msg_name=NULL, msg_namelen=0, msg_iov=[{iov_base="VALUE \0210\23\20\20\20\20\20Q9TtvmBq3aynR9Dn74"..., iov_len=79}, {iov_base="Q9TtvmBq3aynR9Dn74PFxEixnUIV2mxS"..., iov_len=1026}, {iov_base="END\r\n", iov_len=5}], msg_iovlen=3, msg_controllen=0, msg_flags=0}, 0 <unfinished ...>
[pid 87851] <... read resumed>"get \20\20\25\20\20\20\20\20aTaFSa0FvYxQ-BvH5TWU"..., 16384) = 70
[pid 87854] read(27,  <unfinished ...>
[pid 87853] sendmsg(34, {msg_name=NULL, msg_namelen=0, msg_iov=[{iov_base="VALUE \22P\26\20\20\20\20\20YTnkVpK01VuJlarLVI"..., iov_len=79}, {iov_base="YTnkVpK01VuJlarLVI4QpWfM8npRYHG4"..., iov_len=1026}, {iov_base="END\r\n", iov_len=5}], msg_iovlen=3, msg_controllen=0, msg_flags=0}, 0 <unfinished ...>
[pid 87852] <... sendmsg resumed>)      = 1110
[pid 87851] sendmsg(32, {msg_name=NULL, msg_namelen=0, msg_iov=[{iov_base="VALUE \20\20\25\20\20\20\20\20aTaFSa0FvYxQ-BvH5T"..., iov_len=79}, {iov_base="aTaFSa0FvYxQ-BvH5TWUWzBXo5Yf.7.Y"..., iov_len=1026}, {iov_base="END\r\n", iov_len=5}], msg_iovlen=3, msg_controllen=0, msg_flags=0}, 0 <unfinished ...>
[pid 87854] <... read resumed>"get \21\360\21\20\20\20\20\20Q9TtvmBq3aynR9Dn74PF"..., 16384) = 70
[pid 87853] <... sendmsg resumed>)      = 1110
[pid 87852] read(33,  <unfinished ...>
[pid 87851] <... sendmsg resumed>)      = 1110
